[2026-05-28T04:00:01.158+0000] {local_task_job_runner.py:120} INFO - ::group::Pre task execution logs
[2026-05-28T04:00:01.245+0000] {taskinstance.py:2073} INFO - Dependencies all met for dep_context=non-requeueable deps ti=<TaskInstance: flight_pipeline.dbt_staging scheduled__2026-05-28T03:00:00+00:00 [queued]>
[2026-05-28T04:00:01.265+0000] {taskinstance.py:2073} INFO - Dependencies all met for dep_context=requeueable deps ti=<TaskInstance: flight_pipeline.dbt_staging scheduled__2026-05-28T03:00:00+00:00 [queued]>
[2026-05-28T04:00:01.266+0000] {taskinstance.py:2303} INFO - Starting attempt 1 of 2
[2026-05-28T04:00:01.293+0000] {taskinstance.py:2327} INFO - Executing <Task(BashOperator): dbt_staging> on 2026-05-28 03:00:00+00:00
[2026-05-28T04:00:01.310+0000] {standard_task_runner.py:90} INFO - Running: ['airflow', 'tasks', 'run', 'flight_pipeline', 'dbt_staging', 'scheduled__2026-05-28T03:00:00+00:00', '--job-id', '31', '--raw', '--subdir', 'DAGS_FOLDER/flight_pipeline.py', '--cfg-path', '/tmp/tmpo9bqa8s3']
[2026-05-28T04:00:01.315+0000] {logging_mixin.py:188} WARNING - /home/airflow/.local/lib/python3.12/site-packages/airflow/task/task_runner/standard_task_runner.py:61 DeprecationWarning: This process (pid=3639) is multi-threaded, use of fork() may lead to deadlocks in the child.
[2026-05-28T04:00:01.371+0000] {standard_task_runner.py:91} INFO - Job 31: Subtask dbt_staging
[2026-05-28T04:00:01.394+0000] {standard_task_runner.py:63} INFO - Started process 3640 to run task
[2026-05-28T04:00:01.585+0000] {task_command.py:426} INFO - Running <TaskInstance: flight_pipeline.dbt_staging scheduled__2026-05-28T03:00:00+00:00 [running]> on host 9830577f4a13
[2026-05-28T04:00:01.769+0000] {taskinstance.py:2644} INFO - Exporting env vars: AIRFLOW_CTX_DAG_OWNER='flight-pulse' AIRFLOW_CTX_DAG_ID='flight_pipeline' AIRFLOW_CTX_TASK_ID='dbt_staging' AIRFLOW_CTX_EXECUTION_DATE='2026-05-28T03:00:00+00:00' AIRFLOW_CTX_TRY_NUMBER='1' AIRFLOW_CTX_DAG_RUN_ID='scheduled__2026-05-28T03:00:00+00:00'
[2026-05-28T04:00:01.770+0000] {taskinstance.py:430} INFO - ::endgroup::
[2026-05-28T04:00:01.800+0000] {subprocess.py:63} INFO - Tmp dir root location: /tmp
[2026-05-28T04:00:01.804+0000] {subprocess.py:75} INFO - Running command: ['/usr/bin/bash', '-c', 'docker exec dbt dbt run --select staging']
[2026-05-28T04:00:01.828+0000] {subprocess.py:86} INFO - Output:
[2026-05-28T04:00:04.683+0000] {subprocess.py:93} INFO - [0m04:00:04  Running with dbt=1.12.0-b1
[2026-05-28T04:00:05.007+0000] {subprocess.py:93} INFO - [0m04:00:05  Registered adapter: postgres=1.10.0
[2026-05-28T04:00:05.581+0000] {subprocess.py:93} INFO - [0m04:00:05  Found 6 models, 475 macros
[2026-05-28T04:00:05.587+0000] {subprocess.py:93} INFO - [0m04:00:05
[2026-05-28T04:00:05.588+0000] {subprocess.py:93} INFO - [0m04:00:05  Concurrency: 1 threads (target='dev')
[2026-05-28T04:00:05.590+0000] {subprocess.py:93} INFO - [0m04:00:05
[2026-05-28T04:00:05.885+0000] {subprocess.py:93} INFO - [0m04:00:05  1 of 1 START sql view model public.stg_flights ................................. [RUN]
[2026-05-28T04:00:06.077+0000] {subprocess.py:93} INFO - [0m04:00:06  1 of 1 OK created sql view model public.stg_flights ............................ [[32mCREATE VIEW[0m in 0.19s]
[2026-05-28T04:00:06.101+0000] {subprocess.py:93} INFO - [0m04:00:06
[2026-05-28T04:00:06.102+0000] {subprocess.py:93} INFO - [0m04:00:06  Finished running 1 view model in 0 hours 0 minutes and 0.51 seconds (0.51s).
[2026-05-28T04:00:06.184+0000] {subprocess.py:93} INFO - [0m04:00:06
[2026-05-28T04:00:06.185+0000] {subprocess.py:93} INFO - [0m04:00:06  [32mCompleted successfully[0m
[2026-05-28T04:00:06.187+0000] {subprocess.py:93} INFO - [0m04:00:06
[2026-05-28T04:00:06.188+0000] {subprocess.py:93} INFO - [0m04:00:06  Done. PASS=1 WARN=0 ERROR=0 SKIP=0 NO-OP=0 TOTAL=1
[2026-05-28T04:00:07.282+0000] {subprocess.py:97} INFO - Command exited with return code 0
[2026-05-28T04:00:07.284+0000] {taskinstance.py:441} INFO - ::group::Post task execution logs
[2026-05-28T04:00:07.325+0000] {taskinstance.py:1205} INFO - Marking task as SUCCESS. dag_id=flight_pipeline, task_id=dbt_staging, execution_date=20260528T030000, start_date=20260528T040001, end_date=20260528T040007
[2026-05-28T04:00:07.387+0000] {local_task_job_runner.py:240} INFO - Task exited with return code 0
[2026-05-28T04:00:07.427+0000] {taskinstance.py:3482} INFO - 1 downstream tasks scheduled from follow-on schedule check
[2026-05-28T04:00:07.430+0000] {local_task_job_runner.py:222} INFO - ::endgroup::
