[2026-05-27T05:12:04.275+0000] {local_task_job_runner.py:120} INFO - ::group::Pre task execution logs
[2026-05-27T05:12:04.315+0000] {taskinstance.py:2073} INFO - Dependencies all met for dep_context=non-requeueable deps ti=<TaskInstance: flight_pipeline.dbt_marts manual__2026-05-27T05:11:52.800723+00:00 [queued]>
[2026-05-27T05:12:04.324+0000] {taskinstance.py:2073} INFO - Dependencies all met for dep_context=requeueable deps ti=<TaskInstance: flight_pipeline.dbt_marts manual__2026-05-27T05:11:52.800723+00:00 [queued]>
[2026-05-27T05:12:04.325+0000] {taskinstance.py:2303} INFO - Starting attempt 1 of 2
[2026-05-27T05:12:04.340+0000] {taskinstance.py:2327} INFO - Executing <Task(BashOperator): dbt_marts> on 2026-05-27 05:11:52.800723+00:00
[2026-05-27T05:12:04.354+0000] {standard_task_runner.py:90} INFO - Running: ['airflow', 'tasks', 'run', 'flight_pipeline', 'dbt_marts', 'manual__2026-05-27T05:11:52.800723+00:00', '--job-id', '7', '--raw', '--subdir', 'DAGS_FOLDER/flight_pipeline.py', '--cfg-path', '/tmp/tmpyyucourh']
[2026-05-27T05:12:04.357+0000] {standard_task_runner.py:91} INFO - Job 7: Subtask dbt_marts
[2026-05-27T05:12:04.358+0000] {logging_mixin.py:188} WARNING - /home/airflow/.local/lib/python3.12/site-packages/airflow/task/task_runner/standard_task_runner.py:61 DeprecationWarning: This process (pid=327) is multi-threaded, use of fork() may lead to deadlocks in the child.
[2026-05-27T05:12:04.361+0000] {standard_task_runner.py:63} INFO - Started process 328 to run task
[2026-05-27T05:12:04.422+0000] {task_command.py:426} INFO - Running <TaskInstance: flight_pipeline.dbt_marts manual__2026-05-27T05:11:52.800723+00:00 [running]> on host 9830577f4a13
[2026-05-27T05:12:04.530+0000] {taskinstance.py:2644} INFO - Exporting env vars: AIRFLOW_CTX_DAG_OWNER='flight-pulse' AIRFLOW_CTX_DAG_ID='flight_pipeline' AIRFLOW_CTX_TASK_ID='dbt_marts' AIRFLOW_CTX_EXECUTION_DATE='2026-05-27T05:11:52.800723+00:00' AIRFLOW_CTX_TRY_NUMBER='1' AIRFLOW_CTX_DAG_RUN_ID='manual__2026-05-27T05:11:52.800723+00:00'
[2026-05-27T05:12:04.531+0000] {taskinstance.py:430} INFO - ::endgroup::
[2026-05-27T05:12:04.552+0000] {subprocess.py:63} INFO - Tmp dir root location: /tmp
[2026-05-27T05:12:04.554+0000] {subprocess.py:75} INFO - Running command: ['/usr/bin/bash', '-c', 'docker exec dbt dbt run --select marts']
[2026-05-27T05:12:04.570+0000] {subprocess.py:86} INFO - Output:
[2026-05-27T05:12:06.172+0000] {subprocess.py:93} INFO - [0m05:12:06  Running with dbt=1.12.0-b1
[2026-05-27T05:12:06.448+0000] {subprocess.py:93} INFO - [0m05:12:06  Registered adapter: postgres=1.10.0
[2026-05-27T05:12:06.869+0000] {subprocess.py:93} INFO - [0m05:12:06  Found 6 models, 475 macros
[2026-05-27T05:12:06.872+0000] {subprocess.py:93} INFO - [0m05:12:06
[2026-05-27T05:12:06.873+0000] {subprocess.py:93} INFO - [0m05:12:06  Concurrency: 1 threads (target='dev')
[2026-05-27T05:12:06.874+0000] {subprocess.py:93} INFO - [0m05:12:06
[2026-05-27T05:12:07.049+0000] {subprocess.py:93} INFO - [0m05:12:07  1 of 4 START sql table model public.mart_altitude_stats ........................ [RUN]
[2026-05-27T05:12:07.556+0000] {subprocess.py:93} INFO - [0m05:12:07  1 of 4 OK created sql table model public.mart_altitude_stats ................... [[32mSELECT 278[0m in 0.50s]
[2026-05-27T05:12:07.559+0000] {subprocess.py:93} INFO - [0m05:12:07  2 of 4 START sql table model public.mart_flights_by_country .................... [RUN]
[2026-05-27T05:12:08.029+0000] {subprocess.py:93} INFO - [0m05:12:08  2 of 4 OK created sql table model public.mart_flights_by_country ............... [[32mSELECT 110[0m in 0.47s]
[2026-05-27T05:12:08.032+0000] {subprocess.py:93} INFO - [0m05:12:08  3 of 4 START sql table model public.mart_flights_by_hour ....................... [RUN]
[2026-05-27T05:12:08.640+0000] {subprocess.py:93} INFO - [0m05:12:08  3 of 4 OK created sql table model public.mart_flights_by_hour .................. [[32mSELECT 2[0m in 0.60s]
[2026-05-27T05:12:08.643+0000] {subprocess.py:93} INFO - [0m05:12:08  4 of 4 START sql table model public.mart_top_airlines .......................... [RUN]
[2026-05-27T05:12:09.538+0000] {subprocess.py:93} INFO - [0m05:12:09  4 of 4 OK created sql table model public.mart_top_airlines ..................... [[32mSELECT 50[0m in 0.89s]
[2026-05-27T05:12:09.554+0000] {subprocess.py:93} INFO - [0m05:12:09
[2026-05-27T05:12:09.554+0000] {subprocess.py:93} INFO - [0m05:12:09  Finished running 4 table models in 0 hours 0 minutes and 2.68 seconds (2.68s).
[2026-05-27T05:12:09.616+0000] {subprocess.py:93} INFO - [0m05:12:09
[2026-05-27T05:12:09.617+0000] {subprocess.py:93} INFO - [0m05:12:09  [32mCompleted successfully[0m
[2026-05-27T05:12:09.617+0000] {subprocess.py:93} INFO - [0m05:12:09
[2026-05-27T05:12:09.618+0000] {subprocess.py:93} INFO - [0m05:12:09  Done. PASS=4 WARN=0 ERROR=0 SKIP=0 NO-OP=0 TOTAL=4
[2026-05-27T05:12:10.862+0000] {subprocess.py:97} INFO - Command exited with return code 0
[2026-05-27T05:12:10.863+0000] {taskinstance.py:441} INFO - ::group::Post task execution logs
[2026-05-27T05:12:10.901+0000] {taskinstance.py:1205} INFO - Marking task as SUCCESS. dag_id=flight_pipeline, task_id=dbt_marts, execution_date=20260527T051152, start_date=20260527T051204, end_date=20260527T051210
[2026-05-27T05:12:10.959+0000] {local_task_job_runner.py:240} INFO - Task exited with return code 0
[2026-05-27T05:12:10.973+0000] {taskinstance.py:3482} INFO - 0 downstream tasks scheduled from follow-on schedule check
[2026-05-27T05:12:10.975+0000] {local_task_job_runner.py:222} INFO - ::endgroup::
