[2026-05-27T22:30:32.756+0000] {local_task_job_runner.py:120} INFO - ::group::Pre task execution logs
[2026-05-27T22:30:32.785+0000] {taskinstance.py:2073} INFO - Dependencies all met for dep_context=non-requeueable deps ti=<TaskInstance: flight_pipeline.dbt_intermediate scheduled__2026-05-27T05:00:00+00:00 [queued]>
[2026-05-27T22:30:32.795+0000] {taskinstance.py:2073} INFO - Dependencies all met for dep_context=requeueable deps ti=<TaskInstance: flight_pipeline.dbt_intermediate scheduled__2026-05-27T05:00:00+00:00 [queued]>
[2026-05-27T22:30:32.795+0000] {taskinstance.py:2303} INFO - Starting attempt 1 of 2
[2026-05-27T22:30:32.809+0000] {taskinstance.py:2327} INFO - Executing <Task(BashOperator): dbt_intermediate> on 2026-05-27 05:00:00+00:00
[2026-05-27T22:30:32.818+0000] {standard_task_runner.py:90} INFO - Running: ['airflow', 'tasks', 'run', 'flight_pipeline', 'dbt_intermediate', 'scheduled__2026-05-27T05:00:00+00:00', '--job-id', '11', '--raw', '--subdir', 'DAGS_FOLDER/flight_pipeline.py', '--cfg-path', '/tmp/tmpwj3gqpjs']
[2026-05-27T22:30:32.821+0000] {standard_task_runner.py:91} INFO - Job 11: Subtask dbt_intermediate
[2026-05-27T22:30:32.820+0000] {logging_mixin.py:188} WARNING - /home/airflow/.local/lib/python3.12/site-packages/airflow/task/task_runner/standard_task_runner.py:61 DeprecationWarning: This process (pid=196) is multi-threaded, use of fork() may lead to deadlocks in the child.
[2026-05-27T22:30:32.821+0000] {standard_task_runner.py:63} INFO - Started process 197 to run task
[2026-05-27T22:30:32.877+0000] {task_command.py:426} INFO - Running <TaskInstance: flight_pipeline.dbt_intermediate scheduled__2026-05-27T05:00:00+00:00 [running]> on host 9830577f4a13
[2026-05-27T22:30:32.972+0000] {taskinstance.py:2644} INFO - Exporting env vars: AIRFLOW_CTX_DAG_OWNER='flight-pulse' AIRFLOW_CTX_DAG_ID='flight_pipeline' AIRFLOW_CTX_TASK_ID='dbt_intermediate' AIRFLOW_CTX_EXECUTION_DATE='2026-05-27T05:00:00+00:00' AIRFLOW_CTX_TRY_NUMBER='1' AIRFLOW_CTX_DAG_RUN_ID='scheduled__2026-05-27T05:00:00+00:00'
[2026-05-27T22:30:32.973+0000] {taskinstance.py:430} INFO - ::endgroup::
[2026-05-27T22:30:32.987+0000] {subprocess.py:63} INFO - Tmp dir root location: /tmp
[2026-05-27T22:30:32.989+0000] {subprocess.py:75} INFO - Running command: ['/usr/bin/bash', '-c', 'docker exec dbt dbt run --select intermediate']
[2026-05-27T22:30:33.004+0000] {subprocess.py:86} INFO - Output:
[2026-05-27T22:30:34.640+0000] {subprocess.py:93} INFO - [0m22:30:34  Running with dbt=1.12.0-b1
[2026-05-27T22:30:34.836+0000] {subprocess.py:93} INFO - [0m22:30:34  Registered adapter: postgres=1.10.0
[2026-05-27T22:30:35.226+0000] {subprocess.py:93} INFO - [0m22:30:35  Found 6 models, 475 macros
[2026-05-27T22:30:35.230+0000] {subprocess.py:93} INFO - [0m22:30:35
[2026-05-27T22:30:35.230+0000] {subprocess.py:93} INFO - [0m22:30:35  Concurrency: 1 threads (target='dev')
[2026-05-27T22:30:35.231+0000] {subprocess.py:93} INFO - [0m22:30:35
[2026-05-27T22:30:35.378+0000] {subprocess.py:93} INFO - [0m22:30:35  1 of 1 START sql view model public.int_flights_cleaned ......................... [RUN]
[2026-05-27T22:30:35.497+0000] {subprocess.py:93} INFO - [0m22:30:35  1 of 1 OK created sql view model public.int_flights_cleaned .................... [[32mCREATE VIEW[0m in 0.12s]
[2026-05-27T22:30:35.512+0000] {subprocess.py:93} INFO - [0m22:30:35
[2026-05-27T22:30:35.512+0000] {subprocess.py:93} INFO - [0m22:30:35  Finished running 1 view model in 0 hours 0 minutes and 0.28 seconds (0.28s).
[2026-05-27T22:30:35.567+0000] {subprocess.py:93} INFO - [0m22:30:35
[2026-05-27T22:30:35.568+0000] {subprocess.py:93} INFO - [0m22:30:35  [32mCompleted successfully[0m
[2026-05-27T22:30:35.569+0000] {subprocess.py:93} INFO - [0m22:30:35
[2026-05-27T22:30:35.570+0000] {subprocess.py:93} INFO - [0m22:30:35  Done. PASS=1 WARN=0 ERROR=0 SKIP=0 NO-OP=0 TOTAL=1
[2026-05-27T22:30:36.131+0000] {subprocess.py:97} INFO - Command exited with return code 0
[2026-05-27T22:30:36.132+0000] {taskinstance.py:441} INFO - ::group::Post task execution logs
[2026-05-27T22:30:36.152+0000] {taskinstance.py:1205} INFO - Marking task as SUCCESS. dag_id=flight_pipeline, task_id=dbt_intermediate, execution_date=20260527T050000, start_date=20260527T223032, end_date=20260527T223036
[2026-05-27T22:30:36.205+0000] {local_task_job_runner.py:240} INFO - Task exited with return code 0
[2026-05-27T22:30:36.222+0000] {taskinstance.py:3482} INFO - 1 downstream tasks scheduled from follow-on schedule check
[2026-05-27T22:30:36.223+0000] {local_task_job_runner.py:222} INFO - ::endgroup::
