[2026-05-28T05:00:05.836+0000] {local_task_job_runner.py:120} INFO - ::group::Pre task execution logs
[2026-05-28T05:00:05.864+0000] {taskinstance.py:2073} INFO - Dependencies all met for dep_context=non-requeueable deps ti=<TaskInstance: flight_pipeline.dbt_intermediate scheduled__2026-05-28T04:00:00+00:00 [queued]>
[2026-05-28T05:00:05.870+0000] {taskinstance.py:2073} INFO - Dependencies all met for dep_context=requeueable deps ti=<TaskInstance: flight_pipeline.dbt_intermediate scheduled__2026-05-28T04:00:00+00:00 [queued]>
[2026-05-28T05:00:05.870+0000] {taskinstance.py:2303} INFO - Starting attempt 1 of 2
[2026-05-28T05:00:05.882+0000] {taskinstance.py:2327} INFO - Executing <Task(BashOperator): dbt_intermediate> on 2026-05-28 04:00:00+00:00
[2026-05-28T05:00:05.889+0000] {standard_task_runner.py:90} INFO - Running: ['airflow', 'tasks', 'run', 'flight_pipeline', 'dbt_intermediate', 'scheduled__2026-05-28T04:00:00+00:00', '--job-id', '35', '--raw', '--subdir', 'DAGS_FOLDER/flight_pipeline.py', '--cfg-path', '/tmp/tmpmwhlf7zh']
[2026-05-28T05:00:05.892+0000] {standard_task_runner.py:91} INFO - Job 35: Subtask dbt_intermediate
[2026-05-28T05:00:05.892+0000] {logging_mixin.py:188} WARNING - /home/airflow/.local/lib/python3.12/site-packages/airflow/task/task_runner/standard_task_runner.py:61 DeprecationWarning: This process (pid=4268) is multi-threaded, use of fork() may lead to deadlocks in the child.
[2026-05-28T05:00:05.893+0000] {standard_task_runner.py:63} INFO - Started process 4269 to run task
[2026-05-28T05:00:05.939+0000] {task_command.py:426} INFO - Running <TaskInstance: flight_pipeline.dbt_intermediate scheduled__2026-05-28T04:00:00+00:00 [running]> on host 9830577f4a13
[2026-05-28T05:00:06.021+0000] {taskinstance.py:2644} INFO - Exporting env vars: AIRFLOW_CTX_DAG_OWNER='flight-pulse' AIRFLOW_CTX_DAG_ID='flight_pipeline' AIRFLOW_CTX_TASK_ID='dbt_intermediate' AIRFLOW_CTX_EXECUTION_DATE='2026-05-28T04:00:00+00:00' AIRFLOW_CTX_TRY_NUMBER='1' AIRFLOW_CTX_DAG_RUN_ID='scheduled__2026-05-28T04:00:00+00:00'
[2026-05-28T05:00:06.022+0000] {taskinstance.py:430} INFO - ::endgroup::
[2026-05-28T05:00:06.034+0000] {subprocess.py:63} INFO - Tmp dir root location: /tmp
[2026-05-28T05:00:06.036+0000] {subprocess.py:75} INFO - Running command: ['/usr/bin/bash', '-c', 'docker exec dbt dbt run --select intermediate']
[2026-05-28T05:00:06.046+0000] {subprocess.py:86} INFO - Output:
[2026-05-28T05:00:07.358+0000] {subprocess.py:93} INFO - [0m05:00:07  Running with dbt=1.12.0-b1
[2026-05-28T05:00:07.543+0000] {subprocess.py:93} INFO - [0m05:00:07  Registered adapter: postgres=1.10.0
[2026-05-28T05:00:07.922+0000] {subprocess.py:93} INFO - [0m05:00:07  Found 6 models, 475 macros
[2026-05-28T05:00:07.925+0000] {subprocess.py:93} INFO - [0m05:00:07
[2026-05-28T05:00:07.926+0000] {subprocess.py:93} INFO - [0m05:00:07  Concurrency: 1 threads (target='dev')
[2026-05-28T05:00:07.927+0000] {subprocess.py:93} INFO - [0m05:00:07
[2026-05-28T05:00:08.068+0000] {subprocess.py:93} INFO - [0m05:00:08  1 of 1 START sql view model public.int_flights_cleaned ......................... [RUN]
[2026-05-28T05:00:08.183+0000] {subprocess.py:93} INFO - [0m05:00:08  1 of 1 OK created sql view model public.int_flights_cleaned .................... [[32mCREATE VIEW[0m in 0.11s]
[2026-05-28T05:00:08.197+0000] {subprocess.py:93} INFO - [0m05:00:08
[2026-05-28T05:00:08.198+0000] {subprocess.py:93} INFO - [0m05:00:08  Finished running 1 view model in 0 hours 0 minutes and 0.27 seconds (0.27s).
[2026-05-28T05:00:08.250+0000] {subprocess.py:93} INFO - [0m05:00:08
[2026-05-28T05:00:08.251+0000] {subprocess.py:93} INFO - [0m05:00:08  [32mCompleted successfully[0m
[2026-05-28T05:00:08.252+0000] {subprocess.py:93} INFO - [0m05:00:08
[2026-05-28T05:00:08.253+0000] {subprocess.py:93} INFO - [0m05:00:08  Done. PASS=1 WARN=0 ERROR=0 SKIP=0 NO-OP=0 TOTAL=1
[2026-05-28T05:00:08.955+0000] {subprocess.py:97} INFO - Command exited with return code 0
[2026-05-28T05:00:08.957+0000] {taskinstance.py:441} INFO - ::group::Post task execution logs
[2026-05-28T05:00:08.981+0000] {taskinstance.py:1205} INFO - Marking task as SUCCESS. dag_id=flight_pipeline, task_id=dbt_intermediate, execution_date=20260528T040000, start_date=20260528T050005, end_date=20260528T050008
[2026-05-28T05:00:09.037+0000] {local_task_job_runner.py:240} INFO - Task exited with return code 0
[2026-05-28T05:00:09.058+0000] {taskinstance.py:3482} INFO - 1 downstream tasks scheduled from follow-on schedule check
[2026-05-28T05:00:09.061+0000] {local_task_job_runner.py:222} INFO - ::endgroup::
