[2026-05-27T23:00:04.507+0000] {local_task_job_runner.py:120} INFO - ::group::Pre task execution logs
[2026-05-27T23:00:04.537+0000] {taskinstance.py:2073} INFO - Dependencies all met for dep_context=non-requeueable deps ti=<TaskInstance: flight_pipeline.dbt_intermediate scheduled__2026-05-27T22:00:00+00:00 [queued]>
[2026-05-27T23:00:04.546+0000] {taskinstance.py:2073} INFO - Dependencies all met for dep_context=requeueable deps ti=<TaskInstance: flight_pipeline.dbt_intermediate scheduled__2026-05-27T22:00:00+00:00 [queued]>
[2026-05-27T23:00:04.547+0000] {taskinstance.py:2303} INFO - Starting attempt 1 of 2
[2026-05-27T23:00:04.559+0000] {taskinstance.py:2327} INFO - Executing <Task(BashOperator): dbt_intermediate> on 2026-05-27 22:00:00+00:00
[2026-05-27T23:00:04.567+0000] {standard_task_runner.py:90} INFO - Running: ['airflow', 'tasks', 'run', 'flight_pipeline', 'dbt_intermediate', 'scheduled__2026-05-27T22:00:00+00:00', '--job-id', '17', '--raw', '--subdir', 'DAGS_FOLDER/flight_pipeline.py', '--cfg-path', '/tmp/tmpqgdjt_f6']
[2026-05-27T23:00:04.570+0000] {standard_task_runner.py:91} INFO - Job 17: Subtask dbt_intermediate
[2026-05-27T23:00:04.571+0000] {logging_mixin.py:188} WARNING - /home/airflow/.local/lib/python3.12/site-packages/airflow/task/task_runner/standard_task_runner.py:61 DeprecationWarning: This process (pid=541) is multi-threaded, use of fork() may lead to deadlocks in the child.
[2026-05-27T23:00:04.572+0000] {standard_task_runner.py:63} INFO - Started process 542 to run task
[2026-05-27T23:00:04.625+0000] {task_command.py:426} INFO - Running <TaskInstance: flight_pipeline.dbt_intermediate scheduled__2026-05-27T22:00:00+00:00 [running]> on host 9830577f4a13
[2026-05-27T23:00:04.708+0000] {taskinstance.py:2644} INFO - Exporting env vars: AIRFLOW_CTX_DAG_OWNER='flight-pulse' AIRFLOW_CTX_DAG_ID='flight_pipeline' AIRFLOW_CTX_TASK_ID='dbt_intermediate' AIRFLOW_CTX_EXECUTION_DATE='2026-05-27T22:00:00+00:00' AIRFLOW_CTX_TRY_NUMBER='1' AIRFLOW_CTX_DAG_RUN_ID='scheduled__2026-05-27T22:00:00+00:00'
[2026-05-27T23:00:04.709+0000] {taskinstance.py:430} INFO - ::endgroup::
[2026-05-27T23:00:04.722+0000] {subprocess.py:63} INFO - Tmp dir root location: /tmp
[2026-05-27T23:00:04.724+0000] {subprocess.py:75} INFO - Running command: ['/usr/bin/bash', '-c', 'docker exec dbt dbt run --select intermediate']
[2026-05-27T23:00:04.735+0000] {subprocess.py:86} INFO - Output:
[2026-05-27T23:00:06.329+0000] {subprocess.py:93} INFO - [0m23:00:06  Running with dbt=1.12.0-b1
[2026-05-27T23:00:06.524+0000] {subprocess.py:93} INFO - [0m23:00:06  Registered adapter: postgres=1.10.0
[2026-05-27T23:00:06.929+0000] {subprocess.py:93} INFO - [0m23:00:06  Found 6 models, 475 macros
[2026-05-27T23:00:06.933+0000] {subprocess.py:93} INFO - [0m23:00:06
[2026-05-27T23:00:06.934+0000] {subprocess.py:93} INFO - [0m23:00:06  Concurrency: 1 threads (target='dev')
[2026-05-27T23:00:06.935+0000] {subprocess.py:93} INFO - [0m23:00:06
[2026-05-27T23:00:07.096+0000] {subprocess.py:93} INFO - [0m23:00:07  1 of 1 START sql view model public.int_flights_cleaned ......................... [RUN]
[2026-05-27T23:00:07.200+0000] {subprocess.py:93} INFO - [0m23:00:07  1 of 1 OK created sql view model public.int_flights_cleaned .................... [[32mCREATE VIEW[0m in 0.10s]
[2026-05-27T23:00:07.217+0000] {subprocess.py:93} INFO - [0m23:00:07
[2026-05-27T23:00:07.217+0000] {subprocess.py:93} INFO - [0m23:00:07  Finished running 1 view model in 0 hours 0 minutes and 0.28 seconds (0.28s).
[2026-05-27T23:00:07.276+0000] {subprocess.py:93} INFO - [0m23:00:07
[2026-05-27T23:00:07.277+0000] {subprocess.py:93} INFO - [0m23:00:07  [32mCompleted successfully[0m
[2026-05-27T23:00:07.278+0000] {subprocess.py:93} INFO - [0m23:00:07
[2026-05-27T23:00:07.279+0000] {subprocess.py:93} INFO - [0m23:00:07  Done. PASS=1 WARN=0 ERROR=0 SKIP=0 NO-OP=0 TOTAL=1
[2026-05-27T23:00:08.209+0000] {subprocess.py:97} INFO - Command exited with return code 0
[2026-05-27T23:00:08.211+0000] {taskinstance.py:441} INFO - ::group::Post task execution logs
[2026-05-27T23:00:08.237+0000] {taskinstance.py:1205} INFO - Marking task as SUCCESS. dag_id=flight_pipeline, task_id=dbt_intermediate, execution_date=20260527T220000, start_date=20260527T230004, end_date=20260527T230008
[2026-05-27T23:00:08.275+0000] {local_task_job_runner.py:240} INFO - Task exited with return code 0
[2026-05-27T23:00:08.295+0000] {taskinstance.py:3482} INFO - 1 downstream tasks scheduled from follow-on schedule check
[2026-05-27T23:00:08.298+0000] {local_task_job_runner.py:222} INFO - ::endgroup::
