[2026-05-28T07:00:10.402+0000] {local_task_job_runner.py:120} INFO - ::group::Pre task execution logs
[2026-05-28T07:00:10.433+0000] {taskinstance.py:2073} INFO - Dependencies all met for dep_context=non-requeueable deps ti=<TaskInstance: flight_pipeline.dbt_marts scheduled__2026-05-28T06:00:00+00:00 [queued]>
[2026-05-28T07:00:10.441+0000] {taskinstance.py:2073} INFO - Dependencies all met for dep_context=requeueable deps ti=<TaskInstance: flight_pipeline.dbt_marts scheduled__2026-05-28T06:00:00+00:00 [queued]>
[2026-05-28T07:00:10.442+0000] {taskinstance.py:2303} INFO - Starting attempt 1 of 2
[2026-05-28T07:00:10.452+0000] {taskinstance.py:2327} INFO - Executing <Task(BashOperator): dbt_marts> on 2026-05-28 06:00:00+00:00
[2026-05-28T07:00:10.463+0000] {standard_task_runner.py:90} INFO - Running: ['airflow', 'tasks', 'run', 'flight_pipeline', 'dbt_marts', 'scheduled__2026-05-28T06:00:00+00:00', '--job-id', '42', '--raw', '--subdir', 'DAGS_FOLDER/flight_pipeline.py', '--cfg-path', '/tmp/tmptj886nhd']
[2026-05-28T07:00:10.465+0000] {standard_task_runner.py:91} INFO - Job 42: Subtask dbt_marts
[2026-05-28T07:00:10.465+0000] {logging_mixin.py:188} WARNING - /home/airflow/.local/lib/python3.12/site-packages/airflow/task/task_runner/standard_task_runner.py:61 DeprecationWarning: This process (pid=5505) is multi-threaded, use of fork() may lead to deadlocks in the child.
[2026-05-28T07:00:10.466+0000] {standard_task_runner.py:63} INFO - Started process 5506 to run task
[2026-05-28T07:00:10.518+0000] {task_command.py:426} INFO - Running <TaskInstance: flight_pipeline.dbt_marts scheduled__2026-05-28T06:00:00+00:00 [running]> on host 9830577f4a13
[2026-05-28T07:00:10.605+0000] {taskinstance.py:2644} INFO - Exporting env vars: AIRFLOW_CTX_DAG_OWNER='flight-pulse' AIRFLOW_CTX_DAG_ID='flight_pipeline' AIRFLOW_CTX_TASK_ID='dbt_marts' AIRFLOW_CTX_EXECUTION_DATE='2026-05-28T06:00:00+00:00' AIRFLOW_CTX_TRY_NUMBER='1' AIRFLOW_CTX_DAG_RUN_ID='scheduled__2026-05-28T06:00:00+00:00'
[2026-05-28T07:00:10.607+0000] {taskinstance.py:430} INFO - ::endgroup::
[2026-05-28T07:00:10.621+0000] {subprocess.py:63} INFO - Tmp dir root location: /tmp
[2026-05-28T07:00:10.623+0000] {subprocess.py:75} INFO - Running command: ['/usr/bin/bash', '-c', 'docker exec dbt dbt run --select marts']
[2026-05-28T07:00:10.637+0000] {subprocess.py:86} INFO - Output:
[2026-05-28T07:00:12.184+0000] {subprocess.py:93} INFO - [0m07:00:12  Running with dbt=1.12.0-b1
[2026-05-28T07:00:12.408+0000] {subprocess.py:93} INFO - [0m07:00:12  Registered adapter: postgres=1.10.0
[2026-05-28T07:00:12.879+0000] {subprocess.py:93} INFO - [0m07:00:12  Found 6 models, 475 macros
[2026-05-28T07:00:12.882+0000] {subprocess.py:93} INFO - [0m07:00:12
[2026-05-28T07:00:12.883+0000] {subprocess.py:93} INFO - [0m07:00:12  Concurrency: 1 threads (target='dev')
[2026-05-28T07:00:12.884+0000] {subprocess.py:93} INFO - [0m07:00:12
[2026-05-28T07:00:13.092+0000] {subprocess.py:93} INFO - [0m07:00:13  1 of 4 START sql table model public.mart_altitude_stats ........................ [RUN]
[2026-05-28T07:00:14.116+0000] {subprocess.py:93} INFO - [0m07:00:14  1 of 4 OK created sql table model public.mart_altitude_stats ................... [[32mSELECT 306[0m in 1.02s]
[2026-05-28T07:00:14.119+0000] {subprocess.py:93} INFO - [0m07:00:14  2 of 4 START sql table model public.mart_flights_by_country .................... [RUN]
[2026-05-28T07:00:14.859+0000] {subprocess.py:93} INFO - [0m07:00:14  2 of 4 OK created sql table model public.mart_flights_by_country ............... [[32mSELECT 115[0m in 0.74s]
[2026-05-28T07:00:14.861+0000] {subprocess.py:93} INFO - [0m07:00:14  3 of 4 START sql table model public.mart_flights_by_hour ....................... [RUN]
[2026-05-28T07:00:15.861+0000] {subprocess.py:93} INFO - [0m07:00:15  3 of 4 OK created sql table model public.mart_flights_by_hour .................. [[32mSELECT 3[0m in 0.99s]
[2026-05-28T07:00:15.864+0000] {subprocess.py:93} INFO - [0m07:00:15  4 of 4 START sql table model public.mart_top_airlines .......................... [RUN]
[2026-05-28T07:00:17.123+0000] {subprocess.py:93} INFO - [0m07:00:17  4 of 4 OK created sql table model public.mart_top_airlines ..................... [[32mSELECT 15[0m in 1.26s]
[2026-05-28T07:00:17.138+0000] {subprocess.py:93} INFO - [0m07:00:17
[2026-05-28T07:00:17.139+0000] {subprocess.py:93} INFO - [0m07:00:17  Finished running 4 table models in 0 hours 0 minutes and 4.25 seconds (4.25s).
[2026-05-28T07:00:17.197+0000] {subprocess.py:93} INFO - [0m07:00:17
[2026-05-28T07:00:17.198+0000] {subprocess.py:93} INFO - [0m07:00:17  [32mCompleted successfully[0m
[2026-05-28T07:00:17.198+0000] {subprocess.py:93} INFO - [0m07:00:17
[2026-05-28T07:00:17.200+0000] {subprocess.py:93} INFO - [0m07:00:17  Done. PASS=4 WARN=0 ERROR=0 SKIP=0 NO-OP=0 TOTAL=4
[2026-05-28T07:00:18.179+0000] {subprocess.py:97} INFO - Command exited with return code 0
[2026-05-28T07:00:18.180+0000] {taskinstance.py:441} INFO - ::group::Post task execution logs
[2026-05-28T07:00:18.203+0000] {taskinstance.py:1205} INFO - Marking task as SUCCESS. dag_id=flight_pipeline, task_id=dbt_marts, execution_date=20260528T060000, start_date=20260528T070010, end_date=20260528T070018
[2026-05-28T07:00:18.259+0000] {local_task_job_runner.py:240} INFO - Task exited with return code 0
[2026-05-28T07:00:18.273+0000] {taskinstance.py:3482} INFO - 0 downstream tasks scheduled from follow-on schedule check
[2026-05-28T07:00:18.275+0000] {local_task_job_runner.py:222} INFO - ::endgroup::
