[2026-05-27T22:35:34.789+0000] {local_task_job_runner.py:120} INFO - ::group::Pre task execution logs
[2026-05-27T22:35:34.818+0000] {taskinstance.py:2073} INFO - Dependencies all met for dep_context=non-requeueable deps ti=<TaskInstance: flight_pipeline.dbt_staging scheduled__2026-05-27T21:00:00+00:00 [queued]>
[2026-05-27T22:35:34.824+0000] {taskinstance.py:2073} INFO - Dependencies all met for dep_context=requeueable deps ti=<TaskInstance: flight_pipeline.dbt_staging scheduled__2026-05-27T21:00:00+00:00 [queued]>
[2026-05-27T22:35:34.824+0000] {taskinstance.py:2303} INFO - Starting attempt 2 of 2
[2026-05-27T22:35:34.835+0000] {taskinstance.py:2327} INFO - Executing <Task(BashOperator): dbt_staging> on 2026-05-27 21:00:00+00:00
[2026-05-27T22:35:34.842+0000] {standard_task_runner.py:90} INFO - Running: ['airflow', 'tasks', 'run', 'flight_pipeline', 'dbt_staging', 'scheduled__2026-05-27T21:00:00+00:00', '--job-id', '13', '--raw', '--subdir', 'DAGS_FOLDER/flight_pipeline.py', '--cfg-path', '/tmp/tmpf8khaulf']
[2026-05-27T22:35:34.844+0000] {standard_task_runner.py:91} INFO - Job 13: Subtask dbt_staging
[2026-05-27T22:35:34.845+0000] {logging_mixin.py:188} WARNING - /home/airflow/.local/lib/python3.12/site-packages/airflow/task/task_runner/standard_task_runner.py:61 DeprecationWarning: This process (pid=268) is multi-threaded, use of fork() may lead to deadlocks in the child.
[2026-05-27T22:35:34.845+0000] {standard_task_runner.py:63} INFO - Started process 269 to run task
[2026-05-27T22:35:34.888+0000] {task_command.py:426} INFO - Running <TaskInstance: flight_pipeline.dbt_staging scheduled__2026-05-27T21:00:00+00:00 [running]> on host 9830577f4a13
[2026-05-27T22:35:34.965+0000] {taskinstance.py:2644} INFO - Exporting env vars: AIRFLOW_CTX_DAG_OWNER='flight-pulse' AIRFLOW_CTX_DAG_ID='flight_pipeline' AIRFLOW_CTX_TASK_ID='dbt_staging' AIRFLOW_CTX_EXECUTION_DATE='2026-05-27T21:00:00+00:00' AIRFLOW_CTX_TRY_NUMBER='2' AIRFLOW_CTX_DAG_RUN_ID='scheduled__2026-05-27T21:00:00+00:00'
[2026-05-27T22:35:34.966+0000] {taskinstance.py:430} INFO - ::endgroup::
[2026-05-27T22:35:34.982+0000] {subprocess.py:63} INFO - Tmp dir root location: /tmp
[2026-05-27T22:35:34.985+0000] {subprocess.py:75} INFO - Running command: ['/usr/bin/bash', '-c', 'docker exec dbt dbt run --select staging']
[2026-05-27T22:35:35.002+0000] {subprocess.py:86} INFO - Output:
[2026-05-27T22:35:36.579+0000] {subprocess.py:93} INFO - [0m22:35:36  Running with dbt=1.12.0-b1
[2026-05-27T22:35:36.808+0000] {subprocess.py:93} INFO - [0m22:35:36  Registered adapter: postgres=1.10.0
[2026-05-27T22:35:37.247+0000] {subprocess.py:93} INFO - [0m22:35:37  Found 6 models, 475 macros
[2026-05-27T22:35:37.251+0000] {subprocess.py:93} INFO - [0m22:35:37
[2026-05-27T22:35:37.252+0000] {subprocess.py:93} INFO - [0m22:35:37  Concurrency: 1 threads (target='dev')
[2026-05-27T22:35:37.253+0000] {subprocess.py:93} INFO - [0m22:35:37
[2026-05-27T22:35:37.468+0000] {subprocess.py:93} INFO - [0m22:35:37  1 of 1 START sql view model public.stg_flights ................................. [RUN]
[2026-05-27T22:35:37.604+0000] {subprocess.py:93} INFO - [0m22:35:37  1 of 1 OK created sql view model public.stg_flights ............................ [[32mCREATE VIEW[0m in 0.13s]
[2026-05-27T22:35:37.619+0000] {subprocess.py:93} INFO - [0m22:35:37
[2026-05-27T22:35:37.620+0000] {subprocess.py:93} INFO - [0m22:35:37  Finished running 1 view model in 0 hours 0 minutes and 0.36 seconds (0.36s).
[2026-05-27T22:35:37.679+0000] {subprocess.py:93} INFO - [0m22:35:37
[2026-05-27T22:35:37.680+0000] {subprocess.py:93} INFO - [0m22:35:37  [32mCompleted successfully[0m
[2026-05-27T22:35:37.681+0000] {subprocess.py:93} INFO - [0m22:35:37
[2026-05-27T22:35:37.682+0000] {subprocess.py:93} INFO - [0m22:35:37  Done. PASS=1 WARN=0 ERROR=0 SKIP=0 NO-OP=0 TOTAL=1
[2026-05-27T22:35:38.785+0000] {subprocess.py:97} INFO - Command exited with return code 0
[2026-05-27T22:35:38.786+0000] {taskinstance.py:441} INFO - ::group::Post task execution logs
[2026-05-27T22:35:38.809+0000] {taskinstance.py:1205} INFO - Marking task as SUCCESS. dag_id=flight_pipeline, task_id=dbt_staging, execution_date=20260527T210000, start_date=20260527T223534, end_date=20260527T223538
[2026-05-27T22:35:38.832+0000] {local_task_job_runner.py:240} INFO - Task exited with return code 0
[2026-05-27T22:35:38.856+0000] {taskinstance.py:3482} INFO - 1 downstream tasks scheduled from follow-on schedule check
[2026-05-27T22:35:38.859+0000] {local_task_job_runner.py:222} INFO - ::endgroup::
