[2026-05-27T22:30:25.799+0000] {local_task_job_runner.py:120} INFO - ::group::Pre task execution logs
[2026-05-27T22:30:25.828+0000] {taskinstance.py:2073} INFO - Dependencies all met for dep_context=non-requeueable deps ti=<TaskInstance: flight_pipeline.dbt_staging scheduled__2026-05-27T21:00:00+00:00 [queued]>
[2026-05-27T22:30:25.836+0000] {taskinstance.py:2073} INFO - Dependencies all met for dep_context=requeueable deps ti=<TaskInstance: flight_pipeline.dbt_staging scheduled__2026-05-27T21:00:00+00:00 [queued]>
[2026-05-27T22:30:25.836+0000] {taskinstance.py:2303} INFO - Starting attempt 1 of 2
[2026-05-27T22:30:25.847+0000] {taskinstance.py:2327} INFO - Executing <Task(BashOperator): dbt_staging> on 2026-05-27 21:00:00+00:00
[2026-05-27T22:30:25.855+0000] {standard_task_runner.py:90} INFO - Running: ['airflow', 'tasks', 'run', 'flight_pipeline', 'dbt_staging', 'scheduled__2026-05-27T21:00:00+00:00', '--job-id', '10', '--raw', '--subdir', 'DAGS_FOLDER/flight_pipeline.py', '--cfg-path', '/tmp/tmppop9p_bi']
[2026-05-27T22:30:25.857+0000] {standard_task_runner.py:91} INFO - Job 10: Subtask dbt_staging
[2026-05-27T22:30:25.858+0000] {logging_mixin.py:188} WARNING - /home/airflow/.local/lib/python3.12/site-packages/airflow/task/task_runner/standard_task_runner.py:61 DeprecationWarning: This process (pid=170) is multi-threaded, use of fork() may lead to deadlocks in the child.
[2026-05-27T22:30:25.858+0000] {standard_task_runner.py:63} INFO - Started process 176 to run task
[2026-05-27T22:30:25.922+0000] {task_command.py:426} INFO - Running <TaskInstance: flight_pipeline.dbt_staging scheduled__2026-05-27T21:00:00+00:00 [running]> on host 9830577f4a13
[2026-05-27T22:30:26.021+0000] {taskinstance.py:2644} INFO - Exporting env vars: AIRFLOW_CTX_DAG_OWNER='flight-pulse' AIRFLOW_CTX_DAG_ID='flight_pipeline' AIRFLOW_CTX_TASK_ID='dbt_staging' AIRFLOW_CTX_EXECUTION_DATE='2026-05-27T21:00:00+00:00' AIRFLOW_CTX_TRY_NUMBER='1' AIRFLOW_CTX_DAG_RUN_ID='scheduled__2026-05-27T21:00:00+00:00'
[2026-05-27T22:30:26.022+0000] {taskinstance.py:430} INFO - ::endgroup::
[2026-05-27T22:30:26.040+0000] {subprocess.py:63} INFO - Tmp dir root location: /tmp
[2026-05-27T22:30:26.042+0000] {subprocess.py:75} INFO - Running command: ['/usr/bin/bash', '-c', 'docker exec dbt dbt run --select staging']
[2026-05-27T22:30:26.060+0000] {subprocess.py:86} INFO - Output:
[2026-05-27T22:30:29.432+0000] {subprocess.py:93} INFO - [0m22:30:29  Running with dbt=1.12.0-b1
[2026-05-27T22:30:29.760+0000] {subprocess.py:93} INFO - [0m22:30:29  Registered adapter: postgres=1.10.0
[2026-05-27T22:30:30.683+0000] {subprocess.py:93} INFO - [0m22:30:30  Found 6 models, 475 macros
[2026-05-27T22:30:30.686+0000] {subprocess.py:93} INFO - [0m22:30:30
[2026-05-27T22:30:30.687+0000] {subprocess.py:93} INFO - [0m22:30:30  Concurrency: 1 threads (target='dev')
[2026-05-27T22:30:30.689+0000] {subprocess.py:93} INFO - [0m22:30:30
[2026-05-27T22:30:30.881+0000] {subprocess.py:93} INFO - [0m22:30:30  1 of 1 START sql view model public.stg_flights ................................. [RUN]
[2026-05-27T22:30:31.028+0000] {subprocess.py:93} INFO - [0m22:30:31  1 of 1 ERROR creating sql view model public.stg_flights ........................ [[31mERROR[0m in 0.14s]
[2026-05-27T22:30:31.044+0000] {subprocess.py:93} INFO - [0m22:30:31
[2026-05-27T22:30:31.044+0000] {subprocess.py:93} INFO - [0m22:30:31  Finished running 1 view model in 0 hours 0 minutes and 0.35 seconds (0.35s).
[2026-05-27T22:30:31.116+0000] {subprocess.py:93} INFO - [0m22:30:31
[2026-05-27T22:30:31.117+0000] {subprocess.py:93} INFO - [0m22:30:31  [31mCompleted with 1 error, 0 partial successes, and 0 warnings:[0m
[2026-05-27T22:30:31.118+0000] {subprocess.py:93} INFO - [0m22:30:31
[2026-05-27T22:30:31.119+0000] {subprocess.py:93} INFO - [0m22:30:31  [[31mERROR[0m]: in model stg_flights (models/staging/stg_flights.sql)
[2026-05-27T22:30:31.120+0000] {subprocess.py:93} INFO - [0m22:30:31    Database Error in model stg_flights (models/staging/stg_flights.sql)
[2026-05-27T22:30:31.120+0000] {subprocess.py:93} INFO -   relation "stg_flights__dbt_backup" already exists
[2026-05-27T22:30:31.121+0000] {subprocess.py:93} INFO -   compiled code at target/run/flight_pulse/models/staging/stg_flights.sql
[2026-05-27T22:30:31.121+0000] {subprocess.py:93} INFO - [0m22:30:31
[2026-05-27T22:30:31.122+0000] {subprocess.py:93} INFO - [0m22:30:31    compiled code at target/compiled/flight_pulse/models/staging/stg_flights.sql
[2026-05-27T22:30:31.123+0000] {subprocess.py:93} INFO - [0m22:30:31
[2026-05-27T22:30:31.124+0000] {subprocess.py:93} INFO - [0m22:30:31  Done. PASS=0 WARN=0 ERROR=1 SKIP=0 NO-OP=0 TOTAL=1
[2026-05-27T22:30:32.419+0000] {subprocess.py:97} INFO - Command exited with return code 1
[2026-05-27T22:30:32.421+0000] {taskinstance.py:441} INFO - ::group::Post task execution logs
[2026-05-27T22:30:32.438+0000] {taskinstance.py:2890} ERROR - Task failed with exception
Traceback (most recent call last):
  File "/home/airflow/.local/lib/python3.12/site-packages/airflow/models/taskinstance.py", line 465, in _execute_task
    result = _execute_callable(context=context, **execute_callable_kwargs)
             ^^^^^^^^^^^^^^^^^^^^^^^^^^^^^^^^^^^^^^^^^^^^^^^^^^^^^^^^^^^^^
  File "/home/airflow/.local/lib/python3.12/site-packages/airflow/models/taskinstance.py", line 432, in _execute_callable
    return execute_callable(context=context, **execute_callable_kwargs)
           ^^^^^^^^^^^^^^^^^^^^^^^^^^^^^^^^^^^^^^^^^^^^^^^^^^^^^^^^^^^^
  File "/home/airflow/.local/lib/python3.12/site-packages/airflow/models/baseoperator.py", line 400, in wrapper
    return func(self, *args, **kwargs)
           ^^^^^^^^^^^^^^^^^^^^^^^^^^^
  File "/home/airflow/.local/lib/python3.12/site-packages/airflow/operators/bash.py", line 243, in execute
    raise AirflowException(
airflow.exceptions.AirflowException: Bash command failed. The command returned a non-zero exit code 1.
[2026-05-27T22:30:32.447+0000] {taskinstance.py:1205} INFO - Marking task as UP_FOR_RETRY. dag_id=flight_pipeline, task_id=dbt_staging, execution_date=20260527T210000, start_date=20260527T223025, end_date=20260527T223032
[2026-05-27T22:30:32.464+0000] {standard_task_runner.py:110} ERROR - Failed to execute job 10 for task dbt_staging (Bash command failed. The command returned a non-zero exit code 1.; 176)
[2026-05-27T22:30:32.484+0000] {local_task_job_runner.py:240} INFO - Task exited with return code 1
[2026-05-27T22:30:32.507+0000] {taskinstance.py:3482} INFO - 0 downstream tasks scheduled from follow-on schedule check
[2026-05-27T22:30:32.510+0000] {local_task_job_runner.py:222} INFO - ::endgroup::
