[2026-05-28T00:00:11.394+0000] {local_task_job_runner.py:120} INFO - ::group::Pre task execution logs
[2026-05-28T00:00:11.424+0000] {taskinstance.py:2073} INFO - Dependencies all met for dep_context=non-requeueable deps ti=<TaskInstance: flight_pipeline.dbt_marts scheduled__2026-05-27T23:00:00+00:00 [queued]>
[2026-05-28T00:00:11.431+0000] {taskinstance.py:2073} INFO - Dependencies all met for dep_context=requeueable deps ti=<TaskInstance: flight_pipeline.dbt_marts scheduled__2026-05-27T23:00:00+00:00 [queued]>
[2026-05-28T00:00:11.431+0000] {taskinstance.py:2303} INFO - Starting attempt 1 of 2
[2026-05-28T00:00:11.444+0000] {taskinstance.py:2327} INFO - Executing <Task(BashOperator): dbt_marts> on 2026-05-27 23:00:00+00:00
[2026-05-28T00:00:11.454+0000] {standard_task_runner.py:90} INFO - Running: ['airflow', 'tasks', 'run', 'flight_pipeline', 'dbt_marts', 'scheduled__2026-05-27T23:00:00+00:00', '--job-id', '21', '--raw', '--subdir', 'DAGS_FOLDER/flight_pipeline.py', '--cfg-path', '/tmp/tmpa4ltg83r']
[2026-05-28T00:00:11.457+0000] {standard_task_runner.py:91} INFO - Job 21: Subtask dbt_marts
[2026-05-28T00:00:11.457+0000] {logging_mixin.py:188} WARNING - /home/airflow/.local/lib/python3.12/site-packages/airflow/task/task_runner/standard_task_runner.py:61 DeprecationWarning: This process (pid=1168) is multi-threaded, use of fork() may lead to deadlocks in the child.
[2026-05-28T00:00:11.458+0000] {standard_task_runner.py:63} INFO - Started process 1169 to run task
[2026-05-28T00:00:11.516+0000] {task_command.py:426} INFO - Running <TaskInstance: flight_pipeline.dbt_marts scheduled__2026-05-27T23:00:00+00:00 [running]> on host 9830577f4a13
[2026-05-28T00:00:11.631+0000] {taskinstance.py:2644} INFO - Exporting env vars: AIRFLOW_CTX_DAG_OWNER='flight-pulse' AIRFLOW_CTX_DAG_ID='flight_pipeline' AIRFLOW_CTX_TASK_ID='dbt_marts' AIRFLOW_CTX_EXECUTION_DATE='2026-05-27T23:00:00+00:00' AIRFLOW_CTX_TRY_NUMBER='1' AIRFLOW_CTX_DAG_RUN_ID='scheduled__2026-05-27T23:00:00+00:00'
[2026-05-28T00:00:11.632+0000] {taskinstance.py:430} INFO - ::endgroup::
[2026-05-28T00:00:11.660+0000] {subprocess.py:63} INFO - Tmp dir root location: /tmp
[2026-05-28T00:00:11.663+0000] {subprocess.py:75} INFO - Running command: ['/usr/bin/bash', '-c', 'docker exec dbt dbt run --select marts']
[2026-05-28T00:00:11.681+0000] {subprocess.py:86} INFO - Output:
[2026-05-28T00:00:13.078+0000] {subprocess.py:93} INFO - [0m00:00:13  Running with dbt=1.12.0-b1
[2026-05-28T00:00:13.295+0000] {subprocess.py:93} INFO - [0m00:00:13  Registered adapter: postgres=1.10.0
[2026-05-28T00:00:13.730+0000] {subprocess.py:93} INFO - [0m00:00:13  Found 6 models, 475 macros
[2026-05-28T00:00:13.734+0000] {subprocess.py:93} INFO - [0m00:00:13
[2026-05-28T00:00:13.735+0000] {subprocess.py:93} INFO - [0m00:00:13  Concurrency: 1 threads (target='dev')
[2026-05-28T00:00:13.736+0000] {subprocess.py:93} INFO - [0m00:00:13
[2026-05-28T00:00:13.945+0000] {subprocess.py:93} INFO - [0m00:00:13  1 of 4 START sql table model public.mart_altitude_stats ........................ [RUN]
[2026-05-28T00:00:15.096+0000] {subprocess.py:93} INFO - [0m00:00:15  1 of 4 OK created sql table model public.mart_altitude_stats ................... [[32mSELECT 304[0m in 1.14s]
[2026-05-28T00:00:15.098+0000] {subprocess.py:93} INFO - [0m00:00:15  2 of 4 START sql table model public.mart_flights_by_country .................... [RUN]
[2026-05-28T00:00:15.803+0000] {subprocess.py:93} INFO - [0m00:00:15  2 of 4 OK created sql table model public.mart_flights_by_country ............... [[32mSELECT 115[0m in 0.70s]
[2026-05-28T00:00:15.807+0000] {subprocess.py:93} INFO - [0m00:00:15  3 of 4 START sql table model public.mart_flights_by_hour ....................... [RUN]
[2026-05-28T00:00:16.670+0000] {subprocess.py:93} INFO - [0m00:00:16  3 of 4 OK created sql table model public.mart_flights_by_hour .................. [[32mSELECT 3[0m in 0.86s]
[2026-05-28T00:00:16.673+0000] {subprocess.py:93} INFO - [0m00:00:16  4 of 4 START sql table model public.mart_top_airlines .......................... [RUN]
[2026-05-28T00:00:17.793+0000] {subprocess.py:93} INFO - [0m00:00:17  4 of 4 OK created sql table model public.mart_top_airlines ..................... [[32mSELECT 15[0m in 1.12s]
[2026-05-28T00:00:17.811+0000] {subprocess.py:93} INFO - [0m00:00:17
[2026-05-28T00:00:17.812+0000] {subprocess.py:93} INFO - [0m00:00:17  Finished running 4 table models in 0 hours 0 minutes and 4.07 seconds (4.07s).
[2026-05-28T00:00:17.876+0000] {subprocess.py:93} INFO - [0m00:00:17
[2026-05-28T00:00:17.877+0000] {subprocess.py:93} INFO - [0m00:00:17  [32mCompleted successfully[0m
[2026-05-28T00:00:17.878+0000] {subprocess.py:93} INFO - [0m00:00:17
[2026-05-28T00:00:17.880+0000] {subprocess.py:93} INFO - [0m00:00:17  Done. PASS=4 WARN=0 ERROR=0 SKIP=0 NO-OP=0 TOTAL=4
[2026-05-28T00:00:18.747+0000] {subprocess.py:97} INFO - Command exited with return code 0
[2026-05-28T00:00:18.748+0000] {taskinstance.py:441} INFO - ::group::Post task execution logs
[2026-05-28T00:00:18.774+0000] {taskinstance.py:1205} INFO - Marking task as SUCCESS. dag_id=flight_pipeline, task_id=dbt_marts, execution_date=20260527T230000, start_date=20260528T000011, end_date=20260528T000018
[2026-05-28T00:00:18.811+0000] {local_task_job_runner.py:240} INFO - Task exited with return code 0
[2026-05-28T00:00:18.826+0000] {taskinstance.py:3482} INFO - 0 downstream tasks scheduled from follow-on schedule check
[2026-05-28T00:00:18.829+0000] {local_task_job_runner.py:222} INFO - ::endgroup::
