[2026-05-28T00:00:07.112+0000] {local_task_job_runner.py:120} INFO - ::group::Pre task execution logs
[2026-05-28T00:00:07.140+0000] {taskinstance.py:2073} INFO - Dependencies all met for dep_context=non-requeueable deps ti=<TaskInstance: flight_pipeline.dbt_intermediate scheduled__2026-05-27T23:00:00+00:00 [queued]>
[2026-05-28T00:00:07.147+0000] {taskinstance.py:2073} INFO - Dependencies all met for dep_context=requeueable deps ti=<TaskInstance: flight_pipeline.dbt_intermediate scheduled__2026-05-27T23:00:00+00:00 [queued]>
[2026-05-28T00:00:07.147+0000] {taskinstance.py:2303} INFO - Starting attempt 1 of 2
[2026-05-28T00:00:07.157+0000] {taskinstance.py:2327} INFO - Executing <Task(BashOperator): dbt_intermediate> on 2026-05-27 23:00:00+00:00
[2026-05-28T00:00:07.166+0000] {standard_task_runner.py:90} INFO - Running: ['airflow', 'tasks', 'run', 'flight_pipeline', 'dbt_intermediate', 'scheduled__2026-05-27T23:00:00+00:00', '--job-id', '20', '--raw', '--subdir', 'DAGS_FOLDER/flight_pipeline.py', '--cfg-path', '/tmp/tmpfv44r_xo']
[2026-05-28T00:00:07.168+0000] {standard_task_runner.py:91} INFO - Job 20: Subtask dbt_intermediate
[2026-05-28T00:00:07.168+0000] {logging_mixin.py:188} WARNING - /home/airflow/.local/lib/python3.12/site-packages/airflow/task/task_runner/standard_task_runner.py:61 DeprecationWarning: This process (pid=1153) is multi-threaded, use of fork() may lead to deadlocks in the child.
[2026-05-28T00:00:07.169+0000] {standard_task_runner.py:63} INFO - Started process 1154 to run task
[2026-05-28T00:00:07.216+0000] {task_command.py:426} INFO - Running <TaskInstance: flight_pipeline.dbt_intermediate scheduled__2026-05-27T23:00:00+00:00 [running]> on host 9830577f4a13
[2026-05-28T00:00:07.304+0000] {taskinstance.py:2644} INFO - Exporting env vars: AIRFLOW_CTX_DAG_OWNER='flight-pulse' AIRFLOW_CTX_DAG_ID='flight_pipeline' AIRFLOW_CTX_TASK_ID='dbt_intermediate' AIRFLOW_CTX_EXECUTION_DATE='2026-05-27T23:00:00+00:00' AIRFLOW_CTX_TRY_NUMBER='1' AIRFLOW_CTX_DAG_RUN_ID='scheduled__2026-05-27T23:00:00+00:00'
[2026-05-28T00:00:07.305+0000] {taskinstance.py:430} INFO - ::endgroup::
[2026-05-28T00:00:07.324+0000] {subprocess.py:63} INFO - Tmp dir root location: /tmp
[2026-05-28T00:00:07.325+0000] {subprocess.py:75} INFO - Running command: ['/usr/bin/bash', '-c', 'docker exec dbt dbt run --select intermediate']
[2026-05-28T00:00:07.338+0000] {subprocess.py:86} INFO - Output:
[2026-05-28T00:00:08.906+0000] {subprocess.py:93} INFO - [0m00:00:08  Running with dbt=1.12.0-b1
[2026-05-28T00:00:09.117+0000] {subprocess.py:93} INFO - [0m00:00:09  Registered adapter: postgres=1.10.0
[2026-05-28T00:00:09.572+0000] {subprocess.py:93} INFO - [0m00:00:09  Found 6 models, 475 macros
[2026-05-28T00:00:09.575+0000] {subprocess.py:93} INFO - [0m00:00:09
[2026-05-28T00:00:09.576+0000] {subprocess.py:93} INFO - [0m00:00:09  Concurrency: 1 threads (target='dev')
[2026-05-28T00:00:09.576+0000] {subprocess.py:93} INFO - [0m00:00:09
[2026-05-28T00:00:09.724+0000] {subprocess.py:93} INFO - [0m00:00:09  1 of 1 START sql view model public.int_flights_cleaned ......................... [RUN]
[2026-05-28T00:00:09.841+0000] {subprocess.py:93} INFO - [0m00:00:09  1 of 1 OK created sql view model public.int_flights_cleaned .................... [[32mCREATE VIEW[0m in 0.11s]
[2026-05-28T00:00:09.855+0000] {subprocess.py:93} INFO - [0m00:00:09
[2026-05-28T00:00:09.855+0000] {subprocess.py:93} INFO - [0m00:00:09  Finished running 1 view model in 0 hours 0 minutes and 0.28 seconds (0.28s).
[2026-05-28T00:00:09.910+0000] {subprocess.py:93} INFO - [0m00:00:09
[2026-05-28T00:00:09.911+0000] {subprocess.py:93} INFO - [0m00:00:09  [32mCompleted successfully[0m
[2026-05-28T00:00:09.912+0000] {subprocess.py:93} INFO - [0m00:00:09
[2026-05-28T00:00:09.913+0000] {subprocess.py:93} INFO - [0m00:00:09  Done. PASS=1 WARN=0 ERROR=0 SKIP=0 NO-OP=0 TOTAL=1
[2026-05-28T00:00:10.590+0000] {subprocess.py:97} INFO - Command exited with return code 0
[2026-05-28T00:00:10.591+0000] {taskinstance.py:441} INFO - ::group::Post task execution logs
[2026-05-28T00:00:10.613+0000] {taskinstance.py:1205} INFO - Marking task as SUCCESS. dag_id=flight_pipeline, task_id=dbt_intermediate, execution_date=20260527T230000, start_date=20260528T000007, end_date=20260528T000010
[2026-05-28T00:00:10.633+0000] {local_task_job_runner.py:240} INFO - Task exited with return code 0
[2026-05-28T00:00:10.651+0000] {taskinstance.py:3482} INFO - 1 downstream tasks scheduled from follow-on schedule check
[2026-05-28T00:00:10.653+0000] {local_task_job_runner.py:222} INFO - ::endgroup::
