[2026-05-28T04:00:15.379+0000] {local_task_job_runner.py:120} INFO - ::group::Pre task execution logs
[2026-05-28T04:00:15.417+0000] {taskinstance.py:2073} INFO - Dependencies all met for dep_context=non-requeueable deps ti=<TaskInstance: flight_pipeline.dbt_marts scheduled__2026-05-28T03:00:00+00:00 [queued]>
[2026-05-28T04:00:15.427+0000] {taskinstance.py:2073} INFO - Dependencies all met for dep_context=requeueable deps ti=<TaskInstance: flight_pipeline.dbt_marts scheduled__2026-05-28T03:00:00+00:00 [queued]>
[2026-05-28T04:00:15.428+0000] {taskinstance.py:2303} INFO - Starting attempt 1 of 2
[2026-05-28T04:00:15.445+0000] {taskinstance.py:2327} INFO - Executing <Task(BashOperator): dbt_marts> on 2026-05-28 03:00:00+00:00
[2026-05-28T04:00:15.455+0000] {standard_task_runner.py:90} INFO - Running: ['airflow', 'tasks', 'run', 'flight_pipeline', 'dbt_marts', 'scheduled__2026-05-28T03:00:00+00:00', '--job-id', '33', '--raw', '--subdir', 'DAGS_FOLDER/flight_pipeline.py', '--cfg-path', '/tmp/tmpro4php5n']
[2026-05-28T04:00:15.458+0000] {standard_task_runner.py:91} INFO - Job 33: Subtask dbt_marts
[2026-05-28T04:00:15.460+0000] {logging_mixin.py:188} WARNING - /home/airflow/.local/lib/python3.12/site-packages/airflow/task/task_runner/standard_task_runner.py:61 DeprecationWarning: This process (pid=3667) is multi-threaded, use of fork() may lead to deadlocks in the child.
[2026-05-28T04:00:15.460+0000] {standard_task_runner.py:63} INFO - Started process 3668 to run task
[2026-05-28T04:00:15.530+0000] {task_command.py:426} INFO - Running <TaskInstance: flight_pipeline.dbt_marts scheduled__2026-05-28T03:00:00+00:00 [running]> on host 9830577f4a13
[2026-05-28T04:00:15.642+0000] {taskinstance.py:2644} INFO - Exporting env vars: AIRFLOW_CTX_DAG_OWNER='flight-pulse' AIRFLOW_CTX_DAG_ID='flight_pipeline' AIRFLOW_CTX_TASK_ID='dbt_marts' AIRFLOW_CTX_EXECUTION_DATE='2026-05-28T03:00:00+00:00' AIRFLOW_CTX_TRY_NUMBER='1' AIRFLOW_CTX_DAG_RUN_ID='scheduled__2026-05-28T03:00:00+00:00'
[2026-05-28T04:00:15.643+0000] {taskinstance.py:430} INFO - ::endgroup::
[2026-05-28T04:00:15.658+0000] {subprocess.py:63} INFO - Tmp dir root location: /tmp
[2026-05-28T04:00:15.660+0000] {subprocess.py:75} INFO - Running command: ['/usr/bin/bash', '-c', 'docker exec dbt dbt run --select marts']
[2026-05-28T04:00:15.674+0000] {subprocess.py:86} INFO - Output:
[2026-05-28T04:00:17.501+0000] {subprocess.py:93} INFO - [0m04:00:17  Running with dbt=1.12.0-b1
[2026-05-28T04:00:17.778+0000] {subprocess.py:93} INFO - [0m04:00:17  Registered adapter: postgres=1.10.0
[2026-05-28T04:00:18.308+0000] {subprocess.py:93} INFO - [0m04:00:18  Found 6 models, 475 macros
[2026-05-28T04:00:18.312+0000] {subprocess.py:93} INFO - [0m04:00:18
[2026-05-28T04:00:18.314+0000] {subprocess.py:93} INFO - [0m04:00:18  Concurrency: 1 threads (target='dev')
[2026-05-28T04:00:18.315+0000] {subprocess.py:93} INFO - [0m04:00:18
[2026-05-28T04:00:18.540+0000] {subprocess.py:93} INFO - [0m04:00:18  1 of 4 START sql table model public.mart_altitude_stats ........................ [RUN]
[2026-05-28T04:00:23.120+0000] {subprocess.py:93} INFO - [0m04:00:23  1 of 4 OK created sql table model public.mart_altitude_stats ................... [[32mSELECT 306[0m in 4.57s]
[2026-05-28T04:00:23.123+0000] {subprocess.py:93} INFO - [0m04:00:23  2 of 4 START sql table model public.mart_flights_by_country .................... [RUN]
[2026-05-28T04:00:24.282+0000] {subprocess.py:93} INFO - [0m04:00:24  2 of 4 OK created sql table model public.mart_flights_by_country ............... [[32mSELECT 115[0m in 1.15s]
[2026-05-28T04:00:24.287+0000] {subprocess.py:93} INFO - [0m04:00:24  3 of 4 START sql table model public.mart_flights_by_hour ....................... [RUN]
[2026-05-28T04:00:25.799+0000] {subprocess.py:93} INFO - [0m04:00:25  3 of 4 OK created sql table model public.mart_flights_by_hour .................. [[32mSELECT 3[0m in 1.51s]
[2026-05-28T04:00:25.806+0000] {subprocess.py:93} INFO - [0m04:00:25  4 of 4 START sql table model public.mart_top_airlines .......................... [RUN]
[2026-05-28T04:00:27.477+0000] {subprocess.py:93} INFO - [0m04:00:27  4 of 4 OK created sql table model public.mart_top_airlines ..................... [[32mSELECT 15[0m in 1.67s]
[2026-05-28T04:00:27.498+0000] {subprocess.py:93} INFO - [0m04:00:27
[2026-05-28T04:00:27.499+0000] {subprocess.py:93} INFO - [0m04:00:27  Finished running 4 table models in 0 hours 0 minutes and 9.18 seconds (9.18s).
[2026-05-28T04:00:27.572+0000] {subprocess.py:93} INFO - [0m04:00:27
[2026-05-28T04:00:27.573+0000] {subprocess.py:93} INFO - [0m04:00:27  [32mCompleted successfully[0m
[2026-05-28T04:00:27.574+0000] {subprocess.py:93} INFO - [0m04:00:27
[2026-05-28T04:00:27.577+0000] {subprocess.py:93} INFO - [0m04:00:27  Done. PASS=4 WARN=0 ERROR=0 SKIP=0 NO-OP=0 TOTAL=4
[2026-05-28T04:00:28.665+0000] {subprocess.py:97} INFO - Command exited with return code 0
[2026-05-28T04:00:28.666+0000] {taskinstance.py:441} INFO - ::group::Post task execution logs
[2026-05-28T04:00:28.697+0000] {taskinstance.py:1205} INFO - Marking task as SUCCESS. dag_id=flight_pipeline, task_id=dbt_marts, execution_date=20260528T030000, start_date=20260528T040015, end_date=20260528T040028
[2026-05-28T04:00:28.729+0000] {local_task_job_runner.py:240} INFO - Task exited with return code 0
[2026-05-28T04:00:28.749+0000] {taskinstance.py:3482} INFO - 0 downstream tasks scheduled from follow-on schedule check
[2026-05-28T04:00:28.752+0000] {local_task_job_runner.py:222} INFO - ::endgroup::
