[2026-05-27T23:00:09.505+0000] {local_task_job_runner.py:120} INFO - ::group::Pre task execution logs
[2026-05-27T23:00:09.542+0000] {taskinstance.py:2073} INFO - Dependencies all met for dep_context=non-requeueable deps ti=<TaskInstance: flight_pipeline.dbt_marts scheduled__2026-05-27T22:00:00+00:00 [queued]>
[2026-05-27T23:00:09.553+0000] {taskinstance.py:2073} INFO - Dependencies all met for dep_context=requeueable deps ti=<TaskInstance: flight_pipeline.dbt_marts scheduled__2026-05-27T22:00:00+00:00 [queued]>
[2026-05-27T23:00:09.554+0000] {taskinstance.py:2303} INFO - Starting attempt 1 of 2
[2026-05-27T23:00:09.576+0000] {taskinstance.py:2327} INFO - Executing <Task(BashOperator): dbt_marts> on 2026-05-27 22:00:00+00:00
[2026-05-27T23:00:09.589+0000] {standard_task_runner.py:90} INFO - Running: ['airflow', 'tasks', 'run', 'flight_pipeline', 'dbt_marts', 'scheduled__2026-05-27T22:00:00+00:00', '--job-id', '18', '--raw', '--subdir', 'DAGS_FOLDER/flight_pipeline.py', '--cfg-path', '/tmp/tmpfb7_b8ym']
[2026-05-27T23:00:09.592+0000] {standard_task_runner.py:91} INFO - Job 18: Subtask dbt_marts
[2026-05-27T23:00:09.593+0000] {logging_mixin.py:188} WARNING - /home/airflow/.local/lib/python3.12/site-packages/airflow/task/task_runner/standard_task_runner.py:61 DeprecationWarning: This process (pid=551) is multi-threaded, use of fork() may lead to deadlocks in the child.
[2026-05-27T23:00:09.594+0000] {standard_task_runner.py:63} INFO - Started process 552 to run task
[2026-05-27T23:00:09.656+0000] {task_command.py:426} INFO - Running <TaskInstance: flight_pipeline.dbt_marts scheduled__2026-05-27T22:00:00+00:00 [running]> on host 9830577f4a13
[2026-05-27T23:00:09.773+0000] {taskinstance.py:2644} INFO - Exporting env vars: AIRFLOW_CTX_DAG_OWNER='flight-pulse' AIRFLOW_CTX_DAG_ID='flight_pipeline' AIRFLOW_CTX_TASK_ID='dbt_marts' AIRFLOW_CTX_EXECUTION_DATE='2026-05-27T22:00:00+00:00' AIRFLOW_CTX_TRY_NUMBER='1' AIRFLOW_CTX_DAG_RUN_ID='scheduled__2026-05-27T22:00:00+00:00'
[2026-05-27T23:00:09.774+0000] {taskinstance.py:430} INFO - ::endgroup::
[2026-05-27T23:00:09.789+0000] {subprocess.py:63} INFO - Tmp dir root location: /tmp
[2026-05-27T23:00:09.792+0000] {subprocess.py:75} INFO - Running command: ['/usr/bin/bash', '-c', 'docker exec dbt dbt run --select marts']
[2026-05-27T23:00:09.804+0000] {subprocess.py:86} INFO - Output:
[2026-05-27T23:00:11.220+0000] {subprocess.py:93} INFO - [0m23:00:11  Running with dbt=1.12.0-b1
[2026-05-27T23:00:11.448+0000] {subprocess.py:93} INFO - [0m23:00:11  Registered adapter: postgres=1.10.0
[2026-05-27T23:00:11.868+0000] {subprocess.py:93} INFO - [0m23:00:11  Found 6 models, 475 macros
[2026-05-27T23:00:11.872+0000] {subprocess.py:93} INFO - [0m23:00:11
[2026-05-27T23:00:11.873+0000] {subprocess.py:93} INFO - [0m23:00:11  Concurrency: 1 threads (target='dev')
[2026-05-27T23:00:11.874+0000] {subprocess.py:93} INFO - [0m23:00:11
[2026-05-27T23:00:12.063+0000] {subprocess.py:93} INFO - [0m23:00:12  1 of 4 START sql table model public.mart_altitude_stats ........................ [RUN]
[2026-05-27T23:00:13.314+0000] {subprocess.py:93} INFO - [0m23:00:13  1 of 4 OK created sql table model public.mart_altitude_stats ................... [[32mSELECT 276[0m in 1.25s]
[2026-05-27T23:00:13.318+0000] {subprocess.py:93} INFO - [0m23:00:13  2 of 4 START sql table model public.mart_flights_by_country .................... [RUN]
[2026-05-27T23:00:13.981+0000] {subprocess.py:93} INFO - [0m23:00:13  2 of 4 OK created sql table model public.mart_flights_by_country ............... [[32mSELECT 109[0m in 0.66s]
[2026-05-27T23:00:13.985+0000] {subprocess.py:93} INFO - [0m23:00:13  3 of 4 START sql table model public.mart_flights_by_hour ....................... [RUN]
[2026-05-27T23:00:14.932+0000] {subprocess.py:93} INFO - [0m23:00:14  3 of 4 OK created sql table model public.mart_flights_by_hour .................. [[32mSELECT 2[0m in 0.94s]
[2026-05-27T23:00:14.936+0000] {subprocess.py:93} INFO - [0m23:00:14  4 of 4 START sql table model public.mart_top_airlines .......................... [RUN]
[2026-05-27T23:00:15.891+0000] {subprocess.py:93} INFO - [0m23:00:15  4 of 4 OK created sql table model public.mart_top_airlines ..................... [[32mSELECT 15[0m in 0.95s]
[2026-05-27T23:00:15.905+0000] {subprocess.py:93} INFO - [0m23:00:15
[2026-05-27T23:00:15.905+0000] {subprocess.py:93} INFO - [0m23:00:15  Finished running 4 table models in 0 hours 0 minutes and 4.03 seconds (4.03s).
[2026-05-27T23:00:15.958+0000] {subprocess.py:93} INFO - [0m23:00:15
[2026-05-27T23:00:15.959+0000] {subprocess.py:93} INFO - [0m23:00:15  [32mCompleted successfully[0m
[2026-05-27T23:00:15.960+0000] {subprocess.py:93} INFO - [0m23:00:15
[2026-05-27T23:00:15.961+0000] {subprocess.py:93} INFO - [0m23:00:15  Done. PASS=4 WARN=0 ERROR=0 SKIP=0 NO-OP=0 TOTAL=4
[2026-05-27T23:00:16.925+0000] {subprocess.py:97} INFO - Command exited with return code 0
[2026-05-27T23:00:16.926+0000] {taskinstance.py:441} INFO - ::group::Post task execution logs
[2026-05-27T23:00:16.947+0000] {taskinstance.py:1205} INFO - Marking task as SUCCESS. dag_id=flight_pipeline, task_id=dbt_marts, execution_date=20260527T220000, start_date=20260527T230009, end_date=20260527T230016
[2026-05-27T23:00:17.002+0000] {local_task_job_runner.py:240} INFO - Task exited with return code 0
[2026-05-27T23:00:17.016+0000] {taskinstance.py:3482} INFO - 0 downstream tasks scheduled from follow-on schedule check
[2026-05-27T23:00:17.019+0000] {local_task_job_runner.py:222} INFO - ::endgroup::
