[2026-05-28T07:00:06.206+0000] {local_task_job_runner.py:120} INFO - ::group::Pre task execution logs
[2026-05-28T07:00:06.242+0000] {taskinstance.py:2073} INFO - Dependencies all met for dep_context=non-requeueable deps ti=<TaskInstance: flight_pipeline.dbt_intermediate scheduled__2026-05-28T06:00:00+00:00 [queued]>
[2026-05-28T07:00:06.249+0000] {taskinstance.py:2073} INFO - Dependencies all met for dep_context=requeueable deps ti=<TaskInstance: flight_pipeline.dbt_intermediate scheduled__2026-05-28T06:00:00+00:00 [queued]>
[2026-05-28T07:00:06.249+0000] {taskinstance.py:2303} INFO - Starting attempt 1 of 2
[2026-05-28T07:00:06.260+0000] {taskinstance.py:2327} INFO - Executing <Task(BashOperator): dbt_intermediate> on 2026-05-28 06:00:00+00:00
[2026-05-28T07:00:06.272+0000] {standard_task_runner.py:90} INFO - Running: ['airflow', 'tasks', 'run', 'flight_pipeline', 'dbt_intermediate', 'scheduled__2026-05-28T06:00:00+00:00', '--job-id', '41', '--raw', '--subdir', 'DAGS_FOLDER/flight_pipeline.py', '--cfg-path', '/tmp/tmp9g0jcey1']
[2026-05-28T07:00:06.274+0000] {standard_task_runner.py:91} INFO - Job 41: Subtask dbt_intermediate
[2026-05-28T07:00:06.275+0000] {logging_mixin.py:188} WARNING - /home/airflow/.local/lib/python3.12/site-packages/airflow/task/task_runner/standard_task_runner.py:61 DeprecationWarning: This process (pid=5493) is multi-threaded, use of fork() may lead to deadlocks in the child.
[2026-05-28T07:00:06.275+0000] {standard_task_runner.py:63} INFO - Started process 5494 to run task
[2026-05-28T07:00:06.328+0000] {task_command.py:426} INFO - Running <TaskInstance: flight_pipeline.dbt_intermediate scheduled__2026-05-28T06:00:00+00:00 [running]> on host 9830577f4a13
[2026-05-28T07:00:06.416+0000] {taskinstance.py:2644} INFO - Exporting env vars: AIRFLOW_CTX_DAG_OWNER='flight-pulse' AIRFLOW_CTX_DAG_ID='flight_pipeline' AIRFLOW_CTX_TASK_ID='dbt_intermediate' AIRFLOW_CTX_EXECUTION_DATE='2026-05-28T06:00:00+00:00' AIRFLOW_CTX_TRY_NUMBER='1' AIRFLOW_CTX_DAG_RUN_ID='scheduled__2026-05-28T06:00:00+00:00'
[2026-05-28T07:00:06.416+0000] {taskinstance.py:430} INFO - ::endgroup::
[2026-05-28T07:00:06.434+0000] {subprocess.py:63} INFO - Tmp dir root location: /tmp
[2026-05-28T07:00:06.436+0000] {subprocess.py:75} INFO - Running command: ['/usr/bin/bash', '-c', 'docker exec dbt dbt run --select intermediate']
[2026-05-28T07:00:06.447+0000] {subprocess.py:86} INFO - Output:
[2026-05-28T07:00:08.094+0000] {subprocess.py:93} INFO - [0m07:00:08  Running with dbt=1.12.0-b1
[2026-05-28T07:00:08.321+0000] {subprocess.py:93} INFO - [0m07:00:08  Registered adapter: postgres=1.10.0
[2026-05-28T07:00:08.747+0000] {subprocess.py:93} INFO - [0m07:00:08  Found 6 models, 475 macros
[2026-05-28T07:00:08.750+0000] {subprocess.py:93} INFO - [0m07:00:08
[2026-05-28T07:00:08.751+0000] {subprocess.py:93} INFO - [0m07:00:08  Concurrency: 1 threads (target='dev')
[2026-05-28T07:00:08.752+0000] {subprocess.py:93} INFO - [0m07:00:08
[2026-05-28T07:00:08.931+0000] {subprocess.py:93} INFO - [0m07:00:08  1 of 1 START sql view model public.int_flights_cleaned ......................... [RUN]
[2026-05-28T07:00:09.047+0000] {subprocess.py:93} INFO - [0m07:00:09  1 of 1 OK created sql view model public.int_flights_cleaned .................... [[32mCREATE VIEW[0m in 0.11s]
[2026-05-28T07:00:09.066+0000] {subprocess.py:93} INFO - [0m07:00:09
[2026-05-28T07:00:09.067+0000] {subprocess.py:93} INFO - [0m07:00:09  Finished running 1 view model in 0 hours 0 minutes and 0.31 seconds (0.31s).
[2026-05-28T07:00:09.124+0000] {subprocess.py:93} INFO - [0m07:00:09
[2026-05-28T07:00:09.124+0000] {subprocess.py:93} INFO - [0m07:00:09  [32mCompleted successfully[0m
[2026-05-28T07:00:09.125+0000] {subprocess.py:93} INFO - [0m07:00:09
[2026-05-28T07:00:09.126+0000] {subprocess.py:93} INFO - [0m07:00:09  Done. PASS=1 WARN=0 ERROR=0 SKIP=0 NO-OP=0 TOTAL=1
[2026-05-28T07:00:09.907+0000] {subprocess.py:97} INFO - Command exited with return code 0
[2026-05-28T07:00:09.908+0000] {taskinstance.py:441} INFO - ::group::Post task execution logs
[2026-05-28T07:00:09.935+0000] {taskinstance.py:1205} INFO - Marking task as SUCCESS. dag_id=flight_pipeline, task_id=dbt_intermediate, execution_date=20260528T060000, start_date=20260528T070006, end_date=20260528T070009
[2026-05-28T07:00:09.980+0000] {local_task_job_runner.py:240} INFO - Task exited with return code 0
[2026-05-28T07:00:09.998+0000] {taskinstance.py:3482} INFO - 0 downstream tasks scheduled from follow-on schedule check
[2026-05-28T07:00:10.002+0000] {local_task_job_runner.py:222} INFO - ::endgroup::
