[2026-05-28T03:00:13.882+0000] {local_task_job_runner.py:120} INFO - ::group::Pre task execution logs
[2026-05-28T03:00:13.940+0000] {taskinstance.py:2073} INFO - Dependencies all met for dep_context=non-requeueable deps ti=<TaskInstance: flight_pipeline.dbt_marts scheduled__2026-05-28T02:00:00+00:00 [queued]>
[2026-05-28T03:00:13.956+0000] {taskinstance.py:2073} INFO - Dependencies all met for dep_context=requeueable deps ti=<TaskInstance: flight_pipeline.dbt_marts scheduled__2026-05-28T02:00:00+00:00 [queued]>
[2026-05-28T03:00:13.957+0000] {taskinstance.py:2303} INFO - Starting attempt 1 of 2
[2026-05-28T03:00:13.976+0000] {taskinstance.py:2327} INFO - Executing <Task(BashOperator): dbt_marts> on 2026-05-28 02:00:00+00:00
[2026-05-28T03:00:13.992+0000] {standard_task_runner.py:90} INFO - Running: ['airflow', 'tasks', 'run', 'flight_pipeline', 'dbt_marts', 'scheduled__2026-05-28T02:00:00+00:00', '--job-id', '30', '--raw', '--subdir', 'DAGS_FOLDER/flight_pipeline.py', '--cfg-path', '/tmp/tmpihndl5qs']
[2026-05-28T03:00:13.996+0000] {standard_task_runner.py:91} INFO - Job 30: Subtask dbt_marts
[2026-05-28T03:00:13.997+0000] {logging_mixin.py:188} WARNING - /home/airflow/.local/lib/python3.12/site-packages/airflow/task/task_runner/standard_task_runner.py:61 DeprecationWarning: This process (pid=3044) is multi-threaded, use of fork() may lead to deadlocks in the child.
[2026-05-28T03:00:13.998+0000] {standard_task_runner.py:63} INFO - Started process 3045 to run task
[2026-05-28T03:00:14.078+0000] {task_command.py:426} INFO - Running <TaskInstance: flight_pipeline.dbt_marts scheduled__2026-05-28T02:00:00+00:00 [running]> on host 9830577f4a13
[2026-05-28T03:00:14.209+0000] {taskinstance.py:2644} INFO - Exporting env vars: AIRFLOW_CTX_DAG_OWNER='flight-pulse' AIRFLOW_CTX_DAG_ID='flight_pipeline' AIRFLOW_CTX_TASK_ID='dbt_marts' AIRFLOW_CTX_EXECUTION_DATE='2026-05-28T02:00:00+00:00' AIRFLOW_CTX_TRY_NUMBER='1' AIRFLOW_CTX_DAG_RUN_ID='scheduled__2026-05-28T02:00:00+00:00'
[2026-05-28T03:00:14.211+0000] {taskinstance.py:430} INFO - ::endgroup::
[2026-05-28T03:00:14.231+0000] {subprocess.py:63} INFO - Tmp dir root location: /tmp
[2026-05-28T03:00:14.233+0000] {subprocess.py:75} INFO - Running command: ['/usr/bin/bash', '-c', 'docker exec dbt dbt run --select marts']
[2026-05-28T03:00:14.253+0000] {subprocess.py:86} INFO - Output:
[2026-05-28T03:00:16.199+0000] {subprocess.py:93} INFO - [0m03:00:16  Running with dbt=1.12.0-b1
[2026-05-28T03:00:16.478+0000] {subprocess.py:93} INFO - [0m03:00:16  Registered adapter: postgres=1.10.0
[2026-05-28T03:00:17.214+0000] {subprocess.py:93} INFO - [0m03:00:17  Found 6 models, 475 macros
[2026-05-28T03:00:17.220+0000] {subprocess.py:93} INFO - [0m03:00:17
[2026-05-28T03:00:17.221+0000] {subprocess.py:93} INFO - [0m03:00:17  Concurrency: 1 threads (target='dev')
[2026-05-28T03:00:17.223+0000] {subprocess.py:93} INFO - [0m03:00:17
[2026-05-28T03:00:17.446+0000] {subprocess.py:93} INFO - [0m03:00:17  1 of 4 START sql table model public.mart_altitude_stats ........................ [RUN]
[2026-05-28T03:00:23.281+0000] {subprocess.py:93} INFO - [0m03:00:23  1 of 4 OK created sql table model public.mart_altitude_stats ................... [[32mSELECT 306[0m in 5.83s]
[2026-05-28T03:00:23.285+0000] {subprocess.py:93} INFO - [0m03:00:23  2 of 4 START sql table model public.mart_flights_by_country .................... [RUN]
[2026-05-28T03:00:24.449+0000] {subprocess.py:93} INFO - [0m03:00:24  2 of 4 OK created sql table model public.mart_flights_by_country ............... [[32mSELECT 115[0m in 1.16s]
[2026-05-28T03:00:24.454+0000] {subprocess.py:93} INFO - [0m03:00:24  3 of 4 START sql table model public.mart_flights_by_hour ....................... [RUN]
[2026-05-28T03:00:26.034+0000] {subprocess.py:93} INFO - [0m03:00:26  3 of 4 OK created sql table model public.mart_flights_by_hour .................. [[32mSELECT 3[0m in 1.58s]
[2026-05-28T03:00:26.039+0000] {subprocess.py:93} INFO - [0m03:00:26  4 of 4 START sql table model public.mart_top_airlines .......................... [RUN]
[2026-05-28T03:00:27.749+0000] {subprocess.py:93} INFO - [0m03:00:27  4 of 4 OK created sql table model public.mart_top_airlines ..................... [[32mSELECT 15[0m in 1.71s]
[2026-05-28T03:00:27.768+0000] {subprocess.py:93} INFO - [0m03:00:27
[2026-05-28T03:00:27.768+0000] {subprocess.py:93} INFO - [0m03:00:27  Finished running 4 table models in 0 hours 0 minutes and 10.54 seconds (10.54s).
[2026-05-28T03:00:27.853+0000] {subprocess.py:93} INFO - [0m03:00:27
[2026-05-28T03:00:27.854+0000] {subprocess.py:93} INFO - [0m03:00:27  [32mCompleted successfully[0m
[2026-05-28T03:00:27.855+0000] {subprocess.py:93} INFO - [0m03:00:27
[2026-05-28T03:00:27.856+0000] {subprocess.py:93} INFO - [0m03:00:27  Done. PASS=4 WARN=0 ERROR=0 SKIP=0 NO-OP=0 TOTAL=4
[2026-05-28T03:00:29.143+0000] {subprocess.py:97} INFO - Command exited with return code 0
[2026-05-28T03:00:29.145+0000] {taskinstance.py:441} INFO - ::group::Post task execution logs
[2026-05-28T03:00:29.176+0000] {taskinstance.py:1205} INFO - Marking task as SUCCESS. dag_id=flight_pipeline, task_id=dbt_marts, execution_date=20260528T020000, start_date=20260528T030013, end_date=20260528T030029
[2026-05-28T03:00:29.223+0000] {local_task_job_runner.py:240} INFO - Task exited with return code 0
[2026-05-28T03:00:29.241+0000] {taskinstance.py:3482} INFO - 0 downstream tasks scheduled from follow-on schedule check
[2026-05-28T03:00:29.245+0000] {local_task_job_runner.py:222} INFO - ::endgroup::
