[2026-05-28T01:00:09.133+0000] {local_task_job_runner.py:120} INFO - ::group::Pre task execution logs
[2026-05-28T01:00:09.162+0000] {taskinstance.py:2073} INFO - Dependencies all met for dep_context=non-requeueable deps ti=<TaskInstance: flight_pipeline.dbt_marts scheduled__2026-05-28T00:00:00+00:00 [queued]>
[2026-05-28T01:00:09.168+0000] {taskinstance.py:2073} INFO - Dependencies all met for dep_context=requeueable deps ti=<TaskInstance: flight_pipeline.dbt_marts scheduled__2026-05-28T00:00:00+00:00 [queued]>
[2026-05-28T01:00:09.168+0000] {taskinstance.py:2303} INFO - Starting attempt 1 of 2
[2026-05-28T01:00:09.180+0000] {taskinstance.py:2327} INFO - Executing <Task(BashOperator): dbt_marts> on 2026-05-28 00:00:00+00:00
[2026-05-28T01:00:09.187+0000] {standard_task_runner.py:90} INFO - Running: ['airflow', 'tasks', 'run', 'flight_pipeline', 'dbt_marts', 'scheduled__2026-05-28T00:00:00+00:00', '--job-id', '24', '--raw', '--subdir', 'DAGS_FOLDER/flight_pipeline.py', '--cfg-path', '/tmp/tmpsk_lnsii']
[2026-05-28T01:00:09.190+0000] {standard_task_runner.py:91} INFO - Job 24: Subtask dbt_marts
[2026-05-28T01:00:09.190+0000] {logging_mixin.py:188} WARNING - /home/airflow/.local/lib/python3.12/site-packages/airflow/task/task_runner/standard_task_runner.py:61 DeprecationWarning: This process (pid=1792) is multi-threaded, use of fork() may lead to deadlocks in the child.
[2026-05-28T01:00:09.191+0000] {standard_task_runner.py:63} INFO - Started process 1793 to run task
[2026-05-28T01:00:09.243+0000] {task_command.py:426} INFO - Running <TaskInstance: flight_pipeline.dbt_marts scheduled__2026-05-28T00:00:00+00:00 [running]> on host 9830577f4a13
[2026-05-28T01:00:09.329+0000] {taskinstance.py:2644} INFO - Exporting env vars: AIRFLOW_CTX_DAG_OWNER='flight-pulse' AIRFLOW_CTX_DAG_ID='flight_pipeline' AIRFLOW_CTX_TASK_ID='dbt_marts' AIRFLOW_CTX_EXECUTION_DATE='2026-05-28T00:00:00+00:00' AIRFLOW_CTX_TRY_NUMBER='1' AIRFLOW_CTX_DAG_RUN_ID='scheduled__2026-05-28T00:00:00+00:00'
[2026-05-28T01:00:09.330+0000] {taskinstance.py:430} INFO - ::endgroup::
[2026-05-28T01:00:09.343+0000] {subprocess.py:63} INFO - Tmp dir root location: /tmp
[2026-05-28T01:00:09.345+0000] {subprocess.py:75} INFO - Running command: ['/usr/bin/bash', '-c', 'docker exec dbt dbt run --select marts']
[2026-05-28T01:00:09.356+0000] {subprocess.py:86} INFO - Output:
[2026-05-28T01:00:10.696+0000] {subprocess.py:93} INFO - [0m01:00:10  Running with dbt=1.12.0-b1
[2026-05-28T01:00:10.888+0000] {subprocess.py:93} INFO - [0m01:00:10  Registered adapter: postgres=1.10.0
[2026-05-28T01:00:11.307+0000] {subprocess.py:93} INFO - [0m01:00:11  Found 6 models, 475 macros
[2026-05-28T01:00:11.311+0000] {subprocess.py:93} INFO - [0m01:00:11
[2026-05-28T01:00:11.312+0000] {subprocess.py:93} INFO - [0m01:00:11  Concurrency: 1 threads (target='dev')
[2026-05-28T01:00:11.313+0000] {subprocess.py:93} INFO - [0m01:00:11
[2026-05-28T01:00:11.507+0000] {subprocess.py:93} INFO - [0m01:00:11  1 of 4 START sql table model public.mart_altitude_stats ........................ [RUN]
[2026-05-28T01:00:12.398+0000] {subprocess.py:93} INFO - [0m01:00:12  1 of 4 OK created sql table model public.mart_altitude_stats ................... [[32mSELECT 306[0m in 0.89s]
[2026-05-28T01:00:12.401+0000] {subprocess.py:93} INFO - [0m01:00:12  2 of 4 START sql table model public.mart_flights_by_country .................... [RUN]
[2026-05-28T01:00:13.093+0000] {subprocess.py:93} INFO - [0m01:00:13  2 of 4 OK created sql table model public.mart_flights_by_country ............... [[32mSELECT 115[0m in 0.69s]
[2026-05-28T01:00:13.097+0000] {subprocess.py:93} INFO - [0m01:00:13  3 of 4 START sql table model public.mart_flights_by_hour ....................... [RUN]
[2026-05-28T01:00:14.007+0000] {subprocess.py:93} INFO - [0m01:00:14  3 of 4 OK created sql table model public.mart_flights_by_hour .................. [[32mSELECT 3[0m in 0.91s]
[2026-05-28T01:00:14.010+0000] {subprocess.py:93} INFO - [0m01:00:14  4 of 4 START sql table model public.mart_top_airlines .......................... [RUN]
[2026-05-28T01:00:15.234+0000] {subprocess.py:93} INFO - [0m01:00:15  4 of 4 OK created sql table model public.mart_top_airlines ..................... [[32mSELECT 15[0m in 1.22s]
[2026-05-28T01:00:15.251+0000] {subprocess.py:93} INFO - [0m01:00:15
[2026-05-28T01:00:15.252+0000] {subprocess.py:93} INFO - [0m01:00:15  Finished running 4 table models in 0 hours 0 minutes and 3.94 seconds (3.94s).
[2026-05-28T01:00:15.313+0000] {subprocess.py:93} INFO - [0m01:00:15
[2026-05-28T01:00:15.314+0000] {subprocess.py:93} INFO - [0m01:00:15  [32mCompleted successfully[0m
[2026-05-28T01:00:15.315+0000] {subprocess.py:93} INFO - [0m01:00:15
[2026-05-28T01:00:15.316+0000] {subprocess.py:93} INFO - [0m01:00:15  Done. PASS=4 WARN=0 ERROR=0 SKIP=0 NO-OP=0 TOTAL=4
[2026-05-28T01:00:16.231+0000] {subprocess.py:97} INFO - Command exited with return code 0
[2026-05-28T01:00:16.232+0000] {taskinstance.py:441} INFO - ::group::Post task execution logs
[2026-05-28T01:00:16.258+0000] {taskinstance.py:1205} INFO - Marking task as SUCCESS. dag_id=flight_pipeline, task_id=dbt_marts, execution_date=20260528T000000, start_date=20260528T010009, end_date=20260528T010016
[2026-05-28T01:00:16.305+0000] {local_task_job_runner.py:240} INFO - Task exited with return code 0
[2026-05-28T01:00:16.319+0000] {taskinstance.py:3482} INFO - 0 downstream tasks scheduled from follow-on schedule check
[2026-05-28T01:00:16.322+0000] {local_task_job_runner.py:222} INFO - ::endgroup::
