[2026-05-28T03:00:07.708+0000] {local_task_job_runner.py:120} INFO - ::group::Pre task execution logs
[2026-05-28T03:00:07.749+0000] {taskinstance.py:2073} INFO - Dependencies all met for dep_context=non-requeueable deps ti=<TaskInstance: flight_pipeline.dbt_intermediate scheduled__2026-05-28T02:00:00+00:00 [queued]>
[2026-05-28T03:00:07.759+0000] {taskinstance.py:2073} INFO - Dependencies all met for dep_context=requeueable deps ti=<TaskInstance: flight_pipeline.dbt_intermediate scheduled__2026-05-28T02:00:00+00:00 [queued]>
[2026-05-28T03:00:07.760+0000] {taskinstance.py:2303} INFO - Starting attempt 1 of 2
[2026-05-28T03:00:07.777+0000] {taskinstance.py:2327} INFO - Executing <Task(BashOperator): dbt_intermediate> on 2026-05-28 02:00:00+00:00
[2026-05-28T03:00:07.791+0000] {standard_task_runner.py:90} INFO - Running: ['airflow', 'tasks', 'run', 'flight_pipeline', 'dbt_intermediate', 'scheduled__2026-05-28T02:00:00+00:00', '--job-id', '29', '--raw', '--subdir', 'DAGS_FOLDER/flight_pipeline.py', '--cfg-path', '/tmp/tmponckdb0c']
[2026-05-28T03:00:07.795+0000] {standard_task_runner.py:91} INFO - Job 29: Subtask dbt_intermediate
[2026-05-28T03:00:07.796+0000] {logging_mixin.py:188} WARNING - /home/airflow/.local/lib/python3.12/site-packages/airflow/task/task_runner/standard_task_runner.py:61 DeprecationWarning: This process (pid=3031) is multi-threaded, use of fork() may lead to deadlocks in the child.
[2026-05-28T03:00:07.797+0000] {standard_task_runner.py:63} INFO - Started process 3032 to run task
[2026-05-28T03:00:07.866+0000] {task_command.py:426} INFO - Running <TaskInstance: flight_pipeline.dbt_intermediate scheduled__2026-05-28T02:00:00+00:00 [running]> on host 9830577f4a13
[2026-05-28T03:00:07.983+0000] {taskinstance.py:2644} INFO - Exporting env vars: AIRFLOW_CTX_DAG_OWNER='flight-pulse' AIRFLOW_CTX_DAG_ID='flight_pipeline' AIRFLOW_CTX_TASK_ID='dbt_intermediate' AIRFLOW_CTX_EXECUTION_DATE='2026-05-28T02:00:00+00:00' AIRFLOW_CTX_TRY_NUMBER='1' AIRFLOW_CTX_DAG_RUN_ID='scheduled__2026-05-28T02:00:00+00:00'
[2026-05-28T03:00:07.984+0000] {taskinstance.py:430} INFO - ::endgroup::
[2026-05-28T03:00:08.002+0000] {subprocess.py:63} INFO - Tmp dir root location: /tmp
[2026-05-28T03:00:08.004+0000] {subprocess.py:75} INFO - Running command: ['/usr/bin/bash', '-c', 'docker exec dbt dbt run --select intermediate']
[2026-05-28T03:00:08.018+0000] {subprocess.py:86} INFO - Output:
[2026-05-28T03:00:09.885+0000] {subprocess.py:93} INFO - [0m03:00:09  Running with dbt=1.12.0-b1
[2026-05-28T03:00:10.139+0000] {subprocess.py:93} INFO - [0m03:00:10  Registered adapter: postgres=1.10.0
[2026-05-28T03:00:10.731+0000] {subprocess.py:93} INFO - [0m03:00:10  Found 6 models, 475 macros
[2026-05-28T03:00:10.735+0000] {subprocess.py:93} INFO - [0m03:00:10
[2026-05-28T03:00:10.736+0000] {subprocess.py:93} INFO - [0m03:00:10  Concurrency: 1 threads (target='dev')
[2026-05-28T03:00:10.737+0000] {subprocess.py:93} INFO - [0m03:00:10
[2026-05-28T03:00:10.968+0000] {subprocess.py:93} INFO - [0m03:00:10  1 of 1 START sql view model public.int_flights_cleaned ......................... [RUN]
[2026-05-28T03:00:11.123+0000] {subprocess.py:93} INFO - [0m03:00:11  1 of 1 OK created sql view model public.int_flights_cleaned .................... [[32mCREATE VIEW[0m in 0.15s]
[2026-05-28T03:00:11.140+0000] {subprocess.py:93} INFO - [0m03:00:11
[2026-05-28T03:00:11.141+0000] {subprocess.py:93} INFO - [0m03:00:11  Finished running 1 view model in 0 hours 0 minutes and 0.40 seconds (0.40s).
[2026-05-28T03:00:11.209+0000] {subprocess.py:93} INFO - [0m03:00:11
[2026-05-28T03:00:11.210+0000] {subprocess.py:93} INFO - [0m03:00:11  [32mCompleted successfully[0m
[2026-05-28T03:00:11.210+0000] {subprocess.py:93} INFO - [0m03:00:11
[2026-05-28T03:00:11.212+0000] {subprocess.py:93} INFO - [0m03:00:11  Done. PASS=1 WARN=0 ERROR=0 SKIP=0 NO-OP=0 TOTAL=1
[2026-05-28T03:00:12.516+0000] {subprocess.py:97} INFO - Command exited with return code 0
[2026-05-28T03:00:12.517+0000] {taskinstance.py:441} INFO - ::group::Post task execution logs
[2026-05-28T03:00:12.549+0000] {taskinstance.py:1205} INFO - Marking task as SUCCESS. dag_id=flight_pipeline, task_id=dbt_intermediate, execution_date=20260528T020000, start_date=20260528T030007, end_date=20260528T030012
[2026-05-28T03:00:12.588+0000] {local_task_job_runner.py:240} INFO - Task exited with return code 0
[2026-05-28T03:00:12.615+0000] {taskinstance.py:3482} INFO - 1 downstream tasks scheduled from follow-on schedule check
[2026-05-28T03:00:12.619+0000] {local_task_job_runner.py:222} INFO - ::endgroup::
