[2026-05-27T05:11:54.863+0000] {local_task_job_runner.py:120} INFO - ::group::Pre task execution logs
[2026-05-27T05:11:54.925+0000] {taskinstance.py:2073} INFO - Dependencies all met for dep_context=non-requeueable deps ti=<TaskInstance: flight_pipeline.dbt_staging manual__2026-05-27T05:11:52.800723+00:00 [queued]>
[2026-05-27T05:11:54.938+0000] {taskinstance.py:2073} INFO - Dependencies all met for dep_context=requeueable deps ti=<TaskInstance: flight_pipeline.dbt_staging manual__2026-05-27T05:11:52.800723+00:00 [queued]>
[2026-05-27T05:11:54.939+0000] {taskinstance.py:2303} INFO - Starting attempt 1 of 2
[2026-05-27T05:11:54.967+0000] {taskinstance.py:2327} INFO - Executing <Task(BashOperator): dbt_staging> on 2026-05-27 05:11:52.800723+00:00
[2026-05-27T05:11:54.981+0000] {standard_task_runner.py:90} INFO - Running: ['airflow', 'tasks', 'run', 'flight_pipeline', 'dbt_staging', 'manual__2026-05-27T05:11:52.800723+00:00', '--job-id', '5', '--raw', '--subdir', 'DAGS_FOLDER/flight_pipeline.py', '--cfg-path', '/tmp/tmpwfdp6itw']
[2026-05-27T05:11:54.985+0000] {standard_task_runner.py:91} INFO - Job 5: Subtask dbt_staging
[2026-05-27T05:11:54.985+0000] {logging_mixin.py:188} WARNING - /home/airflow/.local/lib/python3.12/site-packages/airflow/task/task_runner/standard_task_runner.py:61 DeprecationWarning: This process (pid=305) is multi-threaded, use of fork() may lead to deadlocks in the child.
[2026-05-27T05:11:54.986+0000] {standard_task_runner.py:63} INFO - Started process 306 to run task
[2026-05-27T05:11:55.054+0000] {task_command.py:426} INFO - Running <TaskInstance: flight_pipeline.dbt_staging manual__2026-05-27T05:11:52.800723+00:00 [running]> on host 9830577f4a13
[2026-05-27T05:11:55.201+0000] {taskinstance.py:2644} INFO - Exporting env vars: AIRFLOW_CTX_DAG_OWNER='flight-pulse' AIRFLOW_CTX_DAG_ID='flight_pipeline' AIRFLOW_CTX_TASK_ID='dbt_staging' AIRFLOW_CTX_EXECUTION_DATE='2026-05-27T05:11:52.800723+00:00' AIRFLOW_CTX_TRY_NUMBER='1' AIRFLOW_CTX_DAG_RUN_ID='manual__2026-05-27T05:11:52.800723+00:00'
[2026-05-27T05:11:55.202+0000] {taskinstance.py:430} INFO - ::endgroup::
[2026-05-27T05:11:55.227+0000] {subprocess.py:63} INFO - Tmp dir root location: /tmp
[2026-05-27T05:11:55.230+0000] {subprocess.py:75} INFO - Running command: ['/usr/bin/bash', '-c', 'docker exec dbt dbt run --select staging']
[2026-05-27T05:11:55.245+0000] {subprocess.py:86} INFO - Output:
[2026-05-27T05:11:56.940+0000] {subprocess.py:93} INFO - [0m05:11:56  Running with dbt=1.12.0-b1
[2026-05-27T05:11:57.149+0000] {subprocess.py:93} INFO - [0m05:11:57  Registered adapter: postgres=1.10.0
[2026-05-27T05:11:57.642+0000] {subprocess.py:93} INFO - [0m05:11:57  Found 6 models, 475 macros
[2026-05-27T05:11:57.644+0000] {subprocess.py:93} INFO - [0m05:11:57
[2026-05-27T05:11:57.645+0000] {subprocess.py:93} INFO - [0m05:11:57  Concurrency: 1 threads (target='dev')
[2026-05-27T05:11:57.646+0000] {subprocess.py:93} INFO - [0m05:11:57
[2026-05-27T05:11:57.888+0000] {subprocess.py:93} INFO - [0m05:11:57  1 of 1 START sql view model public.stg_flights ................................. [RUN]
[2026-05-27T05:11:58.012+0000] {subprocess.py:93} INFO - [0m05:11:58  1 of 1 OK created sql view model public.stg_flights ............................ [[32mCREATE VIEW[0m in 0.12s]
[2026-05-27T05:11:58.027+0000] {subprocess.py:93} INFO - [0m05:11:58
[2026-05-27T05:11:58.028+0000] {subprocess.py:93} INFO - [0m05:11:58  Finished running 1 view model in 0 hours 0 minutes and 0.38 seconds (0.38s).
[2026-05-27T05:11:58.107+0000] {subprocess.py:93} INFO - [0m05:11:58
[2026-05-27T05:11:58.108+0000] {subprocess.py:93} INFO - [0m05:11:58  [32mCompleted successfully[0m
[2026-05-27T05:11:58.109+0000] {subprocess.py:93} INFO - [0m05:11:58
[2026-05-27T05:11:58.110+0000] {subprocess.py:93} INFO - [0m05:11:58  Done. PASS=1 WARN=0 ERROR=0 SKIP=0 NO-OP=0 TOTAL=1
[2026-05-27T05:11:59.045+0000] {subprocess.py:97} INFO - Command exited with return code 0
[2026-05-27T05:11:59.047+0000] {taskinstance.py:441} INFO - ::group::Post task execution logs
[2026-05-27T05:11:59.083+0000] {taskinstance.py:1205} INFO - Marking task as SUCCESS. dag_id=flight_pipeline, task_id=dbt_staging, execution_date=20260527T051152, start_date=20260527T051154, end_date=20260527T051159
[2026-05-27T05:11:59.131+0000] {local_task_job_runner.py:240} INFO - Task exited with return code 0
[2026-05-27T05:11:59.153+0000] {taskinstance.py:3482} INFO - 1 downstream tasks scheduled from follow-on schedule check
[2026-05-27T05:11:59.155+0000] {local_task_job_runner.py:222} INFO - ::endgroup::
