[2026-05-28T01:00:05.169+0000] {local_task_job_runner.py:120} INFO - ::group::Pre task execution logs
[2026-05-28T01:00:05.202+0000] {taskinstance.py:2073} INFO - Dependencies all met for dep_context=non-requeueable deps ti=<TaskInstance: flight_pipeline.dbt_intermediate scheduled__2026-05-28T00:00:00+00:00 [queued]>
[2026-05-28T01:00:05.209+0000] {taskinstance.py:2073} INFO - Dependencies all met for dep_context=requeueable deps ti=<TaskInstance: flight_pipeline.dbt_intermediate scheduled__2026-05-28T00:00:00+00:00 [queued]>
[2026-05-28T01:00:05.210+0000] {taskinstance.py:2303} INFO - Starting attempt 1 of 2
[2026-05-28T01:00:05.223+0000] {taskinstance.py:2327} INFO - Executing <Task(BashOperator): dbt_intermediate> on 2026-05-28 00:00:00+00:00
[2026-05-28T01:00:05.232+0000] {standard_task_runner.py:90} INFO - Running: ['airflow', 'tasks', 'run', 'flight_pipeline', 'dbt_intermediate', 'scheduled__2026-05-28T00:00:00+00:00', '--job-id', '23', '--raw', '--subdir', 'DAGS_FOLDER/flight_pipeline.py', '--cfg-path', '/tmp/tmpvn2vnhyp']
[2026-05-28T01:00:05.235+0000] {standard_task_runner.py:91} INFO - Job 23: Subtask dbt_intermediate
[2026-05-28T01:00:05.235+0000] {logging_mixin.py:188} WARNING - /home/airflow/.local/lib/python3.12/site-packages/airflow/task/task_runner/standard_task_runner.py:61 DeprecationWarning: This process (pid=1777) is multi-threaded, use of fork() may lead to deadlocks in the child.
[2026-05-28T01:00:05.236+0000] {standard_task_runner.py:63} INFO - Started process 1778 to run task
[2026-05-28T01:00:05.296+0000] {task_command.py:426} INFO - Running <TaskInstance: flight_pipeline.dbt_intermediate scheduled__2026-05-28T00:00:00+00:00 [running]> on host 9830577f4a13
[2026-05-28T01:00:05.385+0000] {taskinstance.py:2644} INFO - Exporting env vars: AIRFLOW_CTX_DAG_OWNER='flight-pulse' AIRFLOW_CTX_DAG_ID='flight_pipeline' AIRFLOW_CTX_TASK_ID='dbt_intermediate' AIRFLOW_CTX_EXECUTION_DATE='2026-05-28T00:00:00+00:00' AIRFLOW_CTX_TRY_NUMBER='1' AIRFLOW_CTX_DAG_RUN_ID='scheduled__2026-05-28T00:00:00+00:00'
[2026-05-28T01:00:05.385+0000] {taskinstance.py:430} INFO - ::endgroup::
[2026-05-28T01:00:05.399+0000] {subprocess.py:63} INFO - Tmp dir root location: /tmp
[2026-05-28T01:00:05.401+0000] {subprocess.py:75} INFO - Running command: ['/usr/bin/bash', '-c', 'docker exec dbt dbt run --select intermediate']
[2026-05-28T01:00:05.413+0000] {subprocess.py:86} INFO - Output:
[2026-05-28T01:00:06.960+0000] {subprocess.py:93} INFO - [0m01:00:06  Running with dbt=1.12.0-b1
[2026-05-28T01:00:07.177+0000] {subprocess.py:93} INFO - [0m01:00:07  Registered adapter: postgres=1.10.0
[2026-05-28T01:00:07.579+0000] {subprocess.py:93} INFO - [0m01:00:07  Found 6 models, 475 macros
[2026-05-28T01:00:07.582+0000] {subprocess.py:93} INFO - [0m01:00:07
[2026-05-28T01:00:07.583+0000] {subprocess.py:93} INFO - [0m01:00:07  Concurrency: 1 threads (target='dev')
[2026-05-28T01:00:07.584+0000] {subprocess.py:93} INFO - [0m01:00:07
[2026-05-28T01:00:07.737+0000] {subprocess.py:93} INFO - [0m01:00:07  1 of 1 START sql view model public.int_flights_cleaned ......................... [RUN]
[2026-05-28T01:00:07.842+0000] {subprocess.py:93} INFO - [0m01:00:07  1 of 1 OK created sql view model public.int_flights_cleaned .................... [[32mCREATE VIEW[0m in 0.10s]
[2026-05-28T01:00:07.855+0000] {subprocess.py:93} INFO - [0m01:00:07
[2026-05-28T01:00:07.856+0000] {subprocess.py:93} INFO - [0m01:00:07  Finished running 1 view model in 0 hours 0 minutes and 0.27 seconds (0.27s).
[2026-05-28T01:00:07.908+0000] {subprocess.py:93} INFO - [0m01:00:07
[2026-05-28T01:00:07.909+0000] {subprocess.py:93} INFO - [0m01:00:07  [32mCompleted successfully[0m
[2026-05-28T01:00:07.910+0000] {subprocess.py:93} INFO - [0m01:00:07
[2026-05-28T01:00:07.911+0000] {subprocess.py:93} INFO - [0m01:00:07  Done. PASS=1 WARN=0 ERROR=0 SKIP=0 NO-OP=0 TOTAL=1
[2026-05-28T01:00:08.620+0000] {subprocess.py:97} INFO - Command exited with return code 0
[2026-05-28T01:00:08.621+0000] {taskinstance.py:441} INFO - ::group::Post task execution logs
[2026-05-28T01:00:08.643+0000] {taskinstance.py:1205} INFO - Marking task as SUCCESS. dag_id=flight_pipeline, task_id=dbt_intermediate, execution_date=20260528T000000, start_date=20260528T010005, end_date=20260528T010008
[2026-05-28T01:00:08.670+0000] {local_task_job_runner.py:240} INFO - Task exited with return code 0
[2026-05-28T01:00:08.687+0000] {taskinstance.py:3482} INFO - 1 downstream tasks scheduled from follow-on schedule check
[2026-05-28T01:00:08.690+0000] {local_task_job_runner.py:222} INFO - ::endgroup::
