[2026-05-28T06:00:00.652+0000] {local_task_job_runner.py:120} INFO - ::group::Pre task execution logs
[2026-05-28T06:00:00.687+0000] {taskinstance.py:2073} INFO - Dependencies all met for dep_context=non-requeueable deps ti=<TaskInstance: flight_pipeline.dbt_staging scheduled__2026-05-28T05:00:00+00:00 [queued]>
[2026-05-28T06:00:00.694+0000] {taskinstance.py:2073} INFO - Dependencies all met for dep_context=requeueable deps ti=<TaskInstance: flight_pipeline.dbt_staging scheduled__2026-05-28T05:00:00+00:00 [queued]>
[2026-05-28T06:00:00.695+0000] {taskinstance.py:2303} INFO - Starting attempt 1 of 2
[2026-05-28T06:00:00.710+0000] {taskinstance.py:2327} INFO - Executing <Task(BashOperator): dbt_staging> on 2026-05-28 05:00:00+00:00
[2026-05-28T06:00:00.724+0000] {standard_task_runner.py:90} INFO - Running: ['airflow', 'tasks', 'run', 'flight_pipeline', 'dbt_staging', 'scheduled__2026-05-28T05:00:00+00:00', '--job-id', '37', '--raw', '--subdir', 'DAGS_FOLDER/flight_pipeline.py', '--cfg-path', '/tmp/tmpa0ttqoh5']
[2026-05-28T06:00:00.728+0000] {standard_task_runner.py:91} INFO - Job 37: Subtask dbt_staging
[2026-05-28T06:00:00.728+0000] {logging_mixin.py:188} WARNING - /home/airflow/.local/lib/python3.12/site-packages/airflow/task/task_runner/standard_task_runner.py:61 DeprecationWarning: This process (pid=4870) is multi-threaded, use of fork() may lead to deadlocks in the child.
[2026-05-28T06:00:00.729+0000] {standard_task_runner.py:63} INFO - Started process 4871 to run task
[2026-05-28T06:00:00.800+0000] {task_command.py:426} INFO - Running <TaskInstance: flight_pipeline.dbt_staging scheduled__2026-05-28T05:00:00+00:00 [running]> on host 9830577f4a13
[2026-05-28T06:00:00.897+0000] {taskinstance.py:2644} INFO - Exporting env vars: AIRFLOW_CTX_DAG_OWNER='flight-pulse' AIRFLOW_CTX_DAG_ID='flight_pipeline' AIRFLOW_CTX_TASK_ID='dbt_staging' AIRFLOW_CTX_EXECUTION_DATE='2026-05-28T05:00:00+00:00' AIRFLOW_CTX_TRY_NUMBER='1' AIRFLOW_CTX_DAG_RUN_ID='scheduled__2026-05-28T05:00:00+00:00'
[2026-05-28T06:00:00.898+0000] {taskinstance.py:430} INFO - ::endgroup::
[2026-05-28T06:00:00.916+0000] {subprocess.py:63} INFO - Tmp dir root location: /tmp
[2026-05-28T06:00:00.918+0000] {subprocess.py:75} INFO - Running command: ['/usr/bin/bash', '-c', 'docker exec dbt dbt run --select staging']
[2026-05-28T06:00:00.935+0000] {subprocess.py:86} INFO - Output:
[2026-05-28T06:00:02.558+0000] {subprocess.py:93} INFO - [0m06:00:02  Running with dbt=1.12.0-b1
[2026-05-28T06:00:02.766+0000] {subprocess.py:93} INFO - [0m06:00:02  Registered adapter: postgres=1.10.0
[2026-05-28T06:00:03.249+0000] {subprocess.py:93} INFO - [0m06:00:03  Found 6 models, 475 macros
[2026-05-28T06:00:03.252+0000] {subprocess.py:93} INFO - [0m06:00:03
[2026-05-28T06:00:03.253+0000] {subprocess.py:93} INFO - [0m06:00:03  Concurrency: 1 threads (target='dev')
[2026-05-28T06:00:03.254+0000] {subprocess.py:93} INFO - [0m06:00:03
[2026-05-28T06:00:03.482+0000] {subprocess.py:93} INFO - [0m06:00:03  1 of 1 START sql view model public.stg_flights ................................. [RUN]
[2026-05-28T06:00:03.638+0000] {subprocess.py:93} INFO - [0m06:00:03  1 of 1 OK created sql view model public.stg_flights ............................ [[32mCREATE VIEW[0m in 0.15s]
[2026-05-28T06:00:03.654+0000] {subprocess.py:93} INFO - [0m06:00:03
[2026-05-28T06:00:03.654+0000] {subprocess.py:93} INFO - [0m06:00:03  Finished running 1 view model in 0 hours 0 minutes and 0.40 seconds (0.40s).
[2026-05-28T06:00:03.717+0000] {subprocess.py:93} INFO - [0m06:00:03
[2026-05-28T06:00:03.718+0000] {subprocess.py:93} INFO - [0m06:00:03  [32mCompleted successfully[0m
[2026-05-28T06:00:03.719+0000] {subprocess.py:93} INFO - [0m06:00:03
[2026-05-28T06:00:03.720+0000] {subprocess.py:93} INFO - [0m06:00:03  Done. PASS=1 WARN=0 ERROR=0 SKIP=0 NO-OP=0 TOTAL=1
[2026-05-28T06:00:04.725+0000] {subprocess.py:97} INFO - Command exited with return code 0
[2026-05-28T06:00:04.726+0000] {taskinstance.py:441} INFO - ::group::Post task execution logs
[2026-05-28T06:00:04.757+0000] {taskinstance.py:1205} INFO - Marking task as SUCCESS. dag_id=flight_pipeline, task_id=dbt_staging, execution_date=20260528T050000, start_date=20260528T060000, end_date=20260528T060004
[2026-05-28T06:00:04.795+0000] {local_task_job_runner.py:240} INFO - Task exited with return code 0
[2026-05-28T06:00:04.822+0000] {taskinstance.py:3482} INFO - 1 downstream tasks scheduled from follow-on schedule check
[2026-05-28T06:00:04.826+0000] {local_task_job_runner.py:222} INFO - ::endgroup::
