[2026-05-27T22:35:43.805+0000] {local_task_job_runner.py:120} INFO - ::group::Pre task execution logs
[2026-05-27T22:35:43.831+0000] {taskinstance.py:2073} INFO - Dependencies all met for dep_context=non-requeueable deps ti=<TaskInstance: flight_pipeline.dbt_marts scheduled__2026-05-27T21:00:00+00:00 [queued]>
[2026-05-27T22:35:43.837+0000] {taskinstance.py:2073} INFO - Dependencies all met for dep_context=requeueable deps ti=<TaskInstance: flight_pipeline.dbt_marts scheduled__2026-05-27T21:00:00+00:00 [queued]>
[2026-05-27T22:35:43.837+0000] {taskinstance.py:2303} INFO - Starting attempt 1 of 2
[2026-05-27T22:35:43.848+0000] {taskinstance.py:2327} INFO - Executing <Task(BashOperator): dbt_marts> on 2026-05-27 21:00:00+00:00
[2026-05-27T22:35:43.855+0000] {standard_task_runner.py:90} INFO - Running: ['airflow', 'tasks', 'run', 'flight_pipeline', 'dbt_marts', 'scheduled__2026-05-27T21:00:00+00:00', '--job-id', '15', '--raw', '--subdir', 'DAGS_FOLDER/flight_pipeline.py', '--cfg-path', '/tmp/tmput37lj43']
[2026-05-27T22:35:43.857+0000] {standard_task_runner.py:91} INFO - Job 15: Subtask dbt_marts
[2026-05-27T22:35:43.858+0000] {logging_mixin.py:188} WARNING - /home/airflow/.local/lib/python3.12/site-packages/airflow/task/task_runner/standard_task_runner.py:61 DeprecationWarning: This process (pid=289) is multi-threaded, use of fork() may lead to deadlocks in the child.
[2026-05-27T22:35:43.858+0000] {standard_task_runner.py:63} INFO - Started process 290 to run task
[2026-05-27T22:35:43.902+0000] {task_command.py:426} INFO - Running <TaskInstance: flight_pipeline.dbt_marts scheduled__2026-05-27T21:00:00+00:00 [running]> on host 9830577f4a13
[2026-05-27T22:35:43.976+0000] {taskinstance.py:2644} INFO - Exporting env vars: AIRFLOW_CTX_DAG_OWNER='flight-pulse' AIRFLOW_CTX_DAG_ID='flight_pipeline' AIRFLOW_CTX_TASK_ID='dbt_marts' AIRFLOW_CTX_EXECUTION_DATE='2026-05-27T21:00:00+00:00' AIRFLOW_CTX_TRY_NUMBER='1' AIRFLOW_CTX_DAG_RUN_ID='scheduled__2026-05-27T21:00:00+00:00'
[2026-05-27T22:35:43.977+0000] {taskinstance.py:430} INFO - ::endgroup::
[2026-05-27T22:35:43.990+0000] {subprocess.py:63} INFO - Tmp dir root location: /tmp
[2026-05-27T22:35:43.991+0000] {subprocess.py:75} INFO - Running command: ['/usr/bin/bash', '-c', 'docker exec dbt dbt run --select marts']
[2026-05-27T22:35:44.001+0000] {subprocess.py:86} INFO - Output:
[2026-05-27T22:35:45.317+0000] {subprocess.py:93} INFO - [0m22:35:45  Running with dbt=1.12.0-b1
[2026-05-27T22:35:45.541+0000] {subprocess.py:93} INFO - [0m22:35:45  Registered adapter: postgres=1.10.0
[2026-05-27T22:35:45.940+0000] {subprocess.py:93} INFO - [0m22:35:45  Found 6 models, 475 macros
[2026-05-27T22:35:45.943+0000] {subprocess.py:93} INFO - [0m22:35:45
[2026-05-27T22:35:45.944+0000] {subprocess.py:93} INFO - [0m22:35:45  Concurrency: 1 threads (target='dev')
[2026-05-27T22:35:45.945+0000] {subprocess.py:93} INFO - [0m22:35:45
[2026-05-27T22:35:46.115+0000] {subprocess.py:93} INFO - [0m22:35:46  1 of 4 START sql table model public.mart_altitude_stats ........................ [RUN]
[2026-05-27T22:35:46.751+0000] {subprocess.py:93} INFO - [0m22:35:46  1 of 4 OK created sql table model public.mart_altitude_stats ................... [[32mSELECT 15[0m in 0.63s]
[2026-05-27T22:35:46.754+0000] {subprocess.py:93} INFO - [0m22:35:46  2 of 4 START sql table model public.mart_flights_by_country .................... [RUN]
[2026-05-27T22:35:47.263+0000] {subprocess.py:93} INFO - [0m22:35:47  2 of 4 OK created sql table model public.mart_flights_by_country ............... [[32mSELECT 109[0m in 0.51s]
[2026-05-27T22:35:47.266+0000] {subprocess.py:93} INFO - [0m22:35:47  3 of 4 START sql table model public.mart_flights_by_hour ....................... [RUN]
[2026-05-27T22:35:47.905+0000] {subprocess.py:93} INFO - [0m22:35:47  3 of 4 OK created sql table model public.mart_flights_by_hour .................. [[32mSELECT 2[0m in 0.64s]
[2026-05-27T22:35:47.907+0000] {subprocess.py:93} INFO - [0m22:35:47  4 of 4 START sql table model public.mart_top_airlines .......................... [RUN]
[2026-05-27T22:35:48.557+0000] {subprocess.py:93} INFO - [0m22:35:48  4 of 4 OK created sql table model public.mart_top_airlines ..................... [[32mSELECT 15[0m in 0.65s]
[2026-05-27T22:35:48.572+0000] {subprocess.py:93} INFO - [0m22:35:48
[2026-05-27T22:35:48.573+0000] {subprocess.py:93} INFO - [0m22:35:48  Finished running 4 table models in 0 hours 0 minutes and 2.63 seconds (2.63s).
[2026-05-27T22:35:48.622+0000] {subprocess.py:93} INFO - [0m22:35:48
[2026-05-27T22:35:48.623+0000] {subprocess.py:93} INFO - [0m22:35:48  [32mCompleted successfully[0m
[2026-05-27T22:35:48.624+0000] {subprocess.py:93} INFO - [0m22:35:48
[2026-05-27T22:35:48.625+0000] {subprocess.py:93} INFO - [0m22:35:48  Done. PASS=4 WARN=0 ERROR=0 SKIP=0 NO-OP=0 TOTAL=4
[2026-05-27T22:35:49.487+0000] {subprocess.py:97} INFO - Command exited with return code 0
[2026-05-27T22:35:49.488+0000] {taskinstance.py:441} INFO - ::group::Post task execution logs
[2026-05-27T22:35:49.509+0000] {taskinstance.py:1205} INFO - Marking task as SUCCESS. dag_id=flight_pipeline, task_id=dbt_marts, execution_date=20260527T210000, start_date=20260527T223543, end_date=20260527T223549
[2026-05-27T22:35:49.561+0000] {local_task_job_runner.py:240} INFO - Task exited with return code 0
[2026-05-27T22:35:49.573+0000] {taskinstance.py:3482} INFO - 0 downstream tasks scheduled from follow-on schedule check
[2026-05-27T22:35:49.574+0000] {local_task_job_runner.py:222} INFO - ::endgroup::
