[2026-05-28T05:00:09.706+0000] {local_task_job_runner.py:120} INFO - ::group::Pre task execution logs
[2026-05-28T05:00:09.737+0000] {taskinstance.py:2073} INFO - Dependencies all met for dep_context=non-requeueable deps ti=<TaskInstance: flight_pipeline.dbt_marts scheduled__2026-05-28T04:00:00+00:00 [queued]>
[2026-05-28T05:00:09.745+0000] {taskinstance.py:2073} INFO - Dependencies all met for dep_context=requeueable deps ti=<TaskInstance: flight_pipeline.dbt_marts scheduled__2026-05-28T04:00:00+00:00 [queued]>
[2026-05-28T05:00:09.745+0000] {taskinstance.py:2303} INFO - Starting attempt 1 of 2
[2026-05-28T05:00:09.760+0000] {taskinstance.py:2327} INFO - Executing <Task(BashOperator): dbt_marts> on 2026-05-28 04:00:00+00:00
[2026-05-28T05:00:09.771+0000] {standard_task_runner.py:90} INFO - Running: ['airflow', 'tasks', 'run', 'flight_pipeline', 'dbt_marts', 'scheduled__2026-05-28T04:00:00+00:00', '--job-id', '36', '--raw', '--subdir', 'DAGS_FOLDER/flight_pipeline.py', '--cfg-path', '/tmp/tmpk3b84764']
[2026-05-28T05:00:09.773+0000] {standard_task_runner.py:91} INFO - Job 36: Subtask dbt_marts
[2026-05-28T05:00:09.774+0000] {logging_mixin.py:188} WARNING - /home/airflow/.local/lib/python3.12/site-packages/airflow/task/task_runner/standard_task_runner.py:61 DeprecationWarning: This process (pid=4280) is multi-threaded, use of fork() may lead to deadlocks in the child.
[2026-05-28T05:00:09.774+0000] {standard_task_runner.py:63} INFO - Started process 4281 to run task
[2026-05-28T05:00:09.828+0000] {task_command.py:426} INFO - Running <TaskInstance: flight_pipeline.dbt_marts scheduled__2026-05-28T04:00:00+00:00 [running]> on host 9830577f4a13
[2026-05-28T05:00:09.946+0000] {taskinstance.py:2644} INFO - Exporting env vars: AIRFLOW_CTX_DAG_OWNER='flight-pulse' AIRFLOW_CTX_DAG_ID='flight_pipeline' AIRFLOW_CTX_TASK_ID='dbt_marts' AIRFLOW_CTX_EXECUTION_DATE='2026-05-28T04:00:00+00:00' AIRFLOW_CTX_TRY_NUMBER='1' AIRFLOW_CTX_DAG_RUN_ID='scheduled__2026-05-28T04:00:00+00:00'
[2026-05-28T05:00:09.948+0000] {taskinstance.py:430} INFO - ::endgroup::
[2026-05-28T05:00:09.978+0000] {subprocess.py:63} INFO - Tmp dir root location: /tmp
[2026-05-28T05:00:09.983+0000] {subprocess.py:75} INFO - Running command: ['/usr/bin/bash', '-c', 'docker exec dbt dbt run --select marts']
[2026-05-28T05:00:10.022+0000] {subprocess.py:86} INFO - Output:
[2026-05-28T05:00:11.545+0000] {subprocess.py:93} INFO - [0m05:00:11  Running with dbt=1.12.0-b1
[2026-05-28T05:00:11.776+0000] {subprocess.py:93} INFO - [0m05:00:11  Registered adapter: postgres=1.10.0
[2026-05-28T05:00:12.245+0000] {subprocess.py:93} INFO - [0m05:00:12  Found 6 models, 475 macros
[2026-05-28T05:00:12.250+0000] {subprocess.py:93} INFO - [0m05:00:12
[2026-05-28T05:00:12.251+0000] {subprocess.py:93} INFO - [0m05:00:12  Concurrency: 1 threads (target='dev')
[2026-05-28T05:00:12.252+0000] {subprocess.py:93} INFO - [0m05:00:12
[2026-05-28T05:00:12.478+0000] {subprocess.py:93} INFO - [0m05:00:12  1 of 4 START sql table model public.mart_altitude_stats ........................ [RUN]
[2026-05-28T05:00:16.493+0000] {subprocess.py:93} INFO - [0m05:00:16  1 of 4 OK created sql table model public.mart_altitude_stats ................... [[32mSELECT 306[0m in 4.01s]
[2026-05-28T05:00:16.497+0000] {subprocess.py:93} INFO - [0m05:00:16  2 of 4 START sql table model public.mart_flights_by_country .................... [RUN]
[2026-05-28T05:00:17.275+0000] {subprocess.py:93} INFO - [0m05:00:17  2 of 4 OK created sql table model public.mart_flights_by_country ............... [[32mSELECT 115[0m in 0.78s]
[2026-05-28T05:00:17.278+0000] {subprocess.py:93} INFO - [0m05:00:17  3 of 4 START sql table model public.mart_flights_by_hour ....................... [RUN]
[2026-05-28T05:00:18.259+0000] {subprocess.py:93} INFO - [0m05:00:18  3 of 4 OK created sql table model public.mart_flights_by_hour .................. [[32mSELECT 3[0m in 0.98s]
[2026-05-28T05:00:18.262+0000] {subprocess.py:93} INFO - [0m05:00:18  4 of 4 START sql table model public.mart_top_airlines .......................... [RUN]
[2026-05-28T05:00:19.529+0000] {subprocess.py:93} INFO - [0m05:00:19  4 of 4 OK created sql table model public.mart_top_airlines ..................... [[32mSELECT 15[0m in 1.24s]
[2026-05-28T05:00:19.580+0000] {subprocess.py:93} INFO - [0m05:00:19
[2026-05-28T05:00:19.584+0000] {subprocess.py:93} INFO - [0m05:00:19  Finished running 4 table models in 0 hours 0 minutes and 7.33 seconds (7.33s).
[2026-05-28T05:00:19.696+0000] {subprocess.py:93} INFO - [0m05:00:19
[2026-05-28T05:00:19.697+0000] {subprocess.py:93} INFO - [0m05:00:19  [32mCompleted successfully[0m
[2026-05-28T05:00:19.698+0000] {subprocess.py:93} INFO - [0m05:00:19
[2026-05-28T05:00:19.700+0000] {subprocess.py:93} INFO - [0m05:00:19  Done. PASS=4 WARN=0 ERROR=0 SKIP=0 NO-OP=0 TOTAL=4
[2026-05-28T05:00:20.477+0000] {subprocess.py:97} INFO - Command exited with return code 0
[2026-05-28T05:00:20.478+0000] {taskinstance.py:441} INFO - ::group::Post task execution logs
[2026-05-28T05:00:20.505+0000] {taskinstance.py:1205} INFO - Marking task as SUCCESS. dag_id=flight_pipeline, task_id=dbt_marts, execution_date=20260528T040000, start_date=20260528T050009, end_date=20260528T050020
[2026-05-28T05:00:20.533+0000] {local_task_job_runner.py:240} INFO - Task exited with return code 0
[2026-05-28T05:00:20.550+0000] {taskinstance.py:3482} INFO - 0 downstream tasks scheduled from follow-on schedule check
[2026-05-28T05:00:20.553+0000] {local_task_job_runner.py:222} INFO - ::endgroup::
