[2026-05-28T06:00:11.213+0000] {local_task_job_runner.py:120} INFO - ::group::Pre task execution logs
[2026-05-28T06:00:11.243+0000] {taskinstance.py:2073} INFO - Dependencies all met for dep_context=non-requeueable deps ti=<TaskInstance: flight_pipeline.dbt_marts scheduled__2026-05-28T05:00:00+00:00 [queued]>
[2026-05-28T06:00:11.250+0000] {taskinstance.py:2073} INFO - Dependencies all met for dep_context=requeueable deps ti=<TaskInstance: flight_pipeline.dbt_marts scheduled__2026-05-28T05:00:00+00:00 [queued]>
[2026-05-28T06:00:11.251+0000] {taskinstance.py:2303} INFO - Starting attempt 1 of 2
[2026-05-28T06:00:11.264+0000] {taskinstance.py:2327} INFO - Executing <Task(BashOperator): dbt_marts> on 2026-05-28 05:00:00+00:00
[2026-05-28T06:00:11.279+0000] {logging_mixin.py:188} WARNING - /home/airflow/.local/lib/python3.12/site-packages/airflow/task/task_runner/standard_task_runner.py:61 DeprecationWarning: This process (pid=4896) is multi-threaded, use of fork() may lead to deadlocks in the child.
[2026-05-28T06:00:11.277+0000] {standard_task_runner.py:90} INFO - Running: ['airflow', 'tasks', 'run', 'flight_pipeline', 'dbt_marts', 'scheduled__2026-05-28T05:00:00+00:00', '--job-id', '39', '--raw', '--subdir', 'DAGS_FOLDER/flight_pipeline.py', '--cfg-path', '/tmp/tmp2ko1wfv0']
[2026-05-28T06:00:11.280+0000] {standard_task_runner.py:63} INFO - Started process 4897 to run task
[2026-05-28T06:00:11.280+0000] {standard_task_runner.py:91} INFO - Job 39: Subtask dbt_marts
[2026-05-28T06:00:11.336+0000] {task_command.py:426} INFO - Running <TaskInstance: flight_pipeline.dbt_marts scheduled__2026-05-28T05:00:00+00:00 [running]> on host 9830577f4a13
[2026-05-28T06:00:11.424+0000] {taskinstance.py:2644} INFO - Exporting env vars: AIRFLOW_CTX_DAG_OWNER='flight-pulse' AIRFLOW_CTX_DAG_ID='flight_pipeline' AIRFLOW_CTX_TASK_ID='dbt_marts' AIRFLOW_CTX_EXECUTION_DATE='2026-05-28T05:00:00+00:00' AIRFLOW_CTX_TRY_NUMBER='1' AIRFLOW_CTX_DAG_RUN_ID='scheduled__2026-05-28T05:00:00+00:00'
[2026-05-28T06:00:11.425+0000] {taskinstance.py:430} INFO - ::endgroup::
[2026-05-28T06:00:11.439+0000] {subprocess.py:63} INFO - Tmp dir root location: /tmp
[2026-05-28T06:00:11.441+0000] {subprocess.py:75} INFO - Running command: ['/usr/bin/bash', '-c', 'docker exec dbt dbt run --select marts']
[2026-05-28T06:00:11.454+0000] {subprocess.py:86} INFO - Output:
[2026-05-28T06:00:13.097+0000] {subprocess.py:93} INFO - [0m06:00:13  Running with dbt=1.12.0-b1
[2026-05-28T06:00:13.317+0000] {subprocess.py:93} INFO - [0m06:00:13  Registered adapter: postgres=1.10.0
[2026-05-28T06:00:13.727+0000] {subprocess.py:93} INFO - [0m06:00:13  Found 6 models, 475 macros
[2026-05-28T06:00:13.731+0000] {subprocess.py:93} INFO - [0m06:00:13
[2026-05-28T06:00:13.732+0000] {subprocess.py:93} INFO - [0m06:00:13  Concurrency: 1 threads (target='dev')
[2026-05-28T06:00:13.733+0000] {subprocess.py:93} INFO - [0m06:00:13
[2026-05-28T06:00:13.919+0000] {subprocess.py:93} INFO - [0m06:00:13  1 of 4 START sql table model public.mart_altitude_stats ........................ [RUN]
[2026-05-28T06:00:14.963+0000] {subprocess.py:93} INFO - [0m06:00:14  1 of 4 OK created sql table model public.mart_altitude_stats ................... [[32mSELECT 306[0m in 1.04s]
[2026-05-28T06:00:14.966+0000] {subprocess.py:93} INFO - [0m06:00:14  2 of 4 START sql table model public.mart_flights_by_country .................... [RUN]
[2026-05-28T06:00:15.948+0000] {subprocess.py:93} INFO - [0m06:00:15  2 of 4 OK created sql table model public.mart_flights_by_country ............... [[32mSELECT 115[0m in 0.98s]
[2026-05-28T06:00:15.952+0000] {subprocess.py:93} INFO - [0m06:00:15  3 of 4 START sql table model public.mart_flights_by_hour ....................... [RUN]
[2026-05-28T06:00:17.080+0000] {subprocess.py:93} INFO - [0m06:00:17  3 of 4 OK created sql table model public.mart_flights_by_hour .................. [[32mSELECT 3[0m in 1.12s]
[2026-05-28T06:00:17.085+0000] {subprocess.py:93} INFO - [0m06:00:17  4 of 4 START sql table model public.mart_top_airlines .......................... [RUN]
[2026-05-28T06:00:18.742+0000] {subprocess.py:93} INFO - [0m06:00:18  4 of 4 OK created sql table model public.mart_top_airlines ..................... [[32mSELECT 15[0m in 1.65s]
[2026-05-28T06:00:18.761+0000] {subprocess.py:93} INFO - [0m06:00:18
[2026-05-28T06:00:18.762+0000] {subprocess.py:93} INFO - [0m06:00:18  Finished running 4 table models in 0 hours 0 minutes and 5.03 seconds (5.03s).
[2026-05-28T06:00:18.827+0000] {subprocess.py:93} INFO - [0m06:00:18
[2026-05-28T06:00:18.828+0000] {subprocess.py:93} INFO - [0m06:00:18  [32mCompleted successfully[0m
[2026-05-28T06:00:18.829+0000] {subprocess.py:93} INFO - [0m06:00:18
[2026-05-28T06:00:18.831+0000] {subprocess.py:93} INFO - [0m06:00:18  Done. PASS=4 WARN=0 ERROR=0 SKIP=0 NO-OP=0 TOTAL=4
[2026-05-28T06:00:19.813+0000] {subprocess.py:97} INFO - Command exited with return code 0
[2026-05-28T06:00:19.814+0000] {taskinstance.py:441} INFO - ::group::Post task execution logs
[2026-05-28T06:00:19.847+0000] {taskinstance.py:1205} INFO - Marking task as SUCCESS. dag_id=flight_pipeline, task_id=dbt_marts, execution_date=20260528T050000, start_date=20260528T060011, end_date=20260528T060019
[2026-05-28T06:00:19.895+0000] {local_task_job_runner.py:240} INFO - Task exited with return code 0
[2026-05-28T06:00:19.913+0000] {taskinstance.py:3482} INFO - 0 downstream tasks scheduled from follow-on schedule check
[2026-05-28T06:00:19.916+0000] {local_task_job_runner.py:222} INFO - ::endgroup::
