[2026-05-27T05:04:38.462+0000] {processor.py:161} INFO - Started process (PID=168) to work on /opt/airflow/dags/flight_pipeline.py
[2026-05-27T05:04:38.464+0000] {processor.py:830} INFO - Processing file /opt/airflow/dags/flight_pipeline.py for tasks to queue
[2026-05-27T05:04:38.498+0000] {logging_mixin.py:188} INFO - [2026-05-27T05:04:38.491+0000] {dagbag.py:540} INFO - Filling up the DagBag from /opt/airflow/dags/flight_pipeline.py
[2026-05-27T05:04:38.647+0000] {processor.py:840} INFO - DAG(s) 'flight_pipeline' retrieved from /opt/airflow/dags/flight_pipeline.py
[2026-05-27T05:04:39.345+0000] {logging_mixin.py:188} INFO - [2026-05-27T05:04:39.344+0000] {override.py:1829} INFO - Created Permission View: can edit on DAG:flight_pipeline
[2026-05-27T05:04:39.363+0000] {logging_mixin.py:188} INFO - [2026-05-27T05:04:39.363+0000] {override.py:1829} INFO - Created Permission View: can delete on DAG:flight_pipeline
[2026-05-27T05:04:39.370+0000] {logging_mixin.py:188} INFO - [2026-05-27T05:04:39.369+0000] {override.py:1829} INFO - Created Permission View: can read on DAG:flight_pipeline
[2026-05-27T05:04:39.370+0000] {logging_mixin.py:188} INFO - [2026-05-27T05:04:39.370+0000] {dag.py:3096} INFO - Sync 1 DAGs
[2026-05-27T05:04:39.401+0000] {logging_mixin.py:188} INFO - [2026-05-27T05:04:39.400+0000] {dag.py:3118} INFO - Creating ORM DAG for flight_pipeline
[2026-05-27T05:04:39.437+0000] {logging_mixin.py:188} INFO - [2026-05-27T05:04:39.437+0000] {dag.py:3954} INFO - Setting next_dagrun for flight_pipeline to 2026-05-27 04:00:00+00:00, run_after=2026-05-27 05:00:00+00:00
[2026-05-27T05:04:39.472+0000] {processor.py:183} INFO - Processing /opt/airflow/dags/flight_pipeline.py took 1.082 seconds
[2026-05-27T05:05:09.588+0000] {processor.py:161} INFO - Started process (PID=173) to work on /opt/airflow/dags/flight_pipeline.py
[2026-05-27T05:05:09.589+0000] {processor.py:830} INFO - Processing file /opt/airflow/dags/flight_pipeline.py for tasks to queue
[2026-05-27T05:05:09.590+0000] {logging_mixin.py:188} INFO - [2026-05-27T05:05:09.590+0000] {dagbag.py:540} INFO - Filling up the DagBag from /opt/airflow/dags/flight_pipeline.py
[2026-05-27T05:05:09.608+0000] {processor.py:840} INFO - DAG(s) 'flight_pipeline' retrieved from /opt/airflow/dags/flight_pipeline.py
[2026-05-27T05:05:09.786+0000] {logging_mixin.py:188} INFO - [2026-05-27T05:05:09.785+0000] {dag.py:3096} INFO - Sync 1 DAGs
[2026-05-27T05:05:09.930+0000] {logging_mixin.py:188} INFO - [2026-05-27T05:05:09.930+0000] {dag.py:3954} INFO - Setting next_dagrun for flight_pipeline to 2026-05-27 04:00:00+00:00, run_after=2026-05-27 05:00:00+00:00
[2026-05-27T05:05:09.964+0000] {processor.py:183} INFO - Processing /opt/airflow/dags/flight_pipeline.py took 0.382 seconds
[2026-05-27T05:05:40.037+0000] {processor.py:161} INFO - Started process (PID=178) to work on /opt/airflow/dags/flight_pipeline.py
[2026-05-27T05:05:40.037+0000] {processor.py:830} INFO - Processing file /opt/airflow/dags/flight_pipeline.py for tasks to queue
[2026-05-27T05:05:40.039+0000] {logging_mixin.py:188} INFO - [2026-05-27T05:05:40.039+0000] {dagbag.py:540} INFO - Filling up the DagBag from /opt/airflow/dags/flight_pipeline.py
[2026-05-27T05:05:40.056+0000] {processor.py:840} INFO - DAG(s) 'flight_pipeline' retrieved from /opt/airflow/dags/flight_pipeline.py
[2026-05-27T05:05:40.085+0000] {logging_mixin.py:188} INFO - [2026-05-27T05:05:40.085+0000] {dag.py:3096} INFO - Sync 1 DAGs
[2026-05-27T05:05:40.196+0000] {logging_mixin.py:188} INFO - [2026-05-27T05:05:40.196+0000] {dag.py:3954} INFO - Setting next_dagrun for flight_pipeline to 2026-05-27 04:00:00+00:00, run_after=2026-05-27 05:00:00+00:00
[2026-05-27T05:05:40.233+0000] {processor.py:183} INFO - Processing /opt/airflow/dags/flight_pipeline.py took 0.202 seconds
[2026-05-27T05:06:10.290+0000] {processor.py:161} INFO - Started process (PID=183) to work on /opt/airflow/dags/flight_pipeline.py
[2026-05-27T05:06:10.291+0000] {processor.py:830} INFO - Processing file /opt/airflow/dags/flight_pipeline.py for tasks to queue
[2026-05-27T05:06:10.293+0000] {logging_mixin.py:188} INFO - [2026-05-27T05:06:10.293+0000] {dagbag.py:540} INFO - Filling up the DagBag from /opt/airflow/dags/flight_pipeline.py
[2026-05-27T05:06:10.312+0000] {processor.py:840} INFO - DAG(s) 'flight_pipeline' retrieved from /opt/airflow/dags/flight_pipeline.py
[2026-05-27T05:06:10.339+0000] {logging_mixin.py:188} INFO - [2026-05-27T05:06:10.339+0000] {dag.py:3096} INFO - Sync 1 DAGs
[2026-05-27T05:06:10.358+0000] {logging_mixin.py:188} INFO - [2026-05-27T05:06:10.358+0000] {dag.py:3954} INFO - Setting next_dagrun for flight_pipeline to 2026-05-27 04:00:00+00:00, run_after=2026-05-27 05:00:00+00:00
[2026-05-27T05:06:10.375+0000] {processor.py:183} INFO - Processing /opt/airflow/dags/flight_pipeline.py took 0.091 seconds
[2026-05-27T05:06:16.444+0000] {processor.py:161} INFO - Started process (PID=188) to work on /opt/airflow/dags/flight_pipeline.py
[2026-05-27T05:06:16.445+0000] {processor.py:830} INFO - Processing file /opt/airflow/dags/flight_pipeline.py for tasks to queue
[2026-05-27T05:06:16.449+0000] {logging_mixin.py:188} INFO - [2026-05-27T05:06:16.449+0000] {dagbag.py:540} INFO - Filling up the DagBag from /opt/airflow/dags/flight_pipeline.py
[2026-05-27T05:06:16.497+0000] {processor.py:840} INFO - DAG(s) 'flight_pipeline' retrieved from /opt/airflow/dags/flight_pipeline.py
[2026-05-27T05:06:16.640+0000] {logging_mixin.py:188} INFO - [2026-05-27T05:06:16.640+0000] {dag.py:3096} INFO - Sync 1 DAGs
[2026-05-27T05:06:16.659+0000] {logging_mixin.py:188} INFO - [2026-05-27T05:06:16.659+0000] {dag.py:3954} INFO - Setting next_dagrun for flight_pipeline to 2026-05-27 04:00:00+00:00, run_after=2026-05-27 05:00:00+00:00
[2026-05-27T05:06:16.683+0000] {processor.py:183} INFO - Processing /opt/airflow/dags/flight_pipeline.py took 0.248 seconds
[2026-05-27T05:06:46.783+0000] {processor.py:161} INFO - Started process (PID=193) to work on /opt/airflow/dags/flight_pipeline.py
[2026-05-27T05:06:46.784+0000] {processor.py:830} INFO - Processing file /opt/airflow/dags/flight_pipeline.py for tasks to queue
[2026-05-27T05:06:46.786+0000] {logging_mixin.py:188} INFO - [2026-05-27T05:06:46.786+0000] {dagbag.py:540} INFO - Filling up the DagBag from /opt/airflow/dags/flight_pipeline.py
[2026-05-27T05:06:46.803+0000] {processor.py:840} INFO - DAG(s) 'flight_pipeline' retrieved from /opt/airflow/dags/flight_pipeline.py
[2026-05-27T05:06:46.828+0000] {logging_mixin.py:188} INFO - [2026-05-27T05:06:46.828+0000] {dag.py:3096} INFO - Sync 1 DAGs
[2026-05-27T05:06:46.847+0000] {logging_mixin.py:188} INFO - [2026-05-27T05:06:46.846+0000] {dag.py:3954} INFO - Setting next_dagrun for flight_pipeline to 2026-05-27 04:00:00+00:00, run_after=2026-05-27 05:00:00+00:00
[2026-05-27T05:06:46.864+0000] {processor.py:183} INFO - Processing /opt/airflow/dags/flight_pipeline.py took 0.087 seconds
[2026-05-27T05:07:16.926+0000] {processor.py:161} INFO - Started process (PID=198) to work on /opt/airflow/dags/flight_pipeline.py
[2026-05-27T05:07:16.927+0000] {processor.py:830} INFO - Processing file /opt/airflow/dags/flight_pipeline.py for tasks to queue
[2026-05-27T05:07:16.930+0000] {logging_mixin.py:188} INFO - [2026-05-27T05:07:16.929+0000] {dagbag.py:540} INFO - Filling up the DagBag from /opt/airflow/dags/flight_pipeline.py
[2026-05-27T05:07:16.950+0000] {processor.py:840} INFO - DAG(s) 'flight_pipeline' retrieved from /opt/airflow/dags/flight_pipeline.py
[2026-05-27T05:07:16.982+0000] {logging_mixin.py:188} INFO - [2026-05-27T05:07:16.981+0000] {dag.py:3096} INFO - Sync 1 DAGs
[2026-05-27T05:07:17.003+0000] {logging_mixin.py:188} INFO - [2026-05-27T05:07:17.003+0000] {dag.py:3954} INFO - Setting next_dagrun for flight_pipeline to 2026-05-27 04:00:00+00:00, run_after=2026-05-27 05:00:00+00:00
[2026-05-27T05:07:17.019+0000] {processor.py:183} INFO - Processing /opt/airflow/dags/flight_pipeline.py took 0.101 seconds
[2026-05-27T05:07:47.070+0000] {processor.py:161} INFO - Started process (PID=203) to work on /opt/airflow/dags/flight_pipeline.py
[2026-05-27T05:07:47.072+0000] {processor.py:830} INFO - Processing file /opt/airflow/dags/flight_pipeline.py for tasks to queue
[2026-05-27T05:07:47.075+0000] {logging_mixin.py:188} INFO - [2026-05-27T05:07:47.075+0000] {dagbag.py:540} INFO - Filling up the DagBag from /opt/airflow/dags/flight_pipeline.py
[2026-05-27T05:07:47.100+0000] {processor.py:840} INFO - DAG(s) 'flight_pipeline' retrieved from /opt/airflow/dags/flight_pipeline.py
[2026-05-27T05:07:47.139+0000] {logging_mixin.py:188} INFO - [2026-05-27T05:07:47.139+0000] {dag.py:3096} INFO - Sync 1 DAGs
[2026-05-27T05:07:47.164+0000] {logging_mixin.py:188} INFO - [2026-05-27T05:07:47.163+0000] {dag.py:3954} INFO - Setting next_dagrun for flight_pipeline to 2026-05-27 04:00:00+00:00, run_after=2026-05-27 05:00:00+00:00
[2026-05-27T05:07:47.180+0000] {processor.py:183} INFO - Processing /opt/airflow/dags/flight_pipeline.py took 0.118 seconds
[2026-05-27T05:08:18.234+0000] {processor.py:161} INFO - Started process (PID=208) to work on /opt/airflow/dags/flight_pipeline.py
[2026-05-27T05:08:18.235+0000] {processor.py:830} INFO - Processing file /opt/airflow/dags/flight_pipeline.py for tasks to queue
[2026-05-27T05:08:18.237+0000] {logging_mixin.py:188} INFO - [2026-05-27T05:08:18.237+0000] {dagbag.py:540} INFO - Filling up the DagBag from /opt/airflow/dags/flight_pipeline.py
[2026-05-27T05:08:18.257+0000] {processor.py:840} INFO - DAG(s) 'flight_pipeline' retrieved from /opt/airflow/dags/flight_pipeline.py
[2026-05-27T05:08:18.286+0000] {logging_mixin.py:188} INFO - [2026-05-27T05:08:18.285+0000] {dag.py:3096} INFO - Sync 1 DAGs
[2026-05-27T05:08:18.309+0000] {logging_mixin.py:188} INFO - [2026-05-27T05:08:18.308+0000] {dag.py:3954} INFO - Setting next_dagrun for flight_pipeline to 2026-05-27 04:00:00+00:00, run_after=2026-05-27 05:00:00+00:00
[2026-05-27T05:08:18.331+0000] {processor.py:183} INFO - Processing /opt/airflow/dags/flight_pipeline.py took 0.102 seconds
[2026-05-27T05:08:48.413+0000] {processor.py:161} INFO - Started process (PID=213) to work on /opt/airflow/dags/flight_pipeline.py
[2026-05-27T05:08:48.414+0000] {processor.py:830} INFO - Processing file /opt/airflow/dags/flight_pipeline.py for tasks to queue
[2026-05-27T05:08:48.417+0000] {logging_mixin.py:188} INFO - [2026-05-27T05:08:48.416+0000] {dagbag.py:540} INFO - Filling up the DagBag from /opt/airflow/dags/flight_pipeline.py
[2026-05-27T05:08:48.440+0000] {processor.py:840} INFO - DAG(s) 'flight_pipeline' retrieved from /opt/airflow/dags/flight_pipeline.py
[2026-05-27T05:08:48.484+0000] {logging_mixin.py:188} INFO - [2026-05-27T05:08:48.483+0000] {dag.py:3096} INFO - Sync 1 DAGs
[2026-05-27T05:08:48.524+0000] {logging_mixin.py:188} INFO - [2026-05-27T05:08:48.524+0000] {dag.py:3954} INFO - Setting next_dagrun for flight_pipeline to 2026-05-27 04:00:00+00:00, run_after=2026-05-27 05:00:00+00:00
[2026-05-27T05:08:48.548+0000] {processor.py:183} INFO - Processing /opt/airflow/dags/flight_pipeline.py took 0.143 seconds
[2026-05-27T05:09:19.518+0000] {processor.py:161} INFO - Started process (PID=224) to work on /opt/airflow/dags/flight_pipeline.py
[2026-05-27T05:09:19.519+0000] {processor.py:830} INFO - Processing file /opt/airflow/dags/flight_pipeline.py for tasks to queue
[2026-05-27T05:09:19.522+0000] {logging_mixin.py:188} INFO - [2026-05-27T05:09:19.521+0000] {dagbag.py:540} INFO - Filling up the DagBag from /opt/airflow/dags/flight_pipeline.py
[2026-05-27T05:09:19.541+0000] {processor.py:840} INFO - DAG(s) 'flight_pipeline' retrieved from /opt/airflow/dags/flight_pipeline.py
[2026-05-27T05:09:19.574+0000] {logging_mixin.py:188} INFO - [2026-05-27T05:09:19.574+0000] {dag.py:3096} INFO - Sync 1 DAGs
[2026-05-27T05:09:19.595+0000] {logging_mixin.py:188} INFO - [2026-05-27T05:09:19.595+0000] {dag.py:3954} INFO - Setting next_dagrun for flight_pipeline to 2026-05-27 04:00:00+00:00, run_after=2026-05-27 05:00:00+00:00
[2026-05-27T05:09:19.612+0000] {processor.py:183} INFO - Processing /opt/airflow/dags/flight_pipeline.py took 0.101 seconds
[2026-05-27T05:09:50.619+0000] {processor.py:161} INFO - Started process (PID=235) to work on /opt/airflow/dags/flight_pipeline.py
[2026-05-27T05:09:50.621+0000] {processor.py:830} INFO - Processing file /opt/airflow/dags/flight_pipeline.py for tasks to queue
[2026-05-27T05:09:50.622+0000] {logging_mixin.py:188} INFO - [2026-05-27T05:09:50.622+0000] {dagbag.py:540} INFO - Filling up the DagBag from /opt/airflow/dags/flight_pipeline.py
[2026-05-27T05:09:50.641+0000] {processor.py:840} INFO - DAG(s) 'flight_pipeline' retrieved from /opt/airflow/dags/flight_pipeline.py
[2026-05-27T05:09:50.672+0000] {logging_mixin.py:188} INFO - [2026-05-27T05:09:50.671+0000] {dag.py:3096} INFO - Sync 1 DAGs
[2026-05-27T05:09:50.697+0000] {logging_mixin.py:188} INFO - [2026-05-27T05:09:50.696+0000] {dag.py:3954} INFO - Setting next_dagrun for flight_pipeline to 2026-05-27 04:00:00+00:00, run_after=2026-05-27 05:00:00+00:00
[2026-05-27T05:09:50.723+0000] {processor.py:183} INFO - Processing /opt/airflow/dags/flight_pipeline.py took 0.110 seconds
[2026-05-27T05:10:21.845+0000] {processor.py:161} INFO - Started process (PID=252) to work on /opt/airflow/dags/flight_pipeline.py
[2026-05-27T05:10:21.847+0000] {processor.py:830} INFO - Processing file /opt/airflow/dags/flight_pipeline.py for tasks to queue
[2026-05-27T05:10:21.850+0000] {logging_mixin.py:188} INFO - [2026-05-27T05:10:21.849+0000] {dagbag.py:540} INFO - Filling up the DagBag from /opt/airflow/dags/flight_pipeline.py
[2026-05-27T05:10:21.869+0000] {processor.py:840} INFO - DAG(s) 'flight_pipeline' retrieved from /opt/airflow/dags/flight_pipeline.py
[2026-05-27T05:10:21.888+0000] {logging_mixin.py:188} INFO - [2026-05-27T05:10:21.888+0000] {dag.py:3096} INFO - Sync 1 DAGs
[2026-05-27T05:10:21.913+0000] {logging_mixin.py:188} INFO - [2026-05-27T05:10:21.912+0000] {dag.py:3954} INFO - Setting next_dagrun for flight_pipeline to 2026-05-27 04:00:00+00:00, run_after=2026-05-27 05:00:00+00:00
[2026-05-27T05:10:21.932+0000] {processor.py:183} INFO - Processing /opt/airflow/dags/flight_pipeline.py took 0.094 seconds
[2026-05-27T05:10:52.966+0000] {processor.py:161} INFO - Started process (PID=257) to work on /opt/airflow/dags/flight_pipeline.py
[2026-05-27T05:10:52.968+0000] {processor.py:830} INFO - Processing file /opt/airflow/dags/flight_pipeline.py for tasks to queue
[2026-05-27T05:10:52.971+0000] {logging_mixin.py:188} INFO - [2026-05-27T05:10:52.970+0000] {dagbag.py:540} INFO - Filling up the DagBag from /opt/airflow/dags/flight_pipeline.py
[2026-05-27T05:10:52.992+0000] {processor.py:840} INFO - DAG(s) 'flight_pipeline' retrieved from /opt/airflow/dags/flight_pipeline.py
[2026-05-27T05:10:53.119+0000] {logging_mixin.py:188} INFO - [2026-05-27T05:10:53.118+0000] {dag.py:3096} INFO - Sync 1 DAGs
[2026-05-27T05:10:53.141+0000] {logging_mixin.py:188} INFO - [2026-05-27T05:10:53.141+0000] {dag.py:3954} INFO - Setting next_dagrun for flight_pipeline to 2026-05-27 04:00:00+00:00, run_after=2026-05-27 05:00:00+00:00
[2026-05-27T05:10:53.165+0000] {processor.py:183} INFO - Processing /opt/airflow/dags/flight_pipeline.py took 0.205 seconds
[2026-05-27T05:11:23.451+0000] {processor.py:161} INFO - Started process (PID=295) to work on /opt/airflow/dags/flight_pipeline.py
[2026-05-27T05:11:23.488+0000] {processor.py:830} INFO - Processing file /opt/airflow/dags/flight_pipeline.py for tasks to queue
[2026-05-27T05:11:23.531+0000] {logging_mixin.py:188} INFO - [2026-05-27T05:11:23.526+0000] {dagbag.py:540} INFO - Filling up the DagBag from /opt/airflow/dags/flight_pipeline.py
[2026-05-27T05:11:23.603+0000] {processor.py:840} INFO - DAG(s) 'flight_pipeline' retrieved from /opt/airflow/dags/flight_pipeline.py
[2026-05-27T05:11:23.844+0000] {logging_mixin.py:188} INFO - [2026-05-27T05:11:23.843+0000] {dag.py:3096} INFO - Sync 1 DAGs
[2026-05-27T05:11:24.048+0000] {logging_mixin.py:188} INFO - [2026-05-27T05:11:24.047+0000] {dag.py:3954} INFO - Setting next_dagrun for flight_pipeline to 2026-05-27 05:00:00+00:00, run_after=2026-05-27 06:00:00+00:00
[2026-05-27T05:11:24.101+0000] {processor.py:183} INFO - Processing /opt/airflow/dags/flight_pipeline.py took 0.762 seconds
[2026-05-27T05:11:54.342+0000] {processor.py:161} INFO - Started process (PID=300) to work on /opt/airflow/dags/flight_pipeline.py
[2026-05-27T05:11:54.343+0000] {processor.py:830} INFO - Processing file /opt/airflow/dags/flight_pipeline.py for tasks to queue
[2026-05-27T05:11:54.349+0000] {logging_mixin.py:188} INFO - [2026-05-27T05:11:54.348+0000] {dagbag.py:540} INFO - Filling up the DagBag from /opt/airflow/dags/flight_pipeline.py
[2026-05-27T05:11:54.405+0000] {processor.py:840} INFO - DAG(s) 'flight_pipeline' retrieved from /opt/airflow/dags/flight_pipeline.py
[2026-05-27T05:11:54.451+0000] {logging_mixin.py:188} INFO - [2026-05-27T05:11:54.451+0000] {dag.py:3096} INFO - Sync 1 DAGs
[2026-05-27T05:11:54.485+0000] {logging_mixin.py:188} INFO - [2026-05-27T05:11:54.484+0000] {dag.py:3954} INFO - Setting next_dagrun for flight_pipeline to 2026-05-27 05:00:00+00:00, run_after=2026-05-27 06:00:00+00:00
[2026-05-27T05:11:54.518+0000] {processor.py:183} INFO - Processing /opt/airflow/dags/flight_pipeline.py took 0.187 seconds
[2026-05-27T05:12:25.420+0000] {processor.py:161} INFO - Started process (PID=339) to work on /opt/airflow/dags/flight_pipeline.py
[2026-05-27T05:12:25.422+0000] {processor.py:830} INFO - Processing file /opt/airflow/dags/flight_pipeline.py for tasks to queue
[2026-05-27T05:12:25.423+0000] {logging_mixin.py:188} INFO - [2026-05-27T05:12:25.423+0000] {dagbag.py:540} INFO - Filling up the DagBag from /opt/airflow/dags/flight_pipeline.py
[2026-05-27T05:12:25.441+0000] {processor.py:840} INFO - DAG(s) 'flight_pipeline' retrieved from /opt/airflow/dags/flight_pipeline.py
[2026-05-27T05:12:25.471+0000] {logging_mixin.py:188} INFO - [2026-05-27T05:12:25.471+0000] {dag.py:3096} INFO - Sync 1 DAGs
[2026-05-27T05:12:25.497+0000] {logging_mixin.py:188} INFO - [2026-05-27T05:12:25.496+0000] {dag.py:3954} INFO - Setting next_dagrun for flight_pipeline to 2026-05-27 05:00:00+00:00, run_after=2026-05-27 06:00:00+00:00
[2026-05-27T05:12:25.516+0000] {processor.py:183} INFO - Processing /opt/airflow/dags/flight_pipeline.py took 0.103 seconds
[2026-05-27T05:12:56.455+0000] {processor.py:161} INFO - Started process (PID=344) to work on /opt/airflow/dags/flight_pipeline.py
[2026-05-27T05:12:56.456+0000] {processor.py:830} INFO - Processing file /opt/airflow/dags/flight_pipeline.py for tasks to queue
[2026-05-27T05:12:56.459+0000] {logging_mixin.py:188} INFO - [2026-05-27T05:12:56.458+0000] {dagbag.py:540} INFO - Filling up the DagBag from /opt/airflow/dags/flight_pipeline.py
[2026-05-27T05:12:56.498+0000] {processor.py:840} INFO - DAG(s) 'flight_pipeline' retrieved from /opt/airflow/dags/flight_pipeline.py
[2026-05-27T05:12:56.547+0000] {logging_mixin.py:188} INFO - [2026-05-27T05:12:56.547+0000] {dag.py:3096} INFO - Sync 1 DAGs
[2026-05-27T05:12:56.586+0000] {logging_mixin.py:188} INFO - [2026-05-27T05:12:56.585+0000] {dag.py:3954} INFO - Setting next_dagrun for flight_pipeline to 2026-05-27 05:00:00+00:00, run_after=2026-05-27 06:00:00+00:00
[2026-05-27T05:12:56.607+0000] {processor.py:183} INFO - Processing /opt/airflow/dags/flight_pipeline.py took 0.161 seconds
