[2026-05-27T22:30:25.754+0000] {local_task_job_runner.py:120} INFO - ::group::Pre task execution logs
[2026-05-27T22:30:25.783+0000] {taskinstance.py:2073} INFO - Dependencies all met for dep_context=non-requeueable deps ti=<TaskInstance: flight_pipeline.dbt_staging scheduled__2026-05-27T05:00:00+00:00 [queued]>
[2026-05-27T22:30:25.790+0000] {taskinstance.py:2073} INFO - Dependencies all met for dep_context=requeueable deps ti=<TaskInstance: flight_pipeline.dbt_staging scheduled__2026-05-27T05:00:00+00:00 [queued]>
[2026-05-27T22:30:25.791+0000] {taskinstance.py:2303} INFO - Starting attempt 1 of 2
[2026-05-27T22:30:25.804+0000] {taskinstance.py:2327} INFO - Executing <Task(BashOperator): dbt_staging> on 2026-05-27 05:00:00+00:00
[2026-05-27T22:30:25.813+0000] {standard_task_runner.py:90} INFO - Running: ['airflow', 'tasks', 'run', 'flight_pipeline', 'dbt_staging', 'scheduled__2026-05-27T05:00:00+00:00', '--job-id', '9', '--raw', '--subdir', 'DAGS_FOLDER/flight_pipeline.py', '--cfg-path', '/tmp/tmpyosamwhc']
[2026-05-27T22:30:25.815+0000] {standard_task_runner.py:91} INFO - Job 9: Subtask dbt_staging
[2026-05-27T22:30:25.816+0000] {logging_mixin.py:188} WARNING - /home/airflow/.local/lib/python3.12/site-packages/airflow/task/task_runner/standard_task_runner.py:61 DeprecationWarning: This process (pid=168) is multi-threaded, use of fork() may lead to deadlocks in the child.
[2026-05-27T22:30:25.816+0000] {standard_task_runner.py:63} INFO - Started process 175 to run task
[2026-05-27T22:30:25.871+0000] {task_command.py:426} INFO - Running <TaskInstance: flight_pipeline.dbt_staging scheduled__2026-05-27T05:00:00+00:00 [running]> on host 9830577f4a13
[2026-05-27T22:30:25.969+0000] {taskinstance.py:2644} INFO - Exporting env vars: AIRFLOW_CTX_DAG_OWNER='flight-pulse' AIRFLOW_CTX_DAG_ID='flight_pipeline' AIRFLOW_CTX_TASK_ID='dbt_staging' AIRFLOW_CTX_EXECUTION_DATE='2026-05-27T05:00:00+00:00' AIRFLOW_CTX_TRY_NUMBER='1' AIRFLOW_CTX_DAG_RUN_ID='scheduled__2026-05-27T05:00:00+00:00'
[2026-05-27T22:30:25.970+0000] {taskinstance.py:430} INFO - ::endgroup::
[2026-05-27T22:30:25.993+0000] {subprocess.py:63} INFO - Tmp dir root location: /tmp
[2026-05-27T22:30:25.995+0000] {subprocess.py:75} INFO - Running command: ['/usr/bin/bash', '-c', 'docker exec dbt dbt run --select staging']
[2026-05-27T22:30:26.011+0000] {subprocess.py:86} INFO - Output:
[2026-05-27T22:30:29.432+0000] {subprocess.py:93} INFO - [0m22:30:29  Running with dbt=1.12.0-b1
[2026-05-27T22:30:29.765+0000] {subprocess.py:93} INFO - [0m22:30:29  Registered adapter: postgres=1.10.0
[2026-05-27T22:30:30.683+0000] {subprocess.py:93} INFO - [0m22:30:30  Found 6 models, 475 macros
[2026-05-27T22:30:30.687+0000] {subprocess.py:93} INFO - [0m22:30:30
[2026-05-27T22:30:30.688+0000] {subprocess.py:93} INFO - [0m22:30:30  Concurrency: 1 threads (target='dev')
[2026-05-27T22:30:30.689+0000] {subprocess.py:93} INFO - [0m22:30:30
[2026-05-27T22:30:30.881+0000] {subprocess.py:93} INFO - [0m22:30:30  1 of 1 START sql view model public.stg_flights ................................. [RUN]
[2026-05-27T22:30:31.021+0000] {subprocess.py:93} INFO - [0m22:30:31  1 of 1 OK created sql view model public.stg_flights ............................ [[32mCREATE VIEW[0m in 0.14s]
[2026-05-27T22:30:31.037+0000] {subprocess.py:93} INFO - [0m22:30:31
[2026-05-27T22:30:31.038+0000] {subprocess.py:93} INFO - [0m22:30:31  Finished running 1 view model in 0 hours 0 minutes and 0.35 seconds (0.35s).
[2026-05-27T22:30:31.108+0000] {subprocess.py:93} INFO - [0m22:30:31
[2026-05-27T22:30:31.108+0000] {subprocess.py:93} INFO - [0m22:30:31  [32mCompleted successfully[0m
[2026-05-27T22:30:31.109+0000] {subprocess.py:93} INFO - [0m22:30:31
[2026-05-27T22:30:31.110+0000] {subprocess.py:93} INFO - [0m22:30:31  Done. PASS=1 WARN=0 ERROR=0 SKIP=0 NO-OP=0 TOTAL=1
[2026-05-27T22:30:32.442+0000] {subprocess.py:97} INFO - Command exited with return code 0
[2026-05-27T22:30:32.444+0000] {taskinstance.py:441} INFO - ::group::Post task execution logs
[2026-05-27T22:30:32.472+0000] {taskinstance.py:1205} INFO - Marking task as SUCCESS. dag_id=flight_pipeline, task_id=dbt_staging, execution_date=20260527T050000, start_date=20260527T223025, end_date=20260527T223032
[2026-05-27T22:30:32.529+0000] {local_task_job_runner.py:240} INFO - Task exited with return code 0
[2026-05-27T22:30:32.554+0000] {taskinstance.py:3482} INFO - 1 downstream tasks scheduled from follow-on schedule check
[2026-05-27T22:30:32.557+0000] {local_task_job_runner.py:222} INFO - ::endgroup::
