[2026-05-28T06:00:05.166+0000] {local_task_job_runner.py:120} INFO - ::group::Pre task execution logs
[2026-05-28T06:00:05.199+0000] {taskinstance.py:2073} INFO - Dependencies all met for dep_context=non-requeueable deps ti=<TaskInstance: flight_pipeline.dbt_intermediate scheduled__2026-05-28T05:00:00+00:00 [queued]>
[2026-05-28T06:00:05.206+0000] {taskinstance.py:2073} INFO - Dependencies all met for dep_context=requeueable deps ti=<TaskInstance: flight_pipeline.dbt_intermediate scheduled__2026-05-28T05:00:00+00:00 [queued]>
[2026-05-28T06:00:05.207+0000] {taskinstance.py:2303} INFO - Starting attempt 1 of 2
[2026-05-28T06:00:05.219+0000] {taskinstance.py:2327} INFO - Executing <Task(BashOperator): dbt_intermediate> on 2026-05-28 05:00:00+00:00
[2026-05-28T06:00:05.229+0000] {standard_task_runner.py:90} INFO - Running: ['airflow', 'tasks', 'run', 'flight_pipeline', 'dbt_intermediate', 'scheduled__2026-05-28T05:00:00+00:00', '--job-id', '38', '--raw', '--subdir', 'DAGS_FOLDER/flight_pipeline.py', '--cfg-path', '/tmp/tmp26fhilsl']
[2026-05-28T06:00:05.232+0000] {standard_task_runner.py:91} INFO - Job 38: Subtask dbt_intermediate
[2026-05-28T06:00:05.232+0000] {logging_mixin.py:188} WARNING - /home/airflow/.local/lib/python3.12/site-packages/airflow/task/task_runner/standard_task_runner.py:61 DeprecationWarning: This process (pid=4880) is multi-threaded, use of fork() may lead to deadlocks in the child.
[2026-05-28T06:00:05.233+0000] {standard_task_runner.py:63} INFO - Started process 4881 to run task
[2026-05-28T06:00:05.288+0000] {task_command.py:426} INFO - Running <TaskInstance: flight_pipeline.dbt_intermediate scheduled__2026-05-28T05:00:00+00:00 [running]> on host 9830577f4a13
[2026-05-28T06:00:05.375+0000] {taskinstance.py:2644} INFO - Exporting env vars: AIRFLOW_CTX_DAG_OWNER='flight-pulse' AIRFLOW_CTX_DAG_ID='flight_pipeline' AIRFLOW_CTX_TASK_ID='dbt_intermediate' AIRFLOW_CTX_EXECUTION_DATE='2026-05-28T05:00:00+00:00' AIRFLOW_CTX_TRY_NUMBER='1' AIRFLOW_CTX_DAG_RUN_ID='scheduled__2026-05-28T05:00:00+00:00'
[2026-05-28T06:00:05.376+0000] {taskinstance.py:430} INFO - ::endgroup::
[2026-05-28T06:00:05.390+0000] {subprocess.py:63} INFO - Tmp dir root location: /tmp
[2026-05-28T06:00:05.392+0000] {subprocess.py:75} INFO - Running command: ['/usr/bin/bash', '-c', 'docker exec dbt dbt run --select intermediate']
[2026-05-28T06:00:05.405+0000] {subprocess.py:86} INFO - Output:
[2026-05-28T06:00:07.025+0000] {subprocess.py:93} INFO - [0m06:00:07  Running with dbt=1.12.0-b1
[2026-05-28T06:00:07.264+0000] {subprocess.py:93} INFO - [0m06:00:07  Registered adapter: postgres=1.10.0
[2026-05-28T06:00:07.773+0000] {subprocess.py:93} INFO - [0m06:00:07  Found 6 models, 475 macros
[2026-05-28T06:00:07.777+0000] {subprocess.py:93} INFO - [0m06:00:07
[2026-05-28T06:00:07.778+0000] {subprocess.py:93} INFO - [0m06:00:07  Concurrency: 1 threads (target='dev')
[2026-05-28T06:00:07.779+0000] {subprocess.py:93} INFO - [0m06:00:07
[2026-05-28T06:00:07.997+0000] {subprocess.py:93} INFO - [0m06:00:07  1 of 1 START sql view model public.int_flights_cleaned ......................... [RUN]
[2026-05-28T06:00:08.133+0000] {subprocess.py:93} INFO - [0m06:00:08  1 of 1 OK created sql view model public.int_flights_cleaned .................... [[32mCREATE VIEW[0m in 0.13s]
[2026-05-28T06:00:08.154+0000] {subprocess.py:93} INFO - [0m06:00:08
[2026-05-28T06:00:08.155+0000] {subprocess.py:93} INFO - [0m06:00:08  Finished running 1 view model in 0 hours 0 minutes and 0.37 seconds (0.37s).
[2026-05-28T06:00:08.653+0000] {subprocess.py:93} INFO - [0m06:00:08
[2026-05-28T06:00:08.654+0000] {subprocess.py:93} INFO - [0m06:00:08  [32mCompleted successfully[0m
[2026-05-28T06:00:08.655+0000] {subprocess.py:93} INFO - [0m06:00:08
[2026-05-28T06:00:08.656+0000] {subprocess.py:93} INFO - [0m06:00:08  Done. PASS=1 WARN=0 ERROR=0 SKIP=0 NO-OP=0 TOTAL=1
[2026-05-28T06:00:10.232+0000] {subprocess.py:97} INFO - Command exited with return code 0
[2026-05-28T06:00:10.234+0000] {taskinstance.py:441} INFO - ::group::Post task execution logs
[2026-05-28T06:00:10.259+0000] {taskinstance.py:1205} INFO - Marking task as SUCCESS. dag_id=flight_pipeline, task_id=dbt_intermediate, execution_date=20260528T050000, start_date=20260528T060005, end_date=20260528T060010
[2026-05-28T06:00:10.294+0000] {local_task_job_runner.py:240} INFO - Task exited with return code 0
[2026-05-28T06:00:10.314+0000] {taskinstance.py:3482} INFO - 1 downstream tasks scheduled from follow-on schedule check
[2026-05-28T06:00:10.321+0000] {local_task_job_runner.py:222} INFO - ::endgroup::
