[2026-05-28T03:00:01.399+0000] {local_task_job_runner.py:120} INFO - ::group::Pre task execution logs
[2026-05-28T03:00:01.491+0000] {taskinstance.py:2073} INFO - Dependencies all met for dep_context=non-requeueable deps ti=<TaskInstance: flight_pipeline.dbt_staging scheduled__2026-05-28T02:00:00+00:00 [queued]>
[2026-05-28T03:00:01.502+0000] {taskinstance.py:2073} INFO - Dependencies all met for dep_context=requeueable deps ti=<TaskInstance: flight_pipeline.dbt_staging scheduled__2026-05-28T02:00:00+00:00 [queued]>
[2026-05-28T03:00:01.503+0000] {taskinstance.py:2303} INFO - Starting attempt 1 of 2
[2026-05-28T03:00:01.522+0000] {taskinstance.py:2327} INFO - Executing <Task(BashOperator): dbt_staging> on 2026-05-28 02:00:00+00:00
[2026-05-28T03:00:01.535+0000] {standard_task_runner.py:90} INFO - Running: ['airflow', 'tasks', 'run', 'flight_pipeline', 'dbt_staging', 'scheduled__2026-05-28T02:00:00+00:00', '--job-id', '28', '--raw', '--subdir', 'DAGS_FOLDER/flight_pipeline.py', '--cfg-path', '/tmp/tmpjvaukppq']
[2026-05-28T03:00:01.539+0000] {logging_mixin.py:188} WARNING - /home/airflow/.local/lib/python3.12/site-packages/airflow/task/task_runner/standard_task_runner.py:61 DeprecationWarning: This process (pid=3020) is multi-threaded, use of fork() may lead to deadlocks in the child.
[2026-05-28T03:00:01.539+0000] {standard_task_runner.py:91} INFO - Job 28: Subtask dbt_staging
[2026-05-28T03:00:01.540+0000] {standard_task_runner.py:63} INFO - Started process 3021 to run task
[2026-05-28T03:00:01.608+0000] {task_command.py:426} INFO - Running <TaskInstance: flight_pipeline.dbt_staging scheduled__2026-05-28T02:00:00+00:00 [running]> on host 9830577f4a13
[2026-05-28T03:00:01.740+0000] {taskinstance.py:2644} INFO - Exporting env vars: AIRFLOW_CTX_DAG_OWNER='flight-pulse' AIRFLOW_CTX_DAG_ID='flight_pipeline' AIRFLOW_CTX_TASK_ID='dbt_staging' AIRFLOW_CTX_EXECUTION_DATE='2026-05-28T02:00:00+00:00' AIRFLOW_CTX_TRY_NUMBER='1' AIRFLOW_CTX_DAG_RUN_ID='scheduled__2026-05-28T02:00:00+00:00'
[2026-05-28T03:00:01.742+0000] {taskinstance.py:430} INFO - ::endgroup::
[2026-05-28T03:00:01.770+0000] {subprocess.py:63} INFO - Tmp dir root location: /tmp
[2026-05-28T03:00:01.774+0000] {subprocess.py:75} INFO - Running command: ['/usr/bin/bash', '-c', 'docker exec dbt dbt run --select staging']
[2026-05-28T03:00:01.792+0000] {subprocess.py:86} INFO - Output:
[2026-05-28T03:00:04.400+0000] {subprocess.py:93} INFO - [0m03:00:04  Running with dbt=1.12.0-b1
[2026-05-28T03:00:04.733+0000] {subprocess.py:93} INFO - [0m03:00:04  Registered adapter: postgres=1.10.0
[2026-05-28T03:00:05.278+0000] {subprocess.py:93} INFO - [0m03:00:05  Found 6 models, 475 macros
[2026-05-28T03:00:05.282+0000] {subprocess.py:93} INFO - [0m03:00:05
[2026-05-28T03:00:05.283+0000] {subprocess.py:93} INFO - [0m03:00:05  Concurrency: 1 threads (target='dev')
[2026-05-28T03:00:05.285+0000] {subprocess.py:93} INFO - [0m03:00:05
[2026-05-28T03:00:05.626+0000] {subprocess.py:93} INFO - [0m03:00:05  1 of 1 START sql view model public.stg_flights ................................. [RUN]
[2026-05-28T03:00:05.845+0000] {subprocess.py:93} INFO - [0m03:00:05  1 of 1 OK created sql view model public.stg_flights ............................ [[32mCREATE VIEW[0m in 0.22s]
[2026-05-28T03:00:05.869+0000] {subprocess.py:93} INFO - [0m03:00:05
[2026-05-28T03:00:05.870+0000] {subprocess.py:93} INFO - [0m03:00:05  Finished running 1 view model in 0 hours 0 minutes and 0.58 seconds (0.58s).
[2026-05-28T03:00:05.945+0000] {subprocess.py:93} INFO - [0m03:00:05
[2026-05-28T03:00:05.946+0000] {subprocess.py:93} INFO - [0m03:00:05  [32mCompleted successfully[0m
[2026-05-28T03:00:05.948+0000] {subprocess.py:93} INFO - [0m03:00:05
[2026-05-28T03:00:05.949+0000] {subprocess.py:93} INFO - [0m03:00:05  Done. PASS=1 WARN=0 ERROR=0 SKIP=0 NO-OP=0 TOTAL=1
[2026-05-28T03:00:07.150+0000] {subprocess.py:97} INFO - Command exited with return code 0
[2026-05-28T03:00:07.151+0000] {taskinstance.py:441} INFO - ::group::Post task execution logs
[2026-05-28T03:00:07.186+0000] {taskinstance.py:1205} INFO - Marking task as SUCCESS. dag_id=flight_pipeline, task_id=dbt_staging, execution_date=20260528T020000, start_date=20260528T030001, end_date=20260528T030007
[2026-05-28T03:00:07.223+0000] {local_task_job_runner.py:240} INFO - Task exited with return code 0
[2026-05-28T03:00:07.254+0000] {taskinstance.py:3482} INFO - 1 downstream tasks scheduled from follow-on schedule check
[2026-05-28T03:00:07.257+0000] {local_task_job_runner.py:222} INFO - ::endgroup::
