[2026-05-28T01:00:01.048+0000] {local_task_job_runner.py:120} INFO - ::group::Pre task execution logs
[2026-05-28T01:00:01.077+0000] {taskinstance.py:2073} INFO - Dependencies all met for dep_context=non-requeueable deps ti=<TaskInstance: flight_pipeline.dbt_staging scheduled__2026-05-28T00:00:00+00:00 [queued]>
[2026-05-28T01:00:01.084+0000] {taskinstance.py:2073} INFO - Dependencies all met for dep_context=requeueable deps ti=<TaskInstance: flight_pipeline.dbt_staging scheduled__2026-05-28T00:00:00+00:00 [queued]>
[2026-05-28T01:00:01.084+0000] {taskinstance.py:2303} INFO - Starting attempt 1 of 2
[2026-05-28T01:00:01.096+0000] {taskinstance.py:2327} INFO - Executing <Task(BashOperator): dbt_staging> on 2026-05-28 00:00:00+00:00
[2026-05-28T01:00:01.104+0000] {standard_task_runner.py:90} INFO - Running: ['airflow', 'tasks', 'run', 'flight_pipeline', 'dbt_staging', 'scheduled__2026-05-28T00:00:00+00:00', '--job-id', '22', '--raw', '--subdir', 'DAGS_FOLDER/flight_pipeline.py', '--cfg-path', '/tmp/tmpyqpayil8']
[2026-05-28T01:00:01.107+0000] {standard_task_runner.py:91} INFO - Job 22: Subtask dbt_staging
[2026-05-28T01:00:01.107+0000] {logging_mixin.py:188} WARNING - /home/airflow/.local/lib/python3.12/site-packages/airflow/task/task_runner/standard_task_runner.py:61 DeprecationWarning: This process (pid=1767) is multi-threaded, use of fork() may lead to deadlocks in the child.
[2026-05-28T01:00:01.110+0000] {standard_task_runner.py:63} INFO - Started process 1768 to run task
[2026-05-28T01:00:01.160+0000] {task_command.py:426} INFO - Running <TaskInstance: flight_pipeline.dbt_staging scheduled__2026-05-28T00:00:00+00:00 [running]> on host 9830577f4a13
[2026-05-28T01:00:01.247+0000] {taskinstance.py:2644} INFO - Exporting env vars: AIRFLOW_CTX_DAG_OWNER='flight-pulse' AIRFLOW_CTX_DAG_ID='flight_pipeline' AIRFLOW_CTX_TASK_ID='dbt_staging' AIRFLOW_CTX_EXECUTION_DATE='2026-05-28T00:00:00+00:00' AIRFLOW_CTX_TRY_NUMBER='1' AIRFLOW_CTX_DAG_RUN_ID='scheduled__2026-05-28T00:00:00+00:00'
[2026-05-28T01:00:01.248+0000] {taskinstance.py:430} INFO - ::endgroup::
[2026-05-28T01:00:01.261+0000] {subprocess.py:63} INFO - Tmp dir root location: /tmp
[2026-05-28T01:00:01.263+0000] {subprocess.py:75} INFO - Running command: ['/usr/bin/bash', '-c', 'docker exec dbt dbt run --select staging']
[2026-05-28T01:00:01.273+0000] {subprocess.py:86} INFO - Output:
[2026-05-28T01:00:02.848+0000] {subprocess.py:93} INFO - [0m01:00:02  Running with dbt=1.12.0-b1
[2026-05-28T01:00:03.043+0000] {subprocess.py:93} INFO - [0m01:00:03  Registered adapter: postgres=1.10.0
[2026-05-28T01:00:03.479+0000] {subprocess.py:93} INFO - [0m01:00:03  Found 6 models, 475 macros
[2026-05-28T01:00:03.483+0000] {subprocess.py:93} INFO - [0m01:00:03
[2026-05-28T01:00:03.483+0000] {subprocess.py:93} INFO - [0m01:00:03  Concurrency: 1 threads (target='dev')
[2026-05-28T01:00:03.484+0000] {subprocess.py:93} INFO - [0m01:00:03
[2026-05-28T01:00:03.636+0000] {subprocess.py:93} INFO - [0m01:00:03  1 of 1 START sql view model public.stg_flights ................................. [RUN]
[2026-05-28T01:00:03.756+0000] {subprocess.py:93} INFO - [0m01:00:03  1 of 1 OK created sql view model public.stg_flights ............................ [[32mCREATE VIEW[0m in 0.12s]
[2026-05-28T01:00:03.770+0000] {subprocess.py:93} INFO - [0m01:00:03
[2026-05-28T01:00:03.771+0000] {subprocess.py:93} INFO - [0m01:00:03  Finished running 1 view model in 0 hours 0 minutes and 0.28 seconds (0.28s).
[2026-05-28T01:00:03.826+0000] {subprocess.py:93} INFO - [0m01:00:03
[2026-05-28T01:00:03.827+0000] {subprocess.py:93} INFO - [0m01:00:03  [32mCompleted successfully[0m
[2026-05-28T01:00:03.828+0000] {subprocess.py:93} INFO - [0m01:00:03
[2026-05-28T01:00:03.830+0000] {subprocess.py:93} INFO - [0m01:00:03  Done. PASS=1 WARN=0 ERROR=0 SKIP=0 NO-OP=0 TOTAL=1
[2026-05-28T01:00:04.704+0000] {subprocess.py:97} INFO - Command exited with return code 0
[2026-05-28T01:00:04.705+0000] {taskinstance.py:441} INFO - ::group::Post task execution logs
[2026-05-28T01:00:04.728+0000] {taskinstance.py:1205} INFO - Marking task as SUCCESS. dag_id=flight_pipeline, task_id=dbt_staging, execution_date=20260528T000000, start_date=20260528T010001, end_date=20260528T010004
[2026-05-28T01:00:04.781+0000] {local_task_job_runner.py:240} INFO - Task exited with return code 0
[2026-05-28T01:00:04.801+0000] {taskinstance.py:3482} INFO - 1 downstream tasks scheduled from follow-on schedule check
[2026-05-28T01:00:04.804+0000] {local_task_job_runner.py:222} INFO - ::endgroup::
