[2026-05-27T05:11:15.821+0000] {local_task_job_runner.py:120} INFO - ::group::Pre task execution logs
[2026-05-27T05:11:15.852+0000] {taskinstance.py:2073} INFO - Dependencies all met for dep_context=non-requeueable deps ti=<TaskInstance: flight_pipeline.dbt_marts scheduled__2026-05-27T04:00:00+00:00 [queued]>
[2026-05-27T05:11:15.861+0000] {taskinstance.py:2073} INFO - Dependencies all met for dep_context=requeueable deps ti=<TaskInstance: flight_pipeline.dbt_marts scheduled__2026-05-27T04:00:00+00:00 [queued]>
[2026-05-27T05:11:15.862+0000] {taskinstance.py:2303} INFO - Starting attempt 1 of 2
[2026-05-27T05:11:15.876+0000] {taskinstance.py:2327} INFO - Executing <Task(BashOperator): dbt_marts> on 2026-05-27 04:00:00+00:00
[2026-05-27T05:11:15.892+0000] {logging_mixin.py:188} WARNING - /home/airflow/.local/lib/python3.12/site-packages/airflow/task/task_runner/standard_task_runner.py:61 DeprecationWarning: This process (pid=285) is multi-threaded, use of fork() may lead to deadlocks in the child.
[2026-05-27T05:11:15.889+0000] {standard_task_runner.py:90} INFO - Running: ['airflow', 'tasks', 'run', 'flight_pipeline', 'dbt_marts', 'scheduled__2026-05-27T04:00:00+00:00', '--job-id', '4', '--raw', '--subdir', 'DAGS_FOLDER/flight_pipeline.py', '--cfg-path', '/tmp/tmp_eahnp4x']
[2026-05-27T05:11:15.893+0000] {standard_task_runner.py:63} INFO - Started process 286 to run task
[2026-05-27T05:11:15.893+0000] {standard_task_runner.py:91} INFO - Job 4: Subtask dbt_marts
[2026-05-27T05:11:15.972+0000] {task_command.py:426} INFO - Running <TaskInstance: flight_pipeline.dbt_marts scheduled__2026-05-27T04:00:00+00:00 [running]> on host 9830577f4a13
[2026-05-27T05:11:16.113+0000] {taskinstance.py:2644} INFO - Exporting env vars: AIRFLOW_CTX_DAG_OWNER='flight-pulse' AIRFLOW_CTX_DAG_ID='flight_pipeline' AIRFLOW_CTX_TASK_ID='dbt_marts' AIRFLOW_CTX_EXECUTION_DATE='2026-05-27T04:00:00+00:00' AIRFLOW_CTX_TRY_NUMBER='1' AIRFLOW_CTX_DAG_RUN_ID='scheduled__2026-05-27T04:00:00+00:00'
[2026-05-27T05:11:16.113+0000] {taskinstance.py:430} INFO - ::endgroup::
[2026-05-27T05:11:16.127+0000] {subprocess.py:63} INFO - Tmp dir root location: /tmp
[2026-05-27T05:11:16.128+0000] {subprocess.py:75} INFO - Running command: ['/usr/bin/bash', '-c', 'docker exec dbt dbt run --select marts']
[2026-05-27T05:11:16.139+0000] {subprocess.py:86} INFO - Output:
[2026-05-27T05:11:17.721+0000] {subprocess.py:93} INFO - [0m05:11:17  Running with dbt=1.12.0-b1
[2026-05-27T05:11:17.970+0000] {subprocess.py:93} INFO - [0m05:11:17  Registered adapter: postgres=1.10.0
[2026-05-27T05:11:18.360+0000] {subprocess.py:93} INFO - [0m05:11:18  Found 6 models, 475 macros
[2026-05-27T05:11:18.363+0000] {subprocess.py:93} INFO - [0m05:11:18
[2026-05-27T05:11:18.364+0000] {subprocess.py:93} INFO - [0m05:11:18  Concurrency: 1 threads (target='dev')
[2026-05-27T05:11:18.365+0000] {subprocess.py:93} INFO - [0m05:11:18
[2026-05-27T05:11:18.513+0000] {subprocess.py:93} INFO - [0m05:11:18  1 of 4 START sql table model public.mart_altitude_stats ........................ [RUN]
[2026-05-27T05:11:23.604+0000] {subprocess.py:93} INFO - [0m05:11:23  1 of 4 OK created sql table model public.mart_altitude_stats ................... [[32mSELECT 278[0m in 5.09s]
[2026-05-27T05:11:23.607+0000] {subprocess.py:93} INFO - [0m05:11:23  2 of 4 START sql table model public.mart_flights_by_country .................... [RUN]
[2026-05-27T05:11:24.159+0000] {subprocess.py:93} INFO - [0m05:11:24  2 of 4 OK created sql table model public.mart_flights_by_country ............... [[32mSELECT 110[0m in 0.55s]
[2026-05-27T05:11:24.163+0000] {subprocess.py:93} INFO - [0m05:11:24  3 of 4 START sql table model public.mart_flights_by_hour ....................... [RUN]
[2026-05-27T05:11:24.792+0000] {subprocess.py:93} INFO - [0m05:11:24  3 of 4 OK created sql table model public.mart_flights_by_hour .................. [[32mSELECT 2[0m in 0.63s]
[2026-05-27T05:11:24.796+0000] {subprocess.py:93} INFO - [0m05:11:24  4 of 4 START sql table model public.mart_top_airlines .......................... [RUN]
[2026-05-27T05:11:25.440+0000] {subprocess.py:93} INFO - [0m05:11:25  4 of 4 OK created sql table model public.mart_top_airlines ..................... [[32mSELECT 50[0m in 0.64s]
[2026-05-27T05:11:25.455+0000] {subprocess.py:93} INFO - [0m05:11:25
[2026-05-27T05:11:25.456+0000] {subprocess.py:93} INFO - [0m05:11:25  Finished running 4 table models in 0 hours 0 minutes and 7.09 seconds (7.09s).
[2026-05-27T05:11:25.511+0000] {subprocess.py:93} INFO - [0m05:11:25
[2026-05-27T05:11:25.512+0000] {subprocess.py:93} INFO - [0m05:11:25  [32mCompleted successfully[0m
[2026-05-27T05:11:25.513+0000] {subprocess.py:93} INFO - [0m05:11:25
[2026-05-27T05:11:25.514+0000] {subprocess.py:93} INFO - [0m05:11:25  Done. PASS=4 WARN=0 ERROR=0 SKIP=0 NO-OP=0 TOTAL=4
[2026-05-27T05:11:26.475+0000] {subprocess.py:97} INFO - Command exited with return code 0
[2026-05-27T05:11:26.477+0000] {taskinstance.py:441} INFO - ::group::Post task execution logs
[2026-05-27T05:11:26.513+0000] {taskinstance.py:1205} INFO - Marking task as SUCCESS. dag_id=flight_pipeline, task_id=dbt_marts, execution_date=20260527T040000, start_date=20260527T051115, end_date=20260527T051126
[2026-05-27T05:11:26.557+0000] {local_task_job_runner.py:240} INFO - Task exited with return code 0
[2026-05-27T05:11:26.580+0000] {taskinstance.py:3482} INFO - 0 downstream tasks scheduled from follow-on schedule check
[2026-05-27T05:11:26.582+0000] {local_task_job_runner.py:222} INFO - ::endgroup::
