[2026-05-27T23:00:00.521+0000] {local_task_job_runner.py:120} INFO - ::group::Pre task execution logs
[2026-05-27T23:00:00.556+0000] {taskinstance.py:2073} INFO - Dependencies all met for dep_context=non-requeueable deps ti=<TaskInstance: flight_pipeline.dbt_staging scheduled__2026-05-27T22:00:00+00:00 [queued]>
[2026-05-27T23:00:00.563+0000] {taskinstance.py:2073} INFO - Dependencies all met for dep_context=requeueable deps ti=<TaskInstance: flight_pipeline.dbt_staging scheduled__2026-05-27T22:00:00+00:00 [queued]>
[2026-05-27T23:00:00.563+0000] {taskinstance.py:2303} INFO - Starting attempt 1 of 2
[2026-05-27T23:00:00.576+0000] {taskinstance.py:2327} INFO - Executing <Task(BashOperator): dbt_staging> on 2026-05-27 22:00:00+00:00
[2026-05-27T23:00:00.584+0000] {standard_task_runner.py:90} INFO - Running: ['airflow', 'tasks', 'run', 'flight_pipeline', 'dbt_staging', 'scheduled__2026-05-27T22:00:00+00:00', '--job-id', '16', '--raw', '--subdir', 'DAGS_FOLDER/flight_pipeline.py', '--cfg-path', '/tmp/tmp8d5b_29f']
[2026-05-27T23:00:00.586+0000] {logging_mixin.py:188} WARNING - /home/airflow/.local/lib/python3.12/site-packages/airflow/task/task_runner/standard_task_runner.py:61 DeprecationWarning: This process (pid=531) is multi-threaded, use of fork() may lead to deadlocks in the child.
[2026-05-27T23:00:00.587+0000] {standard_task_runner.py:91} INFO - Job 16: Subtask dbt_staging
[2026-05-27T23:00:00.587+0000] {standard_task_runner.py:63} INFO - Started process 532 to run task
[2026-05-27T23:00:00.637+0000] {task_command.py:426} INFO - Running <TaskInstance: flight_pipeline.dbt_staging scheduled__2026-05-27T22:00:00+00:00 [running]> on host 9830577f4a13
[2026-05-27T23:00:00.713+0000] {taskinstance.py:2644} INFO - Exporting env vars: AIRFLOW_CTX_DAG_OWNER='flight-pulse' AIRFLOW_CTX_DAG_ID='flight_pipeline' AIRFLOW_CTX_TASK_ID='dbt_staging' AIRFLOW_CTX_EXECUTION_DATE='2026-05-27T22:00:00+00:00' AIRFLOW_CTX_TRY_NUMBER='1' AIRFLOW_CTX_DAG_RUN_ID='scheduled__2026-05-27T22:00:00+00:00'
[2026-05-27T23:00:00.716+0000] {taskinstance.py:430} INFO - ::endgroup::
[2026-05-27T23:00:00.728+0000] {subprocess.py:63} INFO - Tmp dir root location: /tmp
[2026-05-27T23:00:00.730+0000] {subprocess.py:75} INFO - Running command: ['/usr/bin/bash', '-c', 'docker exec dbt dbt run --select staging']
[2026-05-27T23:00:00.742+0000] {subprocess.py:86} INFO - Output:
[2026-05-27T23:00:02.164+0000] {subprocess.py:93} INFO - [0m23:00:02  Running with dbt=1.12.0-b1
[2026-05-27T23:00:02.351+0000] {subprocess.py:93} INFO - [0m23:00:02  Registered adapter: postgres=1.10.0
[2026-05-27T23:00:02.737+0000] {subprocess.py:93} INFO - [0m23:00:02  Found 6 models, 475 macros
[2026-05-27T23:00:02.741+0000] {subprocess.py:93} INFO - [0m23:00:02
[2026-05-27T23:00:02.741+0000] {subprocess.py:93} INFO - [0m23:00:02  Concurrency: 1 threads (target='dev')
[2026-05-27T23:00:02.742+0000] {subprocess.py:93} INFO - [0m23:00:02
[2026-05-27T23:00:02.888+0000] {subprocess.py:93} INFO - [0m23:00:02  1 of 1 START sql view model public.stg_flights ................................. [RUN]
[2026-05-27T23:00:03.009+0000] {subprocess.py:93} INFO - [0m23:00:03  1 of 1 OK created sql view model public.stg_flights ............................ [[32mCREATE VIEW[0m in 0.12s]
[2026-05-27T23:00:03.024+0000] {subprocess.py:93} INFO - [0m23:00:03
[2026-05-27T23:00:03.024+0000] {subprocess.py:93} INFO - [0m23:00:03  Finished running 1 view model in 0 hours 0 minutes and 0.28 seconds (0.28s).
[2026-05-27T23:00:03.081+0000] {subprocess.py:93} INFO - [0m23:00:03
[2026-05-27T23:00:03.081+0000] {subprocess.py:93} INFO - [0m23:00:03  [32mCompleted successfully[0m
[2026-05-27T23:00:03.082+0000] {subprocess.py:93} INFO - [0m23:00:03
[2026-05-27T23:00:03.084+0000] {subprocess.py:93} INFO - [0m23:00:03  Done. PASS=1 WARN=0 ERROR=0 SKIP=0 NO-OP=0 TOTAL=1
[2026-05-27T23:00:03.994+0000] {subprocess.py:97} INFO - Command exited with return code 0
[2026-05-27T23:00:03.995+0000] {taskinstance.py:441} INFO - ::group::Post task execution logs
[2026-05-27T23:00:04.024+0000] {taskinstance.py:1205} INFO - Marking task as SUCCESS. dag_id=flight_pipeline, task_id=dbt_staging, execution_date=20260527T220000, start_date=20260527T230000, end_date=20260527T230004
[2026-05-27T23:00:04.050+0000] {local_task_job_runner.py:240} INFO - Task exited with return code 0
[2026-05-27T23:00:04.083+0000] {taskinstance.py:3482} INFO - 1 downstream tasks scheduled from follow-on schedule check
[2026-05-27T23:00:04.086+0000] {local_task_job_runner.py:222} INFO - ::endgroup::
